Archive member included because of file (symbol)

c:/chibistudio/tools/gnu tools arm embedded/4.9 2015q3/bin/../lib/gcc/arm-none-eabi/4.9.3/../../../../arm-none-eabi/lib/armv7-m\libg.a(lib_a-strcmp.o)
                              C:\Users\srich\AppData\Local\Temp\ccUmz6tE.ltrans5.ltrans.o (strcmp)
c:/chibistudio/tools/gnu tools arm embedded/4.9 2015q3/bin/../lib/gcc/arm-none-eabi/4.9.3/../../../../arm-none-eabi/lib/armv7-m\libg.a(lib_a-strpbrk.o)
                              C:\Users\srich\AppData\Local\Temp\ccUmz6tE.ltrans8.ltrans.o (strpbrk)
c:/chibistudio/tools/gnu tools arm embedded/4.9 2015q3/bin/../lib/gcc/arm-none-eabi/4.9.3/../../../../arm-none-eabi/lib/armv7-m\libg.a(lib_a-strspn.o)
                              C:\Users\srich\AppData\Local\Temp\ccUmz6tE.ltrans8.ltrans.o (strspn)

Discarded input sections

 .data          0x00000000        0x0 build/obj/crt0_v7m.o
 .bss           0x00000000        0x0 build/obj/crt0_v7m.o
 .data          0x00000000        0x0 build/obj/chcoreasm_v7m.o
 .bss           0x00000000        0x0 build/obj/chcoreasm_v7m.o
 .text          0x00000000        0x0 build/obj/crt1.o (symbol from plugin)
 .text          0x00000000        0x0 C:\Users\srich\AppData\Local\Temp\ccUmz6tE.ltrans0.ltrans.o
 .data          0x00000000        0x0 C:\Users\srich\AppData\Local\Temp\ccUmz6tE.ltrans0.ltrans.o
 .bss           0x00000000        0x0 C:\Users\srich\AppData\Local\Temp\ccUmz6tE.ltrans0.ltrans.o
 .text          0x00000000        0x0 C:\Users\srich\AppData\Local\Temp\ccUmz6tE.ltrans1.ltrans.o
 .data          0x00000000        0x0 C:\Users\srich\AppData\Local\Temp\ccUmz6tE.ltrans1.ltrans.o
 .bss           0x00000000        0x0 C:\Users\srich\AppData\Local\Temp\ccUmz6tE.ltrans1.ltrans.o
 .text          0x00000000        0x0 C:\Users\srich\AppData\Local\Temp\ccUmz6tE.ltrans2.ltrans.o
 .data          0x00000000        0x0 C:\Users\srich\AppData\Local\Temp\ccUmz6tE.ltrans2.ltrans.o
 .bss           0x00000000        0x0 C:\Users\srich\AppData\Local\Temp\ccUmz6tE.ltrans2.ltrans.o
 .text          0x00000000        0x0 C:\Users\srich\AppData\Local\Temp\ccUmz6tE.ltrans3.ltrans.o
 .data          0x00000000        0x0 C:\Users\srich\AppData\Local\Temp\ccUmz6tE.ltrans3.ltrans.o
 .bss           0x00000000        0x0 C:\Users\srich\AppData\Local\Temp\ccUmz6tE.ltrans3.ltrans.o
 .text          0x00000000        0x0 C:\Users\srich\AppData\Local\Temp\ccUmz6tE.ltrans4.ltrans.o
 .data          0x00000000        0x0 C:\Users\srich\AppData\Local\Temp\ccUmz6tE.ltrans4.ltrans.o
 .bss           0x00000000        0x0 C:\Users\srich\AppData\Local\Temp\ccUmz6tE.ltrans4.ltrans.o
 .text          0x00000000        0x0 C:\Users\srich\AppData\Local\Temp\ccUmz6tE.ltrans5.ltrans.o
 .data          0x00000000        0x0 C:\Users\srich\AppData\Local\Temp\ccUmz6tE.ltrans5.ltrans.o
 .bss           0x00000000        0x0 C:\Users\srich\AppData\Local\Temp\ccUmz6tE.ltrans5.ltrans.o
 .text          0x00000000        0x0 C:\Users\srich\AppData\Local\Temp\ccUmz6tE.ltrans6.ltrans.o
 .data          0x00000000        0x0 C:\Users\srich\AppData\Local\Temp\ccUmz6tE.ltrans6.ltrans.o
 .bss           0x00000000        0x0 C:\Users\srich\AppData\Local\Temp\ccUmz6tE.ltrans6.ltrans.o
 .text          0x00000000        0x0 C:\Users\srich\AppData\Local\Temp\ccUmz6tE.ltrans7.ltrans.o
 .data          0x00000000        0x0 C:\Users\srich\AppData\Local\Temp\ccUmz6tE.ltrans7.ltrans.o
 .bss           0x00000000        0x0 C:\Users\srich\AppData\Local\Temp\ccUmz6tE.ltrans7.ltrans.o
 .text          0x00000000        0x0 C:\Users\srich\AppData\Local\Temp\ccUmz6tE.ltrans8.ltrans.o
 .data          0x00000000        0x0 C:\Users\srich\AppData\Local\Temp\ccUmz6tE.ltrans8.ltrans.o
 .bss           0x00000000        0x0 C:\Users\srich\AppData\Local\Temp\ccUmz6tE.ltrans8.ltrans.o
 .data          0x00000000        0x0 c:/chibistudio/tools/gnu tools arm embedded/4.9 2015q3/bin/../lib/gcc/arm-none-eabi/4.9.3/../../../../arm-none-eabi/lib/armv7-m\libg.a(lib_a-strcmp.o)
 .bss           0x00000000        0x0 c:/chibistudio/tools/gnu tools arm embedded/4.9 2015q3/bin/../lib/gcc/arm-none-eabi/4.9.3/../../../../arm-none-eabi/lib/armv7-m\libg.a(lib_a-strcmp.o)
 .eh_frame      0x00000000       0x38 c:/chibistudio/tools/gnu tools arm embedded/4.9 2015q3/bin/../lib/gcc/arm-none-eabi/4.9.3/../../../../arm-none-eabi/lib/armv7-m\libg.a(lib_a-strcmp.o)
 .text          0x00000000        0x0 c:/chibistudio/tools/gnu tools arm embedded/4.9 2015q3/bin/../lib/gcc/arm-none-eabi/4.9.3/../../../../arm-none-eabi/lib/armv7-m\libg.a(lib_a-strpbrk.o)
 .data          0x00000000        0x0 c:/chibistudio/tools/gnu tools arm embedded/4.9 2015q3/bin/../lib/gcc/arm-none-eabi/4.9.3/../../../../arm-none-eabi/lib/armv7-m\libg.a(lib_a-strpbrk.o)
 .bss           0x00000000        0x0 c:/chibistudio/tools/gnu tools arm embedded/4.9 2015q3/bin/../lib/gcc/arm-none-eabi/4.9.3/../../../../arm-none-eabi/lib/armv7-m\libg.a(lib_a-strpbrk.o)
[...]
Memory Configuration

Name             Origin             Length             Attributes
flash            0x08000000         0x00020000
ram0             0x20000000         0x00005000
ram1             0x00000000         0x00000000
ram2             0x00000000         0x00000000
ram3             0x00000000         0x00000000
ram4             0x00000000         0x00000000
ram5             0x00000000         0x00000000
ram6             0x00000000         0x00000000
ram7             0x00000000         0x00000000
*default*        0x00000000         0xffffffff

Linker script and memory map

LOAD build/obj/crt0_v7m.o
LOAD build/obj/chcoreasm_v7m.o
LOAD build/obj/crt1.o
LOAD C:\Users\srich\AppData\Local\Temp\ccUmz6tE.ltrans0.ltrans.o
LOAD C:\Users\srich\AppData\Local\Temp\ccUmz6tE.ltrans1.ltrans.o
LOAD C:\Users\srich\AppData\Local\Temp\ccUmz6tE.ltrans2.ltrans.o
LOAD C:\Users\srich\AppData\Local\Temp\ccUmz6tE.ltrans3.ltrans.o
LOAD C:\Users\srich\AppData\Local\Temp\ccUmz6tE.ltrans4.ltrans.o
LOAD C:\Users\srich\AppData\Local\Temp\ccUmz6tE.ltrans5.ltrans.o
LOAD C:\Users\srich\AppData\Local\Temp\ccUmz6tE.ltrans6.ltrans.o
LOAD C:\Users\srich\AppData\Local\Temp\ccUmz6tE.ltrans7.ltrans.o
LOAD C:\Users\srich\AppData\Local\Temp\ccUmz6tE.ltrans8.ltrans.o
LOAD c:/chibistudio/tools/gnu tools arm embedded/4.9 2015q3/bin/../lib/gcc/arm-none-eabi/4.9.3/armv7-m\libgcc.a
LOAD c:/chibistudio/tools/gnu tools arm embedded/4.9 2015q3/bin/../lib/gcc/arm-none-eabi/4.9.3/../../../../arm-none-eabi/lib/armv7-m\libg.a
LOAD c:/chibistudio/tools/gnu tools arm embedded/4.9 2015q3/bin/../lib/gcc/arm-none-eabi/4.9.3/../../../../arm-none-eabi/lib/armv7-m\libc.a
LOAD build/obj/vectors.o
LOAD build/obj/chsys.o
LOAD build/obj/chdebug.o
LOAD build/obj/chvt.o
LOAD build/obj/chschd.o
LOAD build/obj/chthreads.o
LOAD build/obj/chtm.o
LOAD build/obj/chdynamic.o
LOAD build/obj/chregistry.o
LOAD build/obj/chsem.o
LOAD build/obj/chmtx.o
LOAD build/obj/chcond.o
LOAD build/obj/chevents.o
LOAD build/obj/chmsg.o
LOAD build/obj/chmboxes.o
LOAD build/obj/chqueues.o
LOAD build/obj/chmemcore.o
LOAD build/obj/chheap.o
LOAD build/obj/chmempools.o
LOAD build/obj/chcore.o
LOAD build/obj/chcore_v7m.o
LOAD build/obj/osal.o
LOAD build/obj/hal.o
LOAD build/obj/st.o
LOAD build/obj/hal_buffers.o
LOAD build/obj/hal_queues.o
LOAD build/obj/hal_mmcsd.o
LOAD build/obj/adc.o
LOAD build/obj/can.o
LOAD build/obj/pal.o
LOAD build/obj/serial.o
LOAD build/obj/nvic.o
LOAD build/obj/hal_lld.o
LOAD build/obj/stm32_dma.o
LOAD build/obj/st_lld.o
LOAD build/obj/adc_lld.o
LOAD build/obj/can_lld.o
LOAD build/obj/pal_lld.o
LOAD build/obj/serial_lld.o
LOAD build/obj/board.o
LOAD build/obj/test.o
LOAD build/obj/testthd.o
LOAD build/obj/testsem.o
LOAD build/obj/testmtx.o
LOAD build/obj/testmsg.o
LOAD build/obj/testmbox.o
LOAD build/obj/testevt.o
LOAD build/obj/testheap.o
LOAD build/obj/testpools.o
LOAD build/obj/testdyn.o
LOAD build/obj/testqueues.o
LOAD build/obj/testsys.o
LOAD build/obj/testbmk.o
LOAD build/obj/syscalls.o
LOAD build/obj/chprintf.o
LOAD build/obj/shell.o
LOAD build/obj/main.o
LOAD build/obj/console.o
LOAD build/obj/CanComm.o
LOAD build/obj/measure.o
                0x20000000                __ram0_start__ = ORIGIN (ram0)
                0x00005000                __ram0_size__ = 0x5000
                0x20005000                __ram0_end__ = (__ram0_start__ + __ram0_size__)
                0x00000000                __ram1_start__ = ORIGIN (ram1)
                0x00000000                __ram1_size__ = 0x0
                0x00000000                __ram1_end__ = (__ram1_start__ + __ram1_size__)
                0x00000000                __ram2_start__ = ORIGIN (ram2)
                0x00000000                __ram2_size__ = 0x0
                0x00000000                __ram2_end__ = (__ram2_start__ + __ram2_size__)
                0x00000000                __ram3_start__ = ORIGIN (ram3)
                0x00000000                __ram3_size__ = 0x0
                0x00000000                __ram3_end__ = (__ram3_start__ + __ram3_size__)
                0x00000000                __ram4_start__ = ORIGIN (ram4)
                0x00000000                __ram4_size__ = 0x0
                0x00000000                __ram4_end__ = (__ram4_start__ + __ram4_size__)
                0x00000000                __ram5_start__ = ORIGIN (ram5)
                0x00000000                __ram5_size__ = 0x0
                0x00000000                __ram5_end__ = (__ram5_start__ + __ram5_size__)
                0x00000000                __ram6_start__ = ORIGIN (ram6)
                0x00000000                __ram6_size__ = 0x0
                0x00000000                __ram6_end__ = (__ram6_start__ + __ram6_size__)
                0x00000000                __ram7_start__ = ORIGIN (ram7)
                0x00000000                __ram7_size__ = 0x0
                0x00000000                __ram7_end__ = (__ram7_start__ + __ram7_size__)
                0x00000000                . = 0x0
                0x00000000                _text = .

startup         0x08000000      0x160
 *(.vectors)
 .vectors       0x08000000      0x160 C:\Users\srich\AppData\Local\Temp\ccUmz6tE.ltrans2.ltrans.o
                0x08000000                _vectors

constructors    0x08000160        0x0
                0x08000160                __init_array_start = .
 *(SORT(.init_array.*))
 *(.init_array)
                0x08000160                __init_array_end = .

destructors     0x08000160        0x0
                0x08000160                __fini_array_start = .
 *(.fini_array)
 *(SORT(.fini_array.*))
                0x08000160                __fini_array_end = .

.text           0x08000160     0x8060
 *(.text)
 .text          0x08000160       0xc4 build/obj/crt0_v7m.o
                0x08000160                Reset_Handler
 *fill*         0x08000224        0xc 
 .text          0x08000230       0x28 build/obj/chcoreasm_v7m.o
                0x08000230                _port_switch
                0x08000240                _port_thread_start
                0x08000250                _port_switch_from_isr
                0x08000254                _port_exit_from_isr
 *fill*         0x08000258        0x8 
 .text          0x08000260      0x1bc c:/chibistudio/tools/gnu tools arm embedded/4.9 2015q3/bin/../lib/gcc/arm-none-eabi/4.9.3/../../../../arm-none-eabi/lib/armv7-m\libg.a(lib_a-strcmp.o)
                0x08000260                strcmp
 *(.text.*)
 *fill*         0x0800041c        0x4 
 .text.SVC_Handler
                0x08000420       0x14 C:\Users\srich\AppData\Local\Temp\ccUmz6tE.ltrans0.ltrans.o
                0x08000420                SVC_Handler
 *fill*         0x08000434        0xc 
 .text.chCoreAlloc
                0x08000440       0x38 C:\Users\srich\AppData\Local\Temp\ccUmz6tE.ltrans0.ltrans.o
                0x08000440                chCoreAlloc
 *fill*         0x08000478        0x8 
 .text.wakeup.lto_priv.106
                0x08000480       0x70 C:\Users\srich\AppData\Local\Temp\ccUmz6tE.ltrans0.ltrans.o
                0x08000480                wakeup.lto_priv.106
 .text._idle_thread.lto_priv.93
                0x080004f0        0x4 C:\Users\srich\AppData\Local\Temp\ccUmz6tE.ltrans0.ltrans.o
                0x080004f0                _idle_thread.lto_priv.93
 *fill*         0x080004f4        0xc 
 .text.chSchDoRescheduleAhead
                0x08000500       0x3c C:\Users\srich\AppData\Local\Temp\ccUmz6tE.ltrans0.ltrans.o
 *fill*         0x0800053c        0x4 
 .text._port_irq_epilogue
                0x08000540       0x54 C:\Users\srich\AppData\Local\Temp\ccUmz6tE.ltrans0.ltrans.o
                0x08000540                _port_irq_epilogue
 *fill*         0x08000594        0xc 
 .text.chPoolAlloc
                0x080005a0       0x2c C:\Users\srich\AppData\Local\Temp\ccUmz6tE.ltrans0.ltrans.o
                0x080005a0                chPoolAlloc
 *fill*         0x080005cc        0x4 
 .text.chEvtUnregister
                0x080005d0       0x2c C:\Users\srich\AppData\Local\Temp\ccUmz6tE.ltrans0.ltrans.o
                0x080005d0                chEvtUnregister
 *fill*         0x080005fc        0x4 
 .text.chTMStopMeasurementX
                0x08000600       0x44 C:\Users\srich\AppData\Local\Temp\ccUmz6tE.ltrans0.ltrans.o
                0x08000600                chTMStopMeasurementX
 *fill*         0x08000644        0xc 
 .text.chThdYield
                0x08000650       0x58 C:\Users\srich\AppData\Local\Temp\ccUmz6tE.ltrans0.ltrans.o
                0x08000650                chThdYield
 *fill*         0x080006a8        0x8 
 .text.chSchDoReschedule
                0x080006b0        0x4 C:\Users\srich\AppData\Local\Temp\ccUmz6tE.ltrans0.ltrans.o
                0x080006b0                chSchDoReschedule
 *fill*         0x080006b4        0xc 
 .text.chSchRescheduleS
                0x080006c0       0x18 C:\Users\srich\AppData\Local\Temp\ccUmz6tE.ltrans0.ltrans.o
                0x080006c0                chSchRescheduleS
 *fill*         0x080006d8        0x8 
 .text.chThdSetPriority
                0x080006e0       0x30 C:\Users\srich\AppData\Local\Temp\ccUmz6tE.ltrans0.ltrans.o
                0x080006e0                chThdSetPriority
 .text.chSchWakeupS
                0x08000710       0x58 C:\Users\srich\AppData\Local\Temp\ccUmz6tE.ltrans0.ltrans.o
                0x08000710                chSchWakeupS
 *fill*         0x08000768        0x8 
 .text.chSemSignal
                0x08000770       0x34 C:\Users\srich\AppData\Local\Temp\ccUmz6tE.ltrans0.ltrans.o
                0x08000770                chSemSignal
 *fill*         0x080007a4        0xc 
 .text.chThdCreateStatic
                0x080007b0       0x7c C:\Users\srich\AppData\Local\Temp\ccUmz6tE.ltrans0.ltrans.o
                0x080007b0                chThdCreateStatic
 *fill*         0x0800082c        0x4 
 .text.chSchGoSleepS
                0x08000830       0x24 C:\Users\srich\AppData\Local\Temp\ccUmz6tE.ltrans0.ltrans.o
                0x08000830                chSchGoSleepS
 *fill*         0x08000854        0xc 
 .text.chMsgWait
                0x08000860       0x3c C:\Users\srich\AppData\Local\Temp\ccUmz6tE.ltrans0.ltrans.o
                0x08000860                chMsgWait
 *fill*         0x0800089c        0x4 
 .text.chSemWait
                0x080008a0       0x44 C:\Users\srich\AppData\Local\Temp\ccUmz6tE.ltrans0.ltrans.o
                0x080008a0                chSemWait
 *fill*         0x080008e4        0xc 
 .text.chSchReadyI
                0x080008f0       0x2c C:\Users\srich\AppData\Local\Temp\ccUmz6tE.ltrans0.ltrans.o
                0x080008f0                chSchReadyI
 *fill*         0x0800091c        0x4 
 .text.chIQPutI
                0x08000920       0x54 C:\Users\srich\AppData\Local\Temp\ccUmz6tE.ltrans0.ltrans.o
                0x08000920                chIQPutI
 *fill*         0x08000974        0xc 
 .text.chOQGetI
                0x08000980       0x4c C:\Users\srich\AppData\Local\Temp\ccUmz6tE.ltrans0.ltrans.o
                0x08000980                chOQGetI
 *fill*         0x080009cc        0x4 
 .text.chMsgSend
                0x080009d0       0x40 C:\Users\srich\AppData\Local\Temp\ccUmz6tE.ltrans0.ltrans.o
                0x080009d0                chMsgSend
 .text.chEvtSignalI
                0x08000a10       0x2c C:\Users\srich\AppData\Local\Temp\ccUmz6tE.ltrans0.ltrans.o
                0x08000a10                chEvtSignalI
 *fill*         0x08000a3c        0x4 
 .text.chEvtBroadcastFlagsI
                0x08000a40       0x2c C:\Users\srich\AppData\Local\Temp\ccUmz6tE.ltrans0.ltrans.o
                0x08000a40                chEvtBroadcastFlagsI
 *fill*         0x08000a6c        0x4 
 .text.chMtxUnlockAll
                0x08000a70       0x54 C:\Users\srich\AppData\Local\Temp\ccUmz6tE.ltrans0.ltrans.o
                0x08000a70                chMtxUnlockAll
 *fill*         0x08000ac4        0xc 
 .text.chMtxUnlockS
                0x08000ad0       0x50 C:\Users\srich\AppData\Local\Temp\ccUmz6tE.ltrans0.ltrans.o
                0x08000ad0                chMtxUnlockS
 .text.chMtxUnlock
                0x08000b20       0x64 C:\Users\srich\AppData\Local\Temp\ccUmz6tE.ltrans0.ltrans.o
                0x08000b20                chMtxUnlock
 *fill*         0x08000b84        0xc 
 .text.chMtxLockS
                0x08000b90       0xc8 C:\Users\srich\AppData\Local\Temp\ccUmz6tE.ltrans0.ltrans.o
                0x08000b90                chMtxLockS
 *fill*         0x08000c58        0x8 
 .text.chMtxLock
                0x08000c60       0x14 C:\Users\srich\AppData\Local\Temp\ccUmz6tE.ltrans0.ltrans.o
                0x08000c60                chMtxLock
 *fill*         0x08000c74        0xc 
 .text.chHeapStatus
                0x08000c80       0x44 C:\Users\srich\AppData\Local\Temp\ccUmz6tE.ltrans0.ltrans.o
                0x08000c80                chHeapStatus
 *fill*         0x08000cc4        0xc 
 .text.chHeapFree
                0x08000cd0       0x90 C:\Users\srich\AppData\Local\Temp\ccUmz6tE.ltrans0.ltrans.o
                0x08000cd0                chHeapFree
 .text.chThdRelease
                0x08000d60       0x74 C:\Users\srich\AppData\Local\Temp\ccUmz6tE.ltrans0.ltrans.o
                0x08000d60                chThdRelease
 *fill*         0x08000dd4        0xc 
 .text.chRegNextThread
                0x08000de0       0x2c C:\Users\srich\AppData\Local\Temp\ccUmz6tE.ltrans0.ltrans.o
                0x08000de0                chRegNextThread
 *fill*         0x08000e0c        0x4 
 .text.chThdWait
                0x08000e10       0x38 C:\Users\srich\AppData\Local\Temp\ccUmz6tE.ltrans0.ltrans.o
                0x08000e10                chThdWait
 *fill*         0x08000e48        0x8 
 .text.chHeapAlloc
                0x08000e50       0x8c C:\Users\srich\AppData\Local\Temp\ccUmz6tE.ltrans0.ltrans.o
                0x08000e50                chHeapAlloc
 *fill*         0x08000edc        0x4 
 .text.chThdCreateFromHeap
                0x08000ee0       0x8c C:\Users\srich\AppData\Local\Temp\ccUmz6tE.ltrans0.ltrans.o
                0x08000ee0                chThdCreateFromHeap
 *fill*         0x08000f6c        0x4 
 .text.chSemSignalI
                0x08000f70       0x28 C:\Users\srich\AppData\Local\Temp\ccUmz6tE.ltrans0.ltrans.o
                0x08000f70                chSemSignalI
 *fill*         0x08000f98        0x8 
 .text.chSemResetI
                0x08000fa0       0x28 C:\Users\srich\AppData\Local\Temp\ccUmz6tE.ltrans0.ltrans.o
                0x08000fa0                chSemResetI
 *fill*         0x08000fc8        0x8 
 .text.chThdDequeueAllI
                0x08000fd0       0x24 C:\Users\srich\AppData\Local\Temp\ccUmz6tE.ltrans0.ltrans.o
                0x08000fd0                chThdDequeueAllI
 *fill*         0x08000ff4        0xc 
 .text.chThdExitS
                0x08001000       0x40 C:\Users\srich\AppData\Local\Temp\ccUmz6tE.ltrans0.ltrans.o
                0x08001000                chThdExitS
 .text.chThdExit
                0x08001040        0xc C:\Users\srich\AppData\Local\Temp\ccUmz6tE.ltrans0.ltrans.o
                0x08001040                chThdExit
 *fill*         0x0800104c        0x4 
 .text.chVTDoResetI
                0x08001050       0x78 C:\Users\srich\AppData\Local\Temp\ccUmz6tE.ltrans0.ltrans.o
                0x08001050                chVTDoResetI
 *fill*         0x080010c8        0x8 
 .text.chVTDoSetI
                0x080010d0       0x80 C:\Users\srich\AppData\Local\Temp\ccUmz6tE.ltrans0.ltrans.o
                0x080010d0                chVTDoSetI
 .text.chSchGoSleepTimeoutS
                0x08001150       0x48 C:\Users\srich\AppData\Local\Temp\ccUmz6tE.ltrans0.ltrans.o
                0x08001150                chSchGoSleepTimeoutS
 *fill*         0x08001198        0x8 
 .text.chSemWaitTimeoutS
                0x080011a0       0x40 C:\Users\srich\AppData\Local\Temp\ccUmz6tE.ltrans0.ltrans.o
                0x080011a0                chSemWaitTimeoutS
 .text.chThdEnqueueTimeoutS
                0x080011e0       0x28 C:\Users\srich\AppData\Local\Temp\ccUmz6tE.ltrans0.ltrans.o
 *fill*         0x08001208        0x8 
 .text.chOQWriteTimeout
                0x08001210       0x80 C:\Users\srich\AppData\Local\Temp\ccUmz6tE.ltrans0.ltrans.o
                0x08001210                chOQWriteTimeout
 .text.chOQPutTimeout
                0x08001290       0x54 C:\Users\srich\AppData\Local\Temp\ccUmz6tE.ltrans0.ltrans.o
                0x08001290                chOQPutTimeout
 *fill*         0x080012e4        0xc 
 .text.chIQReadTimeout
                0x080012f0       0x78 C:\Users\srich\AppData\Local\Temp\ccUmz6tE.ltrans0.ltrans.o
                0x080012f0                chIQReadTimeout
 *fill*         0x08001368        0x8 
 .text.chIQGetTimeout
                0x08001370       0x50 C:\Users\srich\AppData\Local\Temp\ccUmz6tE.ltrans0.ltrans.o
                0x08001370                chIQGetTimeout
 .text.chThdSleepUntil
                0x080013c0       0x24 C:\Users\srich\AppData\Local\Temp\ccUmz6tE.ltrans0.ltrans.o
                0x080013c0                chThdSleepUntil
 *fill*         0x080013e4        0xc 
 .text.chThdSleep
                0x080013f0       0x18 C:\Users\srich\AppData\Local\Temp\ccUmz6tE.ltrans0.ltrans.o
                0x080013f0                chThdSleep
 *fill*         0x08001408        0x8 
 .text.chSysRestoreStatusX.part.3.lto_priv.99
                0x08001410       0x20 C:\Users\srich\AppData\Local\Temp\ccUmz6tE.ltrans0.ltrans.o
                0x08001410                chSysRestoreStatusX.part.3.lto_priv.99
 .text.chSysGetStatusAndLockX.part.2.lto_priv.100
                0x08001430       0x1c C:\Users\srich\AppData\Local\Temp\ccUmz6tE.ltrans0.ltrans.o
                0x08001430                chSysGetStatusAndLockX.part.2.lto_priv.100
 *fill*         0x0800144c        0x4 
 .text.chSysIntegrityCheckI
                0x08001450       0xb4 C:\Users\srich\AppData\Local\Temp\ccUmz6tE.ltrans0.ltrans.o
                0x08001450                chSysIntegrityCheckI
 *fill*         0x08001504        0xc 
 .text._unhandled_exception
                0x08001510        0x4 C:\Users\srich\AppData\Local\Temp\ccUmz6tE.ltrans0.ltrans.o
                0x08001510                Vector58
                0x08001510                VectorE8
                0x08001510                Vector9C
                0x08001510                VectorAC
                0x08001510                DebugMon_Handler
                0x08001510                Vector5C
                0x08001510                Vector11C
                0x08001510                HardFault_Handler
                0x08001510                SysTick_Handler
                0x08001510                VectorDC
                0x08001510                PendSV_Handler
                0x08001510                NMI_Handler
                0x08001510                Vector110
                0x08001510                Vector120
                0x08001510                VectorC8
                0x08001510                VectorA8
                0x08001510                VectorB4
                0x08001510                UsageFault_Handler
                0x08001510                VectorEC
                0x08001510                Vector40
                0x08001510                VectorF8
                0x08001510                Vector108
                0x08001510                VectorBC
                0x08001510                Vector150
                0x08001510                Vector124
                0x08001510                Vector148
                0x08001510                Vector118
                0x08001510                Vector64
                0x08001510                VectorCC
                0x08001510                Vector54
                0x08001510                VectorD8
                0x08001510                Vector138
                0x08001510                Vector24
                0x08001510                VectorD0
                0x08001510                Vector140
                0x08001510                VectorE4
                0x08001510                VectorC0
                0x08001510                Vector158
                0x08001510                Vector130
                0x08001510                Vector134
                0x08001510                VectorF0
                0x08001510                Vector12C
                0x08001510                Vector13C
                0x08001510                Vector100
                0x08001510                VectorE0
                0x08001510                VectorF4
                0x08001510                MemManage_Handler
                0x08001510                VectorA0
                0x08001510                VectorC4
                0x08001510                Vector114
                0x08001510                Vector60
                0x08001510                Vector1C
                0x08001510                Vector48
                0x08001510                Vector4C
                0x08001510                Vector144
                0x08001510                Vector15C
                0x08001510                Vector68
                0x08001510                Vector88
                0x08001510                Vector104
                0x08001510                Vector10C
                0x08001510                Vector14C
                0x08001510                BusFault_Handler
                0x08001510                Vector50
                0x08001510                Vector154
                0x08001510                Vector44
                0x08001510                Vector28
                0x08001510                VectorB8
                0x08001510                VectorFC
                0x08001510                Vector34
                0x08001510                Vector128
                0x08001510                VectorA4
                0x08001510                Vector20
 *fill*         0x08001514        0xc 
 .text.__init_ram_areas
                0x08001520       0x4c C:\Users\srich\AppData\Local\Temp\ccUmz6tE.ltrans0.ltrans.o
                0x08001520                __init_ram_areas
 *fill*         0x0800156c        0x4 
 .text.__default_exit
                0x08001570        0x4 C:\Users\srich\AppData\Local\Temp\ccUmz6tE.ltrans0.ltrans.o
                0x08001570                __default_exit
 *fill*         0x08001574        0xc 
 .text.__late_init
                0x08001580        0x4 C:\Users\srich\AppData\Local\Temp\ccUmz6tE.ltrans0.ltrans.o
                0x08001580                __late_init
 *fill*         0x08001584        0xc 
 .text.__core_init
                0x08001590        0x4 C:\Users\srich\AppData\Local\Temp\ccUmz6tE.ltrans0.ltrans.o
                0x08001590                __core_init
 *fill*         0x08001594        0xc 
 .text.mtx5_setup.lto_priv.130
                0x080015a0       0x10 C:\Users\srich\AppData\Local\Temp\ccUmz6tE.ltrans1.ltrans.o
                0x080015a0                mtx5_setup.lto_priv.130
 .text.mtx4_setup.lto_priv.128
                0x080015b0       0x1c C:\Users\srich\AppData\Local\Temp\ccUmz6tE.ltrans1.ltrans.o
                0x080015b0                mtx4_setup.lto_priv.128
 *fill*         0x080015cc        0x4 
 .text.mtx1_setup.lto_priv.126
                0x080015d0       0x10 C:\Users\srich\AppData\Local\Temp\ccUmz6tE.ltrans1.ltrans.o
                0x080015d0                mtx1_setup.lto_priv.126
 .text.sem3_setup.lto_priv.123
                0x080015e0       0x10 C:\Users\srich\AppData\Local\Temp\ccUmz6tE.ltrans1.ltrans.o
                0x080015e0                sem3_setup.lto_priv.123
 .text.sem2_setup.lto_priv.121
                0x080015f0       0x10 C:\Users\srich\AppData\Local\Temp\ccUmz6tE.ltrans1.ltrans.o
                0x080015f0                sem2_setup.lto_priv.121
 .text.sem1_setup.lto_priv.119
                0x08001600       0x10 C:\Users\srich\AppData\Local\Temp\ccUmz6tE.ltrans1.ltrans.o
                0x08001600                sem1_setup.lto_priv.119
 .text.mtx4_execute.lto_priv.129
                0x08001610      0x248 C:\Users\srich\AppData\Local\Temp\ccUmz6tE.ltrans1.ltrans.o
                0x08001610                mtx4_execute.lto_priv.129
 *fill*         0x08001858        0x8 
 .text.thread4a
                0x08001860       0x20 C:\Users\srich\AppData\Local\Temp\ccUmz6tE.ltrans1.ltrans.o
 .text.thread4b
                0x08001880       0x20 C:\Users\srich\AppData\Local\Temp\ccUmz6tE.ltrans1.ltrans.o
 .text.mtx1_execute.lto_priv.127
                0x080018a0       0xe4 C:\Users\srich\AppData\Local\Temp\ccUmz6tE.ltrans1.ltrans.o
                0x080018a0                mtx1_execute.lto_priv.127
 *fill*         0x08001984        0xc 
 .text.thd1_execute.lto_priv.115
                0x08001990       0xc8 C:\Users\srich\AppData\Local\Temp\ccUmz6tE.ltrans1.ltrans.o
                0x08001990                thd1_execute.lto_priv.115
 *fill*         0x08001a58        0x8 
 .text.thread1.lto_priv.110
                0x08001a60       0x20 C:\Users\srich\AppData\Local\Temp\ccUmz6tE.ltrans1.ltrans.o
 .text.thread   0x08001a80        0x8 C:\Users\srich\AppData\Local\Temp\ccUmz6tE.ltrans1.ltrans.o
 *fill*         0x08001a88        0x8 
 .text.thread1.lto_priv.109
                0x08001a90       0x18 C:\Users\srich\AppData\Local\Temp\ccUmz6tE.ltrans1.ltrans.o
 *fill*         0x08001aa8        0x8 
 .text.thread4  0x08001ab0       0x2c C:\Users\srich\AppData\Local\Temp\ccUmz6tE.ltrans1.ltrans.o
 *fill*         0x08001adc        0x4 
 .text.thread2  0x08001ae0       0x24 C:\Users\srich\AppData\Local\Temp\ccUmz6tE.ltrans1.ltrans.o
 *fill*         0x08001b04        0xc 
 .text.sem4_execute.lto_priv.125
                0x08001b10      0x158 C:\Users\srich\AppData\Local\Temp\ccUmz6tE.ltrans1.ltrans.o
                0x08001b10                sem4_execute.lto_priv.125
 *fill*         0x08001c68        0x8 
 .text.sem3_execute.lto_priv.124
                0x08001c70       0x90 C:\Users\srich\AppData\Local\Temp\ccUmz6tE.ltrans1.ltrans.o
                0x08001c70                sem3_execute.lto_priv.124
 .text.thread3  0x08001d00       0x18 C:\Users\srich\AppData\Local\Temp\ccUmz6tE.ltrans1.ltrans.o
 *fill*         0x08001d18        0x8 
 .text.sem2_execute.lto_priv.122
                0x08001d20      0x178 C:\Users\srich\AppData\Local\Temp\ccUmz6tE.ltrans1.ltrans.o
                0x08001d20                sem2_execute.lto_priv.122
 *fill*         0x08001e98        0x8 
 .text.sem1_execute.lto_priv.120
                0x08001ea0      0x16c C:\Users\srich\AppData\Local\Temp\ccUmz6tE.ltrans1.ltrans.o
                0x08001ea0                sem1_execute.lto_priv.120
 *fill*         0x0800200c        0x4 
 .text.thd2_execute.lto_priv.116
                0x08002010      0x150 C:\Users\srich\AppData\Local\Temp\ccUmz6tE.ltrans1.ltrans.o
                0x08002010                thd2_execute.lto_priv.116
 .text.thd4_execute.lto_priv.118
                0x08002160       0xb4 C:\Users\srich\AppData\Local\Temp\ccUmz6tE.ltrans1.ltrans.o
                0x08002160                thd4_execute.lto_priv.118
 *fill*         0x08002214        0xc 
 .text.thd3_execute.lto_priv.117
                0x08002220      0x12c C:\Users\srich\AppData\Local\Temp\ccUmz6tE.ltrans1.ltrans.o
                0x08002220                thd3_execute.lto_priv.117
 *fill*         0x0800234c        0x4 
 .text.print_line
                0x08002350       0x30 C:\Users\srich\AppData\Local\Temp\ccUmz6tE.ltrans2.ltrans.o
 .text.tmr.lto_priv.82
                0x08002380        0xc C:\Users\srich\AppData\Local\Temp\ccUmz6tE.ltrans2.ltrans.o
                0x08002380                tmr.lto_priv.82
 *fill*         0x0800238c        0x4 
 .text.notify1.lto_priv.81
                0x08002390       0x10 C:\Users\srich\AppData\Local\Temp\ccUmz6tE.ltrans2.ltrans.o
                0x08002390                notify1.lto_priv.81
 .text.VectorB0
                0x080023a0       0xa0 C:\Users\srich\AppData\Local\Temp\ccUmz6tE.ltrans2.ltrans.o
 .text.Vector84
                0x08002440       0x30 C:\Users\srich\AppData\Local\Temp\ccUmz6tE.ltrans2.ltrans.o
 .text.Vector80
                0x08002470       0x30 C:\Users\srich\AppData\Local\Temp\ccUmz6tE.ltrans2.ltrans.o
 .text.Vector7C
                0x080024a0       0x30 C:\Users\srich\AppData\Local\Temp\ccUmz6tE.ltrans2.ltrans.o
 .text.Vector78
                0x080024d0       0x30 C:\Users\srich\AppData\Local\Temp\ccUmz6tE.ltrans2.ltrans.o
 .text.Vector74
                0x08002500       0x30 C:\Users\srich\AppData\Local\Temp\ccUmz6tE.ltrans2.ltrans.o
 .text.Vector70
                0x08002530       0x30 C:\Users\srich\AppData\Local\Temp\ccUmz6tE.ltrans2.ltrans.o
 .text.Vector6C
                0x08002560       0x28 C:\Users\srich\AppData\Local\Temp\ccUmz6tE.ltrans2.ltrans.o
 *fill*         0x08002588        0x8 
 .text.Vector98
                0x08002590       0x60 C:\Users\srich\AppData\Local\Temp\ccUmz6tE.ltrans2.ltrans.o
 .text.VectorD4
                0x080025f0      0x144 C:\Users\srich\AppData\Local\Temp\ccUmz6tE.ltrans2.ltrans.o
 *fill*         0x08002734        0xc 
 .text.Vector94
                0x08002740       0x64 C:\Users\srich\AppData\Local\Temp\ccUmz6tE.ltrans2.ltrans.o
 *fill*         0x080027a4        0xc 
 .text.Vector90
                0x080027b0       0x64 C:\Users\srich\AppData\Local\Temp\ccUmz6tE.ltrans2.ltrans.o
 *fill*         0x08002814        0xc 
 .text.Vector8C
                0x08002820       0x70 C:\Users\srich\AppData\Local\Temp\ccUmz6tE.ltrans2.ltrans.o
 .text.adc_lld_serve_rx_interrupt.lto_priv.92
                0x08002890      0x10c C:\Users\srich\AppData\Local\Temp\ccUmz6tE.ltrans2.ltrans.o
                0x08002890                adc_lld_serve_rx_interrupt.lto_priv.92
 *fill*         0x0800299c        0x4 
 .text.readt.lto_priv.90
                0x080029a0        0x8 C:\Users\srich\AppData\Local\Temp\ccUmz6tE.ltrans2.ltrans.o
                0x080029a0                readt.lto_priv.90
 *fill*         0x080029a8        0x8 
 .text.read.lto_priv.84
                0x080029b0        0xc C:\Users\srich\AppData\Local\Temp\ccUmz6tE.ltrans2.ltrans.o
                0x080029b0                read.lto_priv.84
 *fill*         0x080029bc        0x4 
 .text.writet.lto_priv.89
                0x080029c0        0x8 C:\Users\srich\AppData\Local\Temp\ccUmz6tE.ltrans2.ltrans.o
                0x080029c0                writet.lto_priv.89
 *fill*         0x080029c8        0x8 
 .text.write.lto_priv.83
                0x080029d0        0xc C:\Users\srich\AppData\Local\Temp\ccUmz6tE.ltrans2.ltrans.o
                0x080029d0                write.lto_priv.83
 *fill*         0x080029dc        0x4 
 .text.gett.lto_priv.88
                0x080029e0        0x8 C:\Users\srich\AppData\Local\Temp\ccUmz6tE.ltrans2.ltrans.o
                0x080029e0                gett.lto_priv.88
 *fill*         0x080029e8        0x8 
 .text.get.lto_priv.86
                0x080029f0        0xc C:\Users\srich\AppData\Local\Temp\ccUmz6tE.ltrans2.ltrans.o
                0x080029f0                get.lto_priv.86
 *fill*         0x080029fc        0x4 
 .text.putt.lto_priv.87
                0x08002a00        0x8 C:\Users\srich\AppData\Local\Temp\ccUmz6tE.ltrans2.ltrans.o
                0x08002a00                putt.lto_priv.87
 *fill*         0x08002a08        0x8 
 .text.put.lto_priv.85
                0x08002a10        0xc C:\Users\srich\AppData\Local\Temp\ccUmz6tE.ltrans2.ltrans.o
                0x08002a10                put.lto_priv.85
 *fill*         0x08002a1c        0x4 
 .text.test_wait_tick
                0x08002a20       0x20 C:\Users\srich\AppData\Local\Temp\ccUmz6tE.ltrans2.ltrans.o
                0x08002a20                test_wait_tick
 .text.test_wait_threads
                0x08002a40       0x24 C:\Users\srich\AppData\Local\Temp\ccUmz6tE.ltrans2.ltrans.o
                0x08002a40                test_wait_threads
 *fill*         0x08002a64        0xc 
 .text.test_terminate_threads
                0x08002a70       0x30 C:\Users\srich\AppData\Local\Temp\ccUmz6tE.ltrans2.ltrans.o
                0x08002a70                test_terminate_threads
 .text._test_assert_time_window
                0x08002aa0       0x44 C:\Users\srich\AppData\Local\Temp\ccUmz6tE.ltrans2.ltrans.o
                0x08002aa0                _test_assert_time_window
 *fill*         0x08002ae4        0xc 
 .text._test_assert_sequence
                0x08002af0       0x50 C:\Users\srich\AppData\Local\Temp\ccUmz6tE.ltrans2.ltrans.o
                0x08002af0                _test_assert_sequence
 .text._test_assert
                0x08002b40       0x2c C:\Users\srich\AppData\Local\Temp\ccUmz6tE.ltrans2.ltrans.o
                0x08002b40                _test_assert
 *fill*         0x08002b6c        0x4 
 .text.test_emit_token
                0x08002b70       0x24 C:\Users\srich\AppData\Local\Temp\ccUmz6tE.ltrans2.ltrans.o
                0x08002b70                test_emit_token
 *fill*         0x08002b94        0xc 
 .text.test_println
                0x08002ba0       0x34 C:\Users\srich\AppData\Local\Temp\ccUmz6tE.ltrans2.ltrans.o
                0x08002ba0                test_println
 *fill*         0x08002bd4        0xc 
 .text.test_print
                0x08002be0       0x20 C:\Users\srich\AppData\Local\Temp\ccUmz6tE.ltrans2.ltrans.o
                0x08002be0                test_print
 .text.test_printn
                0x08002c00       0x5c C:\Users\srich\AppData\Local\Temp\ccUmz6tE.ltrans2.ltrans.o
                0x08002c00                test_printn
 *fill*         0x08002c5c        0x4 
 .text.TestThread
                0x08002c60      0x31c C:\Users\srich\AppData\Local\Temp\ccUmz6tE.ltrans2.ltrans.o
                0x08002c60                TestThread
 *fill*         0x08002f7c        0x4 
 .text.__early_init
                0x08002f80       0x8c C:\Users\srich\AppData\Local\Temp\ccUmz6tE.ltrans2.ltrans.o
                0x08002f80                __early_init
 *fill*         0x0800300c        0x4 
 .text.mbox1_setup.lto_priv.139
                0x08003010       0x38 C:\Users\srich\AppData\Local\Temp\ccUmz6tE.ltrans3.ltrans.o
                0x08003010                mbox1_setup.lto_priv.139
 *fill*         0x08003048        0x8 
 .text.mtx8_setup.lto_priv.136
                0x08003050       0x28 C:\Users\srich\AppData\Local\Temp\ccUmz6tE.ltrans3.ltrans.o
                0x08003050                mtx8_setup.lto_priv.136
 *fill*         0x08003078        0x8 
 .text.mtx7_setup.lto_priv.134
                0x08003080       0x1c C:\Users\srich\AppData\Local\Temp\ccUmz6tE.ltrans3.ltrans.o
                0x08003080                mtx7_setup.lto_priv.134
 *fill*         0x0800309c        0x4 
 .text.mtx6_setup.lto_priv.132
                0x080030a0       0x1c C:\Users\srich\AppData\Local\Temp\ccUmz6tE.ltrans3.ltrans.o
                0x080030a0                mtx6_setup.lto_priv.132
 *fill*         0x080030bc        0x4 
 .text.mbox1_execute.lto_priv.140
                0x080030c0      0x5c8 C:\Users\srich\AppData\Local\Temp\ccUmz6tE.ltrans3.ltrans.o
                0x080030c0                mbox1_execute.lto_priv.140
 *fill*         0x08003688        0x8 
 .text.thread   0x08003690       0x20 C:\Users\srich\AppData\Local\Temp\ccUmz6tE.ltrans3.ltrans.o
 .text.msg1_execute.lto_priv.138
                0x080036b0       0x94 C:\Users\srich\AppData\Local\Temp\ccUmz6tE.ltrans3.ltrans.o
                0x080036b0                msg1_execute.lto_priv.138
 *fill*         0x08003744        0xc 
 .text.mtx8_execute.lto_priv.137
                0x08003750       0x90 C:\Users\srich\AppData\Local\Temp\ccUmz6tE.ltrans3.ltrans.o
                0x08003750                mtx8_execute.lto_priv.137
 .text.thread12
                0x080037e0       0x20 C:\Users\srich\AppData\Local\Temp\ccUmz6tE.ltrans3.ltrans.o
 .text.thread11
                0x08003800       0x88 C:\Users\srich\AppData\Local\Temp\ccUmz6tE.ltrans3.ltrans.o
 *fill*         0x08003888        0x8 
 .text.thread10
                0x08003890       0x6c C:\Users\srich\AppData\Local\Temp\ccUmz6tE.ltrans3.ltrans.o
 *fill*         0x080038fc        0x4 
 .text.mtx7_execute.lto_priv.135
                0x08003900       0xf0 C:\Users\srich\AppData\Local\Temp\ccUmz6tE.ltrans3.ltrans.o
                0x08003900                mtx7_execute.lto_priv.135
 .text.mtx6_execute.lto_priv.133
                0x080039f0       0xdc C:\Users\srich\AppData\Local\Temp\ccUmz6tE.ltrans3.ltrans.o
                0x080039f0                mtx6_execute.lto_priv.133
 *fill*         0x08003acc        0x4 
 .text.mtx5_execute.lto_priv.131
                0x08003ad0       0xfc C:\Users\srich\AppData\Local\Temp\ccUmz6tE.ltrans3.ltrans.o
                0x08003ad0                mtx5_execute.lto_priv.131
 *fill*         0x08003bcc        0x4 
 .text.bmk12_setup.lto_priv.174
                0x08003bd0       0x10 C:\Users\srich\AppData\Local\Temp\ccUmz6tE.ltrans4.ltrans.o
                0x08003bd0                bmk12_setup.lto_priv.174
 .text.bmk11_setup.lto_priv.172
                0x08003be0       0x10 C:\Users\srich\AppData\Local\Temp\ccUmz6tE.ltrans4.ltrans.o
                0x08003be0                bmk11_setup.lto_priv.172
 .text.tmo      0x08003bf0        0x4 C:\Users\srich\AppData\Local\Temp\ccUmz6tE.ltrans4.ltrans.o
 *fill*         0x08003bf4        0xc 
 .text.bmk7_setup.lto_priv.167
                0x08003c00       0x10 C:\Users\srich\AppData\Local\Temp\ccUmz6tE.ltrans4.ltrans.o
                0x08003c00                bmk7_setup.lto_priv.167
 .text.sys2_execute.lto_priv.113
                0x08003c10       0x1c C:\Users\srich\AppData\Local\Temp\ccUmz6tE.ltrans4.ltrans.o
                0x08003c10                sys2_execute.lto_priv.113
 *fill*         0x08003c2c        0x4 
 .text.bmk13_execute.lto_priv.176
                0x08003c30       0xec C:\Users\srich\AppData\Local\Temp\ccUmz6tE.ltrans4.ltrans.o
                0x08003c30                bmk13_execute.lto_priv.176
 *fill*         0x08003d1c        0x4 
 .text.bmk12_execute.lto_priv.175
                0x08003d20       0x6c C:\Users\srich\AppData\Local\Temp\ccUmz6tE.ltrans4.ltrans.o
                0x08003d20                bmk12_execute.lto_priv.175
 *fill*         0x08003d8c        0x4 
 .text.bmk11_execute.lto_priv.173
                0x08003d90       0x6c C:\Users\srich\AppData\Local\Temp\ccUmz6tE.ltrans4.ltrans.o
                0x08003d90                bmk11_execute.lto_priv.173
 *fill*         0x08003dfc        0x4 
 .text.thread3  0x08003e00       0x24 C:\Users\srich\AppData\Local\Temp\ccUmz6tE.ltrans4.ltrans.o
 *fill*         0x08003e24        0xc 
 .text.bmk10_execute.lto_priv.171
                0x08003e30       0x78 C:\Users\srich\AppData\Local\Temp\ccUmz6tE.ltrans4.ltrans.o
                0x08003e30                bmk10_execute.lto_priv.171
 *fill*         0x08003ea8        0x8 
 .text.bmk9_execute.lto_priv.170
                0x08003eb0       0xb0 C:\Users\srich\AppData\Local\Temp\ccUmz6tE.ltrans4.ltrans.o
                0x08003eb0                bmk9_execute.lto_priv.170
 .text.bmk8_execute.lto_priv.169
                0x08003f60       0xdc C:\Users\srich\AppData\Local\Temp\ccUmz6tE.ltrans4.ltrans.o
                0x08003f60                bmk8_execute.lto_priv.169
 *fill*         0x0800403c        0x4 
 .text.bmk6_execute.lto_priv.166
                0x08004040       0x64 C:\Users\srich\AppData\Local\Temp\ccUmz6tE.ltrans4.ltrans.o
                0x08004040                bmk6_execute.lto_priv.166
 *fill*         0x080040a4        0xc 
 .text.thread8  0x080040b0       0x2c C:\Users\srich\AppData\Local\Temp\ccUmz6tE.ltrans4.ltrans.o
 *fill*         0x080040dc        0x4 
 .text.bmk7_execute.lto_priv.168
                0x080040e0      0x124 C:\Users\srich\AppData\Local\Temp\ccUmz6tE.ltrans4.ltrans.o
                0x080040e0                bmk7_execute.lto_priv.168
 *fill*         0x08004204        0xc 
 .text.bmk5_execute.lto_priv.165
                0x08004210       0x68 C:\Users\srich\AppData\Local\Temp\ccUmz6tE.ltrans4.ltrans.o
                0x08004210                bmk5_execute.lto_priv.165
 *fill*         0x08004278        0x8 
 .text.bmk4_execute.lto_priv.164
                0x08004280       0xb8 C:\Users\srich\AppData\Local\Temp\ccUmz6tE.ltrans4.ltrans.o
                0x08004280                bmk4_execute.lto_priv.164
 *fill*         0x08004338        0x8 
 .text.thread4  0x08004340       0x24 C:\Users\srich\AppData\Local\Temp\ccUmz6tE.ltrans4.ltrans.o
 *fill*         0x08004364        0xc 
 .text.thread2  0x08004370       0x20 C:\Users\srich\AppData\Local\Temp\ccUmz6tE.ltrans4.ltrans.o
 .text.msg_loop_test
                0x08004390       0x30 C:\Users\srich\AppData\Local\Temp\ccUmz6tE.ltrans4.ltrans.o
 .text.bmk3_execute.lto_priv.163
                0x080043c0       0xd8 C:\Users\srich\AppData\Local\Temp\ccUmz6tE.ltrans4.ltrans.o
                0x080043c0                bmk3_execute.lto_priv.163
 *fill*         0x08004498        0x8 
 .text.bmk2_execute.lto_priv.162
                0x080044a0       0x6c C:\Users\srich\AppData\Local\Temp\ccUmz6tE.ltrans4.ltrans.o
                0x080044a0                bmk2_execute.lto_priv.162
 *fill*         0x0800450c        0x4 
 .text.bmk1_execute.lto_priv.161
                0x08004510       0x6c C:\Users\srich\AppData\Local\Temp\ccUmz6tE.ltrans4.ltrans.o
                0x08004510                bmk1_execute.lto_priv.161
 *fill*         0x0800457c        0x4 
 .text.sys3_execute.lto_priv.114
                0x08004580       0x84 C:\Users\srich\AppData\Local\Temp\ccUmz6tE.ltrans4.ltrans.o
                0x08004580                sys3_execute.lto_priv.114
 *fill*         0x08004604        0xc 
 .text.sys1_execute.lto_priv.112
                0x08004610       0xb4 C:\Users\srich\AppData\Local\Temp\ccUmz6tE.ltrans4.ltrans.o
                0x08004610                sys1_execute.lto_priv.112
 *fill*         0x080046c4        0xc 
 .text.vtcb     0x080046d0       0x28 C:\Users\srich\AppData\Local\Temp\ccUmz6tE.ltrans4.ltrans.o
 *fill*         0x080046f8        0x8 
 .text.chprintf
                0x08004700      0x314 C:\Users\srich\AppData\Local\Temp\ccUmz6tE.ltrans4.ltrans.o
                0x08004700                chprintf
 *fill*         0x08004a14        0xc 
 .text.thread1  0x08004a20        0x4 C:\Users\srich\AppData\Local\Temp\ccUmz6tE.ltrans4.ltrans.o
 *fill*         0x08004a24        0xc 
 .text.cmd_systime
                0x08004a30       0x34 C:\Users\srich\AppData\Local\Temp\ccUmz6tE.ltrans5.ltrans.o
 *fill*         0x08004a64        0xc 
 .text.cmd_info
                0x08004a70       0xbc C:\Users\srich\AppData\Local\Temp\ccUmz6tE.ltrans5.ltrans.o
 *fill*         0x08004b2c        0x4 
 .text.shell_thread
                0x08004b30      0x230 C:\Users\srich\AppData\Local\Temp\ccUmz6tE.ltrans5.ltrans.o
 .text.startup.main
                0x08004d60      0x620 C:\Users\srich\AppData\Local\Temp\ccUmz6tE.ltrans5.ltrans.o
                0x08004d60                main
 .text.notify   0x08005380        0x4 C:\Users\srich\AppData\Local\Temp\ccUmz6tE.ltrans6.ltrans.o
 *fill*         0x08005384        0xc 
 .text.queues2_setup.lto_priv.159
                0x08005390       0x30 C:\Users\srich\AppData\Local\Temp\ccUmz6tE.ltrans6.ltrans.o
                0x08005390                queues2_setup.lto_priv.159
 .text.queues1_setup.lto_priv.157
                0x080053c0       0x30 C:\Users\srich\AppData\Local\Temp\ccUmz6tE.ltrans6.ltrans.o
                0x080053c0                queues1_setup.lto_priv.157
 .text.dyn3_setup.lto_priv.155
                0x080053f0       0x30 C:\Users\srich\AppData\Local\Temp\ccUmz6tE.ltrans6.ltrans.o
                0x080053f0                dyn3_setup.lto_priv.155
 .text.dyn2_setup.lto_priv.153
                0x08005420       0x14 C:\Users\srich\AppData\Local\Temp\ccUmz6tE.ltrans6.ltrans.o
                0x08005420                dyn2_setup.lto_priv.153
 *fill*         0x08005434        0xc 
 .text.dyn1_setup.lto_priv.151
                0x08005440       0x30 C:\Users\srich\AppData\Local\Temp\ccUmz6tE.ltrans6.ltrans.o
                0x08005440                dyn1_setup.lto_priv.151
 .text.thread2  0x08005470       0x10 C:\Users\srich\AppData\Local\Temp\ccUmz6tE.ltrans6.ltrans.o
 .text.thread.lto_priv.80
                0x08005480        0x8 C:\Users\srich\AppData\Local\Temp\ccUmz6tE.ltrans6.ltrans.o
                0x08005480                thread.lto_priv.80
 *fill*         0x08005488        0x8 
 .text.queues2_execute.lto_priv.160
                0x08005490      0x244 C:\Users\srich\AppData\Local\Temp\ccUmz6tE.ltrans6.ltrans.o
                0x08005490                queues2_execute.lto_priv.160
 *fill*         0x080056d4        0xc 
 .text.thread1  0x080056e0       0x10 C:\Users\srich\AppData\Local\Temp\ccUmz6tE.ltrans6.ltrans.o
 .text.queues1_execute.lto_priv.158
                0x080056f0      0x268 C:\Users\srich\AppData\Local\Temp\ccUmz6tE.ltrans6.ltrans.o
                0x080056f0                queues1_execute.lto_priv.158
 *fill*         0x08005958        0x8 
 .text.regfind  0x08005960       0x38 C:\Users\srich\AppData\Local\Temp\ccUmz6tE.ltrans6.ltrans.o
 *fill*         0x08005998        0x8 
 .text.dyn3_execute.lto_priv.156
                0x080059a0      0x13c C:\Users\srich\AppData\Local\Temp\ccUmz6tE.ltrans6.ltrans.o
                0x080059a0                dyn3_execute.lto_priv.156
 *fill*         0x08005adc        0x4 
 .text.pools1_execute.lto_priv.150
                0x08005ae0       0xd0 C:\Users\srich\AppData\Local\Temp\ccUmz6tE.ltrans6.ltrans.o
                0x08005ae0                pools1_execute.lto_priv.150
 .text.dyn2_execute.lto_priv.154
                0x08005bb0       0xe8 C:\Users\srich\AppData\Local\Temp\ccUmz6tE.ltrans6.ltrans.o
                0x08005bb0                dyn2_execute.lto_priv.154
 *fill*         0x08005c98        0x8 
 .text.dyn1_execute.lto_priv.152
                0x08005ca0       0xf4 C:\Users\srich\AppData\Local\Temp\ccUmz6tE.ltrans6.ltrans.o
                0x08005ca0                dyn1_execute.lto_priv.152
 *fill*         0x08005d94        0xc 
 .text.pools1_setup.lto_priv.149
                0x08005da0       0x14 C:\Users\srich\AppData\Local\Temp\ccUmz6tE.ltrans7.ltrans.o
                0x08005da0                pools1_setup.lto_priv.149
 *fill*         0x08005db4        0xc 
 .text.null_provider.lto_priv.103
                0x08005dc0        0x4 C:\Users\srich\AppData\Local\Temp\ccUmz6tE.ltrans7.ltrans.o
                0x08005dc0                null_provider.lto_priv.103
 *fill*         0x08005dc4        0xc 
 .text.heap1_setup.lto_priv.147
                0x08005dd0       0x30 C:\Users\srich\AppData\Local\Temp\ccUmz6tE.ltrans7.ltrans.o
                0x08005dd0                heap1_setup.lto_priv.147
 .text.heap1_execute.lto_priv.148
                0x08005e00      0x240 C:\Users\srich\AppData\Local\Temp\ccUmz6tE.ltrans7.ltrans.o
                0x08005e00                heap1_execute.lto_priv.148
 .text.evt3_execute.lto_priv.146
                0x08006040      0x15c C:\Users\srich\AppData\Local\Temp\ccUmz6tE.ltrans7.ltrans.o
                0x08006040                evt3_execute.lto_priv.146
 *fill*         0x0800619c        0x4 
 .text.evt3_setup.lto_priv.145
                0x080061a0        0x4 C:\Users\srich\AppData\Local\Temp\ccUmz6tE.ltrans7.ltrans.o
                0x080061a0                evt3_setup.lto_priv.145
 *fill*         0x080061a4        0xc 
 .text.evt2_setup.lto_priv.143
                0x080061b0        0x4 C:\Users\srich\AppData\Local\Temp\ccUmz6tE.ltrans7.ltrans.o
                0x080061b0                evt2_setup.lto_priv.143
 *fill*         0x080061b4        0xc 
 .text.evt1_setup.lto_priv.141
                0x080061c0        0x4 C:\Users\srich\AppData\Local\Temp\ccUmz6tE.ltrans7.ltrans.o
                0x080061c0                evt1_setup.lto_priv.141
 *fill*         0x080061c4        0xc 
 .text.evt2_execute.lto_priv.144
                0x080061d0      0x2e4 C:\Users\srich\AppData\Local\Temp\ccUmz6tE.ltrans7.ltrans.o
                0x080061d0                evt2_execute.lto_priv.144
 *fill*         0x080064b4        0xc 
 .text.thread2  0x080064c0       0x40 C:\Users\srich\AppData\Local\Temp\ccUmz6tE.ltrans7.ltrans.o
 .text.thread1  0x08006500       0x24 C:\Users\srich\AppData\Local\Temp\ccUmz6tE.ltrans7.ltrans.o
 *fill*         0x08006524        0xc 
 .text.evt1_execute.lto_priv.142
                0x08006530       0xe0 C:\Users\srich\AppData\Local\Temp\ccUmz6tE.ltrans7.ltrans.o
                0x08006530                evt1_execute.lto_priv.142
 .text.h3       0x08006610        0x8 C:\Users\srich\AppData\Local\Temp\ccUmz6tE.ltrans7.ltrans.o
 *fill*         0x08006618        0x8 
 .text.h2       0x08006620        0x8 C:\Users\srich\AppData\Local\Temp\ccUmz6tE.ltrans7.ltrans.o
 *fill*         0x08006628        0x8 
 .text.h1       0x08006630        0x8 C:\Users\srich\AppData\Local\Temp\ccUmz6tE.ltrans7.ltrans.o
 *fill*         0x08006638        0x8 
 .text.cmd_getAdcValues
                0x08006640       0xbc C:\Users\srich\AppData\Local\Temp\ccUmz6tE.ltrans8.ltrans.o
                0x08006640                cmd_getAdcValues
 *fill*         0x080066fc        0x4 
 .text.SampleThread.lto_priv.91
                0x08006700      0x174 C:\Users\srich\AppData\Local\Temp\ccUmz6tE.ltrans8.ltrans.o
                0x08006700                SampleThread.lto_priv.91
 *fill*         0x08006874        0xc 
 .text.cmd_test.lto_priv.98
                0x08006880       0x58 C:\Users\srich\AppData\Local\Temp\ccUmz6tE.ltrans8.ltrans.o
                0x08006880                cmd_test.lto_priv.98
 *fill*         0x080068d8        0x8 
 .text.cmd_threads.lto_priv.97
                0x080068e0       0x70 C:\Users\srich\AppData\Local\Temp\ccUmz6tE.ltrans8.ltrans.o
                0x080068e0                cmd_threads.lto_priv.97
 .text.cmd_mem.lto_priv.96
                0x08006950       0x60 C:\Users\srich\AppData\Local\Temp\ccUmz6tE.ltrans8.ltrans.o
                0x08006950                cmd_mem.lto_priv.96
 .text.chTMStartMeasurementX.constprop.78
                0x080069b0        0xc C:\Users\srich\AppData\Local\Temp\ccUmz6tE.ltrans8.ltrans.o
                0x080069b0                chTMStartMeasurementX.constprop.78
 *fill*         0x080069bc        0x4 
 .text.chThdCreateFromMemoryPool.constprop.76
                0x080069c0       0x9c C:\Users\srich\AppData\Local\Temp\ccUmz6tE.ltrans8.ltrans.o
                0x080069c0                chThdCreateFromMemoryPool.constprop.76
 *fill*         0x08006a5c        0x4 
 .text.chSemSignalWait.constprop.72
                0x08006a60       0x68 C:\Users\srich\AppData\Local\Temp\ccUmz6tE.ltrans8.ltrans.o
                0x08006a60                chSemSignalWait.constprop.72
 *fill*         0x08006ac8        0x8 
 .text.chCondSignal.constprop.68
                0x08006ad0       0x28 C:\Users\srich\AppData\Local\Temp\ccUmz6tE.ltrans8.ltrans.o
                0x08006ad0                chCondSignal.constprop.68
 *fill*         0x08006af8        0x8 
 .text.chCondSignalI.constprop.67
                0x08006b00       0x24 C:\Users\srich\AppData\Local\Temp\ccUmz6tE.ltrans8.ltrans.o
                0x08006b00                chCondSignalI.constprop.67
 *fill*         0x08006b24        0xc 
 .text.chEvtGetAndClearEvents.constprop.59
                0x08006b30       0x1c C:\Users\srich\AppData\Local\Temp\ccUmz6tE.ltrans8.ltrans.o
                0x08006b30                chEvtGetAndClearEvents.constprop.59
 *fill*         0x08006b4c        0x4 
 .text.chEvtWaitOne.constprop.55
                0x08006b50       0x34 C:\Users\srich\AppData\Local\Temp\ccUmz6tE.ltrans8.ltrans.o
                0x08006b50                chEvtWaitOne.constprop.55
 *fill*         0x08006b84        0xc 
 .text.unlikely.chEvtWaitAny.constprop.54
                0x08006b90       0x34 C:\Users\srich\AppData\Local\Temp\ccUmz6tE.ltrans8.ltrans.o
                0x08006b90                chEvtWaitAny.constprop.54
 *fill*         0x08006bc4        0xc 
 .text.chMBPost.constprop.40
                0x08006bd0       0x48 C:\Users\srich\AppData\Local\Temp\ccUmz6tE.ltrans8.ltrans.o
                0x08006bd0                chMBPost.constprop.40
 *fill*         0x08006c18        0x8 
 .text.chMBPostI.constprop.39
                0x08006c20       0x3c C:\Users\srich\AppData\Local\Temp\ccUmz6tE.ltrans8.ltrans.o
                0x08006c20                chMBPostI.constprop.39
 *fill*         0x08006c5c        0x4 
 .text.chMBPostAhead.constprop.38
                0x08006c60       0x4c C:\Users\srich\AppData\Local\Temp\ccUmz6tE.ltrans8.ltrans.o
                0x08006c60                chMBPostAhead.constprop.38
 *fill*         0x08006cac        0x4 
 .text.chMBPostAheadI.constprop.37
                0x08006cb0       0x3c C:\Users\srich\AppData\Local\Temp\ccUmz6tE.ltrans8.ltrans.o
                0x08006cb0                chMBPostAheadI.constprop.37
 *fill*         0x08006cec        0x4 
 .text.unlikely.chMBFetch.constprop.36
                0x08006cf0       0x4c C:\Users\srich\AppData\Local\Temp\ccUmz6tE.ltrans8.ltrans.o
                0x08006cf0                chMBFetch.constprop.36
 *fill*         0x08006d3c        0x4 
 .text.unlikely.chMBFetchI.constprop.35
                0x08006d40       0x3c C:\Users\srich\AppData\Local\Temp\ccUmz6tE.ltrans8.ltrans.o
                0x08006d40                chMBFetchI.constprop.35
 *fill*         0x08006d7c        0x4 
 .text.sdObjectInit.constprop.30
                0x08006d80       0x6c C:\Users\srich\AppData\Local\Temp\ccUmz6tE.ltrans8.ltrans.o
                0x08006d80                sdObjectInit.constprop.30
 *fill*         0x08006dec        0x4 
 .text.test_start_timer.constprop.6
                0x08006df0       0x3c C:\Users\srich\AppData\Local\Temp\ccUmz6tE.ltrans8.ltrans.o
                0x08006df0                test_start_timer.constprop.6
 *fill*         0x08006e2c        0x4 
 .text.long_to_string_with_divisor.constprop.4
                0x08006e30       0x44 C:\Users\srich\AppData\Local\Temp\ccUmz6tE.ltrans8.ltrans.o
                0x08006e30                long_to_string_with_divisor.constprop.4
 *fill*         0x08006e74        0xc 
 .text._strtok.constprop.3
                0x08006e80       0x40 C:\Users\srich\AppData\Local\Temp\ccUmz6tE.ltrans8.ltrans.o
                0x08006e80                _strtok.constprop.3
 .text.strpbrk  0x08006ec0       0x48 c:/chibistudio/tools/gnu tools arm embedded/4.9 2015q3/bin/../lib/gcc/arm-none-eabi/4.9.3/../../../../arm-none-eabi/lib/armv7-m\libg.a(lib_a-strpbrk.o)
                0x08006ec0                strpbrk
 *fill*         0x08006f08        0x8 
 .text.strspn   0x08006f10       0x34 c:/chibistudio/tools/gnu tools arm embedded/4.9 2015q3/bin/../lib/gcc/arm-none-eabi/4.9.3/../../../../arm-none-eabi/lib/armv7-m\libg.a(lib_a-strspn.o)
                0x08006f10                strspn
 *(.rodata)
 *(.rodata.*)
 *fill*         0x08006f44        0xc 
 .rodata.ram_areas
                0x08006f50       0x80 C:\Users\srich\AppData\Local\Temp\ccUmz6tE.ltrans0.ltrans.o
 .rodata.str1.4
                0x08006fd0       0x12 C:\Users\srich\AppData\Local\Temp\ccUmz6tE.ltrans1.ltrans.o
                                 0x1a (size before relaxing)
 *fill*         0x08006fe2        0xe 
 .rodata.testmtx4
                0x08006ff0       0x10 C:\Users\srich\AppData\Local\Temp\ccUmz6tE.ltrans2.ltrans.o
 .rodata.testmtx5
                0x08007000       0x10 C:\Users\srich\AppData\Local\Temp\ccUmz6tE.ltrans2.ltrans.o
 .rodata.testmtx6
                0x08007010       0x10 C:\Users\srich\AppData\Local\Temp\ccUmz6tE.ltrans2.ltrans.o
 .rodata.testmtx7
                0x08007020       0x10 C:\Users\srich\AppData\Local\Temp\ccUmz6tE.ltrans2.ltrans.o
 .rodata.testmtx8
                0x08007030       0x10 C:\Users\srich\AppData\Local\Temp\ccUmz6tE.ltrans2.ltrans.o
 .rodata.patternmsg
                0x08007040        0x8 C:\Users\srich\AppData\Local\Temp\ccUmz6tE.ltrans2.ltrans.o
 *fill*         0x08007048        0x8 
 .rodata.testbmk11
                0x08007050       0x10 C:\Users\srich\AppData\Local\Temp\ccUmz6tE.ltrans2.ltrans.o
 .rodata.testbmk13
                0x08007060       0x10 C:\Users\srich\AppData\Local\Temp\ccUmz6tE.ltrans2.ltrans.o
 .rodata.testevt2
                0x08007070       0x10 C:\Users\srich\AppData\Local\Temp\ccUmz6tE.ltrans2.ltrans.o
 .rodata.patterndyn
                0x08007080       0x10 C:\Users\srich\AppData\Local\Temp\ccUmz6tE.ltrans2.ltrans.o
 .rodata.testsys1
                0x08007090       0x10 C:\Users\srich\AppData\Local\Temp\ccUmz6tE.ltrans2.ltrans.o
 .rodata.testsem1
                0x080070a0       0x10 C:\Users\srich\AppData\Local\Temp\ccUmz6tE.ltrans2.ltrans.o
 .rodata.testsem2
                0x080070b0       0x10 C:\Users\srich\AppData\Local\Temp\ccUmz6tE.ltrans2.ltrans.o
 .rodata.testsem3
                0x080070c0       0x10 C:\Users\srich\AppData\Local\Temp\ccUmz6tE.ltrans2.ltrans.o
 .rodata.testsem4
                0x080070d0       0x10 C:\Users\srich\AppData\Local\Temp\ccUmz6tE.ltrans2.ltrans.o
 .rodata.testsys2
                0x080070e0       0x10 C:\Users\srich\AppData\Local\Temp\ccUmz6tE.ltrans2.ltrans.o
 .rodata.testsys3
                0x080070f0       0x10 C:\Users\srich\AppData\Local\Temp\ccUmz6tE.ltrans2.ltrans.o
 .rodata.testbmk10
                0x08007100       0x10 C:\Users\srich\AppData\Local\Temp\ccUmz6tE.ltrans2.ltrans.o
 .rodata.testbmk7
                0x08007110       0x10 C:\Users\srich\AppData\Local\Temp\ccUmz6tE.ltrans2.ltrans.o
 .rodata.testbmk12
                0x08007120       0x10 C:\Users\srich\AppData\Local\Temp\ccUmz6tE.ltrans2.ltrans.o
 .rodata.testbmk8
                0x08007130       0x10 C:\Users\srich\AppData\Local\Temp\ccUmz6tE.ltrans2.ltrans.o
 .rodata.testbmk1
                0x08007140       0x10 C:\Users\srich\AppData\Local\Temp\ccUmz6tE.ltrans2.ltrans.o
 .rodata.testbmk2
                0x08007150       0x10 C:\Users\srich\AppData\Local\Temp\ccUmz6tE.ltrans2.ltrans.o
 .rodata.testbmk3
                0x08007160       0x10 C:\Users\srich\AppData\Local\Temp\ccUmz6tE.ltrans2.ltrans.o
 .rodata.testbmk4
                0x08007170       0x10 C:\Users\srich\AppData\Local\Temp\ccUmz6tE.ltrans2.ltrans.o
 .rodata.testbmk5
                0x08007180       0x10 C:\Users\srich\AppData\Local\Temp\ccUmz6tE.ltrans2.ltrans.o
 .rodata.testbmk6
                0x08007190       0x10 C:\Users\srich\AppData\Local\Temp\ccUmz6tE.ltrans2.ltrans.o
 .rodata.patternsys
                0x080071a0       0x10 C:\Users\srich\AppData\Local\Temp\ccUmz6tE.ltrans2.ltrans.o
 .rodata.testpools1
                0x080071b0       0x10 C:\Users\srich\AppData\Local\Temp\ccUmz6tE.ltrans2.ltrans.o
 .rodata.testbmk9
                0x080071c0       0x10 C:\Users\srich\AppData\Local\Temp\ccUmz6tE.ltrans2.ltrans.o
 .rodata.patternbmk
                0x080071d0       0x38 C:\Users\srich\AppData\Local\Temp\ccUmz6tE.ltrans2.ltrans.o
 *fill*         0x08007208        0x8 
 .rodata.patterns
                0x08007210       0x34 C:\Users\srich\AppData\Local\Temp\ccUmz6tE.ltrans2.ltrans.o
 *fill*         0x08007244        0xc 
 .rodata.testdyn1
                0x08007250       0x10 C:\Users\srich\AppData\Local\Temp\ccUmz6tE.ltrans2.ltrans.o
 .rodata.testdyn2
                0x08007260       0x10 C:\Users\srich\AppData\Local\Temp\ccUmz6tE.ltrans2.ltrans.o
 .rodata.testdyn3
                0x08007270       0x10 C:\Users\srich\AppData\Local\Temp\ccUmz6tE.ltrans2.ltrans.o
 .rodata.testmbox1
                0x08007280       0x10 C:\Users\srich\AppData\Local\Temp\ccUmz6tE.ltrans2.ltrans.o
 .rodata.patternheap
                0x08007290        0x8 C:\Users\srich\AppData\Local\Temp\ccUmz6tE.ltrans2.ltrans.o
 *fill*         0x08007298        0x8 
 .rodata.testmsg1
                0x080072a0       0x10 C:\Users\srich\AppData\Local\Temp\ccUmz6tE.ltrans2.ltrans.o
 .rodata.patternthd
                0x080072b0       0x14 C:\Users\srich\AppData\Local\Temp\ccUmz6tE.ltrans2.ltrans.o
 *fill*         0x080072c4        0xc 
 .rodata.testqueues1
                0x080072d0       0x10 C:\Users\srich\AppData\Local\Temp\ccUmz6tE.ltrans2.ltrans.o
 .rodata.testqueues2
                0x080072e0       0x10 C:\Users\srich\AppData\Local\Temp\ccUmz6tE.ltrans2.ltrans.o
 .rodata.patternmbox
                0x080072f0        0x8 C:\Users\srich\AppData\Local\Temp\ccUmz6tE.ltrans2.ltrans.o
 *fill*         0x080072f8        0x8 
 .rodata.testthd1
                0x08007300       0x10 C:\Users\srich\AppData\Local\Temp\ccUmz6tE.ltrans2.ltrans.o
 .rodata.testthd2
                0x08007310       0x10 C:\Users\srich\AppData\Local\Temp\ccUmz6tE.ltrans2.ltrans.o
 .rodata.testthd3
                0x08007320       0x10 C:\Users\srich\AppData\Local\Temp\ccUmz6tE.ltrans2.ltrans.o
 .rodata.testthd4
                0x08007330       0x10 C:\Users\srich\AppData\Local\Temp\ccUmz6tE.ltrans2.ltrans.o
 .rodata.patternsem
                0x08007340       0x14 C:\Users\srich\AppData\Local\Temp\ccUmz6tE.ltrans2.ltrans.o
 *fill*         0x08007354        0xc 
 .rodata.patternqueues
                0x08007360        0xc C:\Users\srich\AppData\Local\Temp\ccUmz6tE.ltrans2.ltrans.o
 *fill*         0x0800736c        0x4 
 .rodata.patternevt
                0x08007370       0x10 C:\Users\srich\AppData\Local\Temp\ccUmz6tE.ltrans2.ltrans.o
 .rodata.testevt1
                0x08007380       0x10 C:\Users\srich\AppData\Local\Temp\ccUmz6tE.ltrans2.ltrans.o
 .rodata.testheap1
                0x08007390       0x10 C:\Users\srich\AppData\Local\Temp\ccUmz6tE.ltrans2.ltrans.o
 .rodata.testevt3
                0x080073a0       0x10 C:\Users\srich\AppData\Local\Temp\ccUmz6tE.ltrans2.ltrans.o
 .rodata.patternmtx
                0x080073b0       0x1c C:\Users\srich\AppData\Local\Temp\ccUmz6tE.ltrans2.ltrans.o
 *fill*         0x080073cc        0x4 
 .rodata.str1.4
                0x080073d0      0x6c7 C:\Users\srich\AppData\Local\Temp\ccUmz6tE.ltrans2.ltrans.o
                                0x6d7 (size before relaxing)
 *fill*         0x08007a97        0x9 
 .rodata.testmtx1
                0x08007aa0       0x10 C:\Users\srich\AppData\Local\Temp\ccUmz6tE.ltrans2.ltrans.o
 .rodata.patternpools
                0x08007ab0        0x8 C:\Users\srich\AppData\Local\Temp\ccUmz6tE.ltrans2.ltrans.o
 *fill*         0x08007ab8        0x8 
 .rodata.str1.4
                0x08007ac0        0x4 C:\Users\srich\AppData\Local\Temp\ccUmz6tE.ltrans3.ltrans.o
                                 0x1e (size before relaxing)
 *fill*         0x08007ac4        0xc 
 .rodata.wa     0x08007ad0       0x14 C:\Users\srich\AppData\Local\Temp\ccUmz6tE.ltrans4.ltrans.o
                0x08007ad0                wa
 *fill*         0x08007ae4        0xc 
 .rodata.str1.4
                0x08007af0      0x12f C:\Users\srich\AppData\Local\Temp\ccUmz6tE.ltrans4.ltrans.o
 *fill*         0x08007c1f        0x1 
 .rodata.cancfg
                0x08007c20        0x8 C:\Users\srich\AppData\Local\Temp\ccUmz6tE.ltrans5.ltrans.o
 *fill*         0x08007c28        0x8 
 .rodata.ch_debug
                0x08007c30       0x16 C:\Users\srich\AppData\Local\Temp\ccUmz6tE.ltrans5.ltrans.o
 *fill*         0x08007c46        0xa 
 .rodata.shCfg  0x08007c50        0x8 C:\Users\srich\AppData\Local\Temp\ccUmz6tE.ltrans5.ltrans.o
 *fill*         0x08007c58        0x8 
 .rodata.str1.4
                0x08007c60      0x18a C:\Users\srich\AppData\Local\Temp\ccUmz6tE.ltrans5.ltrans.o
                                0x256 (size before relaxing)
 *fill*         0x08007dea        0x6 
 .rodata._stm32_dma_streams
                0x08007df0       0x8c C:\Users\srich\AppData\Local\Temp\ccUmz6tE.ltrans5.ltrans.o
 *fill*         0x08007e7c        0x4 
 .rodata.commands
                0x08007e80       0x28 C:\Users\srich\AppData\Local\Temp\ccUmz6tE.ltrans5.ltrans.o
 *fill*         0x08007ea8        0x8 
 .rodata.str1.4
                0x08007eb0        0xb C:\Users\srich\AppData\Local\Temp\ccUmz6tE.ltrans6.ltrans.o
                                 0x1f (size before relaxing)
 .rodata.str1.4
                0x00000000        0x8 C:\Users\srich\AppData\Local\Temp\ccUmz6tE.ltrans7.ltrans.o
 *fill*         0x08007ebb        0x5 
 .rodata.evhndl
                0x08007ec0        0xc C:\Users\srich\AppData\Local\Temp\ccUmz6tE.ltrans7.ltrans.o
 *fill*         0x08007ecc        0x4 
 .rodata.measNTCcalib
                0x08007ed0       0x56 C:\Users\srich\AppData\Local\Temp\ccUmz6tE.ltrans8.ltrans.o
 *fill*         0x08007f26        0xa 
 .rodata.states.7658
                0x08007f30       0x40 C:\Users\srich\AppData\Local\Temp\ccUmz6tE.ltrans8.ltrans.o
 .rodata.str1.4
                0x08007f70      0x1f4 C:\Users\srich\AppData\Local\Temp\ccUmz6tE.ltrans8.ltrans.o
                                0x1f2 (size before relaxing)
 *fill*         0x08008164        0xc 
 .rodata.adcgrpcfg
                0x08008170       0x28 C:\Users\srich\AppData\Local\Temp\ccUmz6tE.ltrans8.ltrans.o
 *fill*         0x08008198        0x8 
 .rodata.vmt    0x080081a0       0x20 C:\Users\srich\AppData\Local\Temp\ccUmz6tE.ltrans8.ltrans.o
 *(.glue_7t)
 .glue_7t       0x00000000        0x0 linker stubs
 *(.glue_7)
 .glue_7        0x00000000        0x0 linker stubs
 *(.gcc*)

.vfp11_veneer   0x080081c0        0x0
 .vfp11_veneer  0x00000000        0x0 linker stubs

.v4_bx          0x080081c0        0x0
 .v4_bx         0x00000000        0x0 linker stubs

.iplt           0x080081c0        0x0
 .iplt          0x00000000        0x0 build/obj/crt0_v7m.o

.rel.dyn        0x080081c0        0x0
 .rel.iplt      0x00000000        0x0 build/obj/crt0_v7m.o

.ARM.extab
 *(.ARM.extab* .gnu.linkonce.armextab.*)

.ARM.exidx      0x080081c0        0x0
                0x080081c0                __exidx_start = .
 *(.ARM.exidx* .gnu.linkonce.armexidx.*)
                0x080081c0                __exidx_end = .

.eh_frame_hdr
 *(.eh_frame_hdr)

.eh_frame
 *(.eh_frame)

.textalign      0x080081c0        0x0
                0x080081c0                . = ALIGN (0x8)
                0x080081c0                . = ALIGN (0x4)
                0x080081c0                PROVIDE (_etext, .)

.mstack         0x20000000      0x400
                0x20000000                . = ALIGN (0x8)
                0x20000000                __main_stack_base__ = .
                0x20000400                . = (. + __main_stack_size__)
 *fill*         0x20000000      0x400 
                0x20000400                . = ALIGN (0x8)
                0x20000400                __main_stack_end__ = .

.pstack         0x20000400      0x400
                0x20000400                __process_stack_base__ = .
                0x20000400                __main_thread_stack_base__ = .
                0x20000800                . = (. + __process_stack_size__)
 *fill*         0x20000400      0x400 
                0x20000800                . = ALIGN (0x8)
                0x20000800                __process_stack_end__ = .
                0x20000800                __main_thread_stack_end__ = .

.data           0x20000800       0xdc load address 0x080081c0
                0x20000800                . = ALIGN (0x4)
                0x080081c0                PROVIDE (_textdata, LOADADDR (.data))
                0x20000800                PROVIDE (_data, .)
                0x080081c0                _textdata_start = LOADADDR (.data)
                0x20000800                _data_start = .
 *(.data)
 *(.data.*)
 .data.m1.lto_priv.107
                0x20000800       0x10 C:\Users\srich\AppData\Local\Temp\ccUmz6tE.ltrans3.ltrans.o
                0x20000800                m1.lto_priv.107
 .data.m2.lto_priv.108
                0x20000810       0x10 C:\Users\srich\AppData\Local\Temp\ccUmz6tE.ltrans3.ltrans.o
                0x20000810                m2.lto_priv.108
 .data.local_commands
                0x20000820       0x18 C:\Users\srich\AppData\Local\Temp\ccUmz6tE.ltrans5.ltrans.o
 .data.ser_cfg  0x20000838        0xc C:\Users\srich\AppData\Local\Temp\ccUmz6tE.ltrans5.ltrans.o
 .data.mp1.lto_priv.101
                0x20000844        0xc C:\Users\srich\AppData\Local\Temp\ccUmz6tE.ltrans6.ltrans.o
                0x20000844                mp1.lto_priv.101
 .data.oq       0x20000850       0x24 C:\Users\srich\AppData\Local\Temp\ccUmz6tE.ltrans6.ltrans.o
 .data.iq       0x20000874       0x24 C:\Users\srich\AppData\Local\Temp\ccUmz6tE.ltrans6.ltrans.o
 .data.es1      0x20000898        0x4 C:\Users\srich\AppData\Local\Temp\ccUmz6tE.ltrans7.ltrans.o
 .data.es2      0x2000089c        0x4 C:\Users\srich\AppData\Local\Temp\ccUmz6tE.ltrans7.ltrans.o
 .data.sem1.lto_priv.111
                0x200008a0        0xc C:\Users\srich\AppData\Local\Temp\ccUmz6tE.ltrans8.ltrans.o
                0x200008a0                sem1.lto_priv.111
 .data.mb1.lto_priv.104
                0x200008ac       0x28 C:\Users\srich\AppData\Local\Temp\ccUmz6tE.ltrans8.ltrans.o
                0x200008ac                mb1.lto_priv.104
 .data.c1.lto_priv.105
                0x200008d4        0x8 C:\Users\srich\AppData\Local\Temp\ccUmz6tE.ltrans8.ltrans.o
                0x200008d4                c1.lto_priv.105
 *(.ramtext)
                0x200008dc                . = ALIGN (0x4)
                0x200008dc                PROVIDE (_edata, .)
                0x200008dc                _data_end = .

.igot.plt       0x200008dc        0x0 load address 0x0800829c
 .igot.plt      0x00000000        0x0 build/obj/crt0_v7m.o

.bss            0x200008e0      0xf9c load address 0x0800829c
                0x200008e0                . = ALIGN (0x4)
                0x200008e0                _bss_start = .
 *(.bss)
 *(.bss.*)
 .bss.tokp      0x200008e0        0x4 C:\Users\srich\AppData\Local\Temp\ccUmz6tE.ltrans2.ltrans.o
 .bss.test_global_fail
                0x200008e4        0x1 C:\Users\srich\AppData\Local\Temp\ccUmz6tE.ltrans2.ltrans.o
 .bss.local_fail
                0x200008e5        0x1 C:\Users\srich\AppData\Local\Temp\ccUmz6tE.ltrans2.ltrans.o
 *fill*         0x200008e6        0x2 
 .bss.chp       0x200008e8        0x4 C:\Users\srich\AppData\Local\Temp\ccUmz6tE.ltrans2.ltrans.o
 .bss.tokens_buffer
                0x200008ec       0x10 C:\Users\srich\AppData\Local\Temp\ccUmz6tE.ltrans2.ltrans.o
 .bss.failpoint
                0x200008fc        0x4 C:\Users\srich\AppData\Local\Temp\ccUmz6tE.ltrans2.ltrans.o
 .bss.vt2.6121  0x20000900       0x14 C:\Users\srich\AppData\Local\Temp\ccUmz6tE.ltrans4.ltrans.o
 .bss.vt1.6120  0x20000914       0x14 C:\Users\srich\AppData\Local\Temp\ccUmz6tE.ltrans4.ltrans.o
 .bss.mtx1      0x20000928       0x10 C:\Users\srich\AppData\Local\Temp\ccUmz6tE.ltrans4.ltrans.o
 .bss.iq.6110   0x20000938       0x24 C:\Users\srich\AppData\Local\Temp\ccUmz6tE.ltrans4.ltrans.o
 .bss.sem1      0x2000095c        0xc C:\Users\srich\AppData\Local\Temp\ccUmz6tE.ltrans4.ltrans.o
 .bss.threads   0x20000968       0x14 C:\Users\srich\AppData\Local\Temp\ccUmz6tE.ltrans4.ltrans.o
                0x20000968                threads
 .bss.ib.6109   0x2000097c       0x10 C:\Users\srich\AppData\Local\Temp\ccUmz6tE.ltrans4.ltrans.o
 .bss._stm32_dma_isr_redir
                0x2000098c       0x38 C:\Users\srich\AppData\Local\Temp\ccUmz6tE.ltrans5.ltrans.o
                0x2000098c                _stm32_dma_isr_redir
 .bss.consoleThread
                0x200009c4        0x4 C:\Users\srich\AppData\Local\Temp\ccUmz6tE.ltrans5.ltrans.o
 .bss.CAND1     0x200009c8       0x30 C:\Users\srich\AppData\Local\Temp\ccUmz6tE.ltrans5.ltrans.o
                0x200009c8                CAND1
 .bss.default_heap.lto_priv.177
                0x200009f8       0x20 C:\Users\srich\AppData\Local\Temp\ccUmz6tE.ltrans5.ltrans.o
                0x200009f8                default_heap.lto_priv.177
 .bss.shell_terminated
                0x20000a18        0x4 C:\Users\srich\AppData\Local\Temp\ccUmz6tE.ltrans5.ltrans.o
 *fill*         0x20000a1c        0x4 
 .bss.waSampleThread
                0x20000a20      0x2c8 C:\Users\srich\AppData\Local\Temp\ccUmz6tE.ltrans5.ltrans.o
 .bss.dma_streams_mask
                0x20000ce8        0x4 C:\Users\srich\AppData\Local\Temp\ccUmz6tE.ltrans5.ltrans.o
 *fill*         0x20000cec        0x4 
 .bss.heap1     0x20000cf0       0x20 C:\Users\srich\AppData\Local\Temp\ccUmz6tE.ltrans6.ltrans.o
 .bss.test_heap
                0x20000d10       0x20 C:\Users\srich\AppData\Local\Temp\ccUmz6tE.ltrans7.ltrans.o
 .bss.measValue
                0x20000d30       0x20 C:\Users\srich\AppData\Local\Temp\ccUmz6tE.ltrans8.ltrans.o
 .bss.test      0x20000d50      0x668 C:\Users\srich\AppData\Local\Temp\ccUmz6tE.ltrans8.ltrans.o
                0x20000d50                test
 .bss.nextmem.lto_priv.94
                0x200013b8        0x4 C:\Users\srich\AppData\Local\Temp\ccUmz6tE.ltrans8.ltrans.o
                0x200013b8                nextmem.lto_priv.94
 .bss.endmem.lto_priv.95
                0x200013bc        0x4 C:\Users\srich\AppData\Local\Temp\ccUmz6tE.ltrans8.ltrans.o
                0x200013bc                endmem.lto_priv.95
 .bss.ADCD1     0x200013c0       0x34 C:\Users\srich\AppData\Local\Temp\ccUmz6tE.ltrans8.ltrans.o
                0x200013c0                ADCD1
 *fill*         0x200013f4        0x4 
 .bss.ch        0x200013f8      0x150 C:\Users\srich\AppData\Local\Temp\ccUmz6tE.ltrans8.ltrans.o
                0x200013f8                ch
 .bss.test_timer_done
                0x20001548        0x1 C:\Users\srich\AppData\Local\Temp\ccUmz6tE.ltrans8.ltrans.o
                0x20001548                test_timer_done
 *fill*         0x20001549        0x3 
 .bss.vt        0x2000154c       0x14 C:\Users\srich\AppData\Local\Temp\ccUmz6tE.ltrans8.ltrans.o
 .bss.SD1       0x20001560      0x2b0 C:\Users\srich\AppData\Local\Temp\ccUmz6tE.ltrans8.ltrans.o
                0x20001560                SD1
 .bss.samples   0x20001810       0x60 C:\Users\srich\AppData\Local\Temp\ccUmz6tE.ltrans8.ltrans.o
 .bss.mp1.lto_priv.102
                0x20001870        0xc C:\Users\srich\AppData\Local\Temp\ccUmz6tE.ltrans8.ltrans.o
                0x20001870                mp1.lto_priv.102
 *(COMMON)
                0x2000187c                . = ALIGN (0x4)
                0x2000187c                _bss_end = .
                0x2000187c                PROVIDE (end, .)

.ram0_init      0x2000187c        0x0 load address 0x0800829c
                0x2000187c                . = ALIGN (0x4)
                0x0800829c                __ram0_init_text__ = LOADADDR (.ram0_init)
                0x2000187c                __ram0_init__ = .
 *(.ram0_init)
 *(.ram0_init.*)
                0x2000187c                . = ALIGN (0x4)

.ram0           0x2000187c        0x0 load address 0x0800829c
                0x2000187c                . = ALIGN (0x4)
                0x2000187c                __ram0_clear__ = .
 *(.ram0_clear)
 *(.ram0_clear.*)
                0x2000187c                . = ALIGN (0x4)
                0x2000187c                __ram0_noinit__ = .
 *(.ram0)
 *(.ram0.*)
                0x2000187c                . = ALIGN (0x4)
                0x2000187c                __ram0_free__ = .

.ram1_init      0x00000000        0x0 load address 0x0800829c
                0x00000000                . = ALIGN (0x4)
                0x0800829c                __ram1_init_text__ = LOADADDR (.ram1_init)
                0x00000000                __ram1_init__ = .
 *(.ram1_init)
 *(.ram1_init.*)
                0x00000000                . = ALIGN (0x4)

.ram1           0x00000000        0x0 load address 0x0800829c
                0x00000000                . = ALIGN (0x4)
                0x00000000                __ram1_clear__ = .
 *(.ram1_clear)
 *(.ram1_clear.*)
                0x00000000                . = ALIGN (0x4)
                0x00000000                __ram1_noinit__ = .
 *(.ram1)
 *(.ram1.*)
                0x00000000                . = ALIGN (0x4)
                0x00000000                __ram1_free__ = .

.ram2_init      0x00000000        0x0 load address 0x0800829c
                0x00000000                . = ALIGN (0x4)
                0x0800829c                __ram2_init_text__ = LOADADDR (.ram2_init)
                0x00000000                __ram2_init__ = .
 *(.ram2_init)
 *(.ram2_init.*)
                0x00000000                . = ALIGN (0x4)

.ram2           0x00000000        0x0 load address 0x0800829c
                0x00000000                . = ALIGN (0x4)
                0x00000000                __ram2_clear__ = .
 *(.ram2_clear)
 *(.ram2_clear.*)
                0x00000000                . = ALIGN (0x4)
                0x00000000                __ram2_noinit__ = .
 *(.ram2)
 *(.ram2.*)
                0x00000000                . = ALIGN (0x4)
                0x00000000                __ram2_free__ = .

.ram3_init      0x00000000        0x0 load address 0x0800829c
                0x00000000                . = ALIGN (0x4)
                0x0800829c                __ram3_init_text__ = LOADADDR (.ram3_init)
                0x00000000                __ram3_init__ = .
 *(.ram3_init)
 *(.ram3_init.*)
                0x00000000                . = ALIGN (0x4)

.ram3           0x00000000        0x0 load address 0x0800829c
                0x00000000                . = ALIGN (0x4)
                0x00000000                __ram3_clear__ = .
 *(.ram3_clear)
 *(.ram3_clear.*)
                0x00000000                . = ALIGN (0x4)
                0x00000000                __ram3_noinit__ = .
 *(.ram3)
 *(.ram3.*)
                0x00000000                . = ALIGN (0x4)
                0x00000000                __ram3_free__ = .

.ram4_init      0x00000000        0x0 load address 0x0800829c
                0x00000000                . = ALIGN (0x4)
                0x0800829c                __ram4_init_text__ = LOADADDR (.ram4_init)
                0x00000000                __ram4_init__ = .
 *(.ram4_init)
 *(.ram4_init.*)
                0x00000000                . = ALIGN (0x4)

.ram4           0x00000000        0x0 load address 0x0800829c
                0x00000000                . = ALIGN (0x4)
                0x00000000                __ram4_clear__ = .
 *(.ram4_clear)
 *(.ram4_clear.*)
                0x00000000                . = ALIGN (0x4)
                0x00000000                __ram4_noinit__ = .
 *(.ram4)
 *(.ram4.*)
                0x00000000                . = ALIGN (0x4)
                0x00000000                __ram4_free__ = .

.ram5_init      0x00000000        0x0 load address 0x0800829c
                0x00000000                . = ALIGN (0x4)
                0x0800829c                __ram5_init_text__ = LOADADDR (.ram5_init)
                0x00000000                __ram5_init__ = .
 *(.ram5_init)
 *(.ram5_init.*)
                0x00000000                . = ALIGN (0x4)

.ram5           0x00000000        0x0 load address 0x0800829c
                0x00000000                . = ALIGN (0x4)
                0x00000000                __ram5_clear__ = .
 *(.ram5_clear)
 *(.ram5_clear.*)
                0x00000000                . = ALIGN (0x4)
                0x00000000                __ram5_noinit__ = .
 *(.ram5)
 *(.ram5.*)
                0x00000000                . = ALIGN (0x4)
                0x00000000                __ram5_free__ = .

.ram6_init      0x00000000        0x0 load address 0x0800829c
                0x00000000                . = ALIGN (0x4)
                0x0800829c                __ram6_init_text__ = LOADADDR (.ram6_init)
                0x00000000                __ram6_init__ = .
 *(.ram6_init)
 *(.ram6_init.*)
                0x00000000                . = ALIGN (0x4)

.ram6           0x00000000        0x0 load address 0x0800829c
                0x00000000                . = ALIGN (0x4)
                0x00000000                __ram6_clear__ = .
 *(.ram6_clear)
 *(.ram6_clear.*)
                0x00000000                . = ALIGN (0x4)
                0x00000000                __ram6_noinit__ = .
 *(.ram6)
 *(.ram6.*)
                0x00000000                . = ALIGN (0x4)
                0x00000000                __ram6_free__ = .

.ram7_init      0x00000000        0x0 load address 0x0800829c
                0x00000000                . = ALIGN (0x4)
                0x0800829c                __ram7_init_text__ = LOADADDR (.ram7_init)
                0x00000000                __ram7_init__ = .
 *(.ram7_init)
 *(.ram7_init.*)
                0x00000000                . = ALIGN (0x4)

.ram7           0x00000000        0x0 load address 0x0800829c
                0x00000000                . = ALIGN (0x4)
                0x00000000                __ram7_clear__ = .
 *(.ram7_clear)
 *(.ram7_clear.*)
                0x00000000                . = ALIGN (0x4)
                0x00000000                __ram7_noinit__ = .
 *(.ram7)
 *(.ram7.*)
                0x00000000                . = ALIGN (0x4)
                0x00000000                __ram7_free__ = .

.heap           0x2000187c     0x3784
                0x20001880                . = ALIGN (0x8)
 *fill*         0x2000187c        0x4 
                0x20001880                __heap_base__ = .
                0x20005000                . = (ORIGIN (HEAP_RAM) + 0x5000)
 *fill*         0x20001880     0x3780 
                0x20005000                __heap_end__ = .
                0x00000400                __process_stack_size__ = 0x400
                0x00000400                __main_stack_size__ = 0x400
START GROUP
LOAD c:/chibistudio/tools/gnu tools arm embedded/4.9 2015q3/bin/../lib/gcc/arm-none-eabi/4.9.3/armv7-m\libgcc.a
LOAD c:/chibistudio/tools/gnu tools arm embedded/4.9 2015q3/bin/../lib/gcc/arm-none-eabi/4.9.3/../../../../arm-none-eabi/lib/armv7-m\libg.a
LOAD c:/chibistudio/tools/gnu tools arm embedded/4.9 2015q3/bin/../lib/gcc/arm-none-eabi/4.9.3/../../../../arm-none-eabi/lib/armv7-m\libc.a
END GROUP
OUTPUT(build/CCLFirmWire.elf elf32-littlearm)

.ARM.attributes
                0x00000000       0x2f
 .ARM.attributes
                0x00000000       0x21 build/obj/crt0_v7m.o
 .ARM.attributes
                0x00000021       0x21 build/obj/chcoreasm_v7m.o
 .ARM.attributes
                0x00000042       0x31 C:\Users\srich\AppData\Local\Temp\ccUmz6tE.ltrans0.ltrans.o
 .ARM.attributes
                0x00000073       0x31 C:\Users\srich\AppData\Local\Temp\ccUmz6tE.ltrans1.ltrans.o
 .ARM.attributes
                0x000000a4       0x31 C:\Users\srich\AppData\Local\Temp\ccUmz6tE.ltrans2.ltrans.o
 .ARM.attributes
                0x000000d5       0x31 C:\Users\srich\AppData\Local\Temp\ccUmz6tE.ltrans3.ltrans.o
 .ARM.attributes
                0x00000106       0x31 C:\Users\srich\AppData\Local\Temp\ccUmz6tE.ltrans4.ltrans.o
 .ARM.attributes
                0x00000137       0x31 C:\Users\srich\AppData\Local\Temp\ccUmz6tE.ltrans5.ltrans.o
 .ARM.attributes
                0x00000168       0x31 C:\Users\srich\AppData\Local\Temp\ccUmz6tE.ltrans6.ltrans.o
 .ARM.attributes
                0x00000199       0x31 C:\Users\srich\AppData\Local\Temp\ccUmz6tE.ltrans7.ltrans.o
 .ARM.attributes
                0x000001ca       0x31 C:\Users\srich\AppData\Local\Temp\ccUmz6tE.ltrans8.ltrans.o
 .ARM.attributes
                0x000001fb       0x1b c:/chibistudio/tools/gnu tools arm embedded/4.9 2015q3/bin/../lib/gcc/arm-none-eabi/4.9.3/../../../../arm-none-eabi/lib/armv7-m\libg.a(lib_a-strcmp.o)
 .ARM.attributes
                0x00000216       0x2d c:/chibistudio/tools/gnu tools arm embedded/4.9 2015q3/bin/../lib/gcc/arm-none-eabi/4.9.3/../../../../arm-none-eabi/lib/armv7-m\libg.a(lib_a-strpbrk.o)
 .ARM.attributes
                0x00000243       0x2d c:/chibistudio/tools/gnu tools arm embedded/4.9 2015q3/bin/../lib/gcc/arm-none-eabi/4.9.3/../../../../arm-none-eabi/lib/armv7-m\libg.a(lib_a-strspn.o)

.comment        0x00000000       0x70
 .comment       0x00000000       0x70 C:\Users\srich\AppData\Local\Temp\ccUmz6tE.ltrans0.ltrans.o
                                 0x71 (size before relaxing)
 .comment       0x00000000       0x71 C:\Users\srich\AppData\Local\Temp\ccUmz6tE.ltrans1.ltrans.o
 .comment       0x00000000       0x71 C:\Users\srich\AppData\Local\Temp\ccUmz6tE.ltrans2.ltrans.o
 .comment       0x00000000       0x71 C:\Users\srich\AppData\Local\Temp\ccUmz6tE.ltrans3.ltrans.o
 .comment       0x00000000       0x71 C:\Users\srich\AppData\Local\Temp\ccUmz6tE.ltrans4.ltrans.o
 .comment       0x00000000       0x71 C:\Users\srich\AppData\Local\Temp\ccUmz6tE.ltrans5.ltrans.o
 .comment       0x00000000       0x71 C:\Users\srich\AppData\Local\Temp\ccUmz6tE.ltrans6.ltrans.o
 .comment       0x00000000       0x71 C:\Users\srich\AppData\Local\Temp\ccUmz6tE.ltrans7.ltrans.o
 .comment       0x00000000       0x71 C:\Users\srich\AppData\Local\Temp\ccUmz6tE.ltrans8.ltrans.o

.debug_info     0x00000000    0x1f129
 .debug_info    0x00000000     0x488a C:\Users\srich\AppData\Local\Temp\ccUmz6tE.ltrans0.ltrans.o
 .debug_info    0x0000488a     0x33e7 C:\Users\srich\AppData\Local\Temp\ccUmz6tE.ltrans1.ltrans.o
 .debug_info    0x00007c71     0x4252 C:\Users\srich\AppData\Local\Temp\ccUmz6tE.ltrans2.ltrans.o
 .debug_info    0x0000bec3     0x3469 C:\Users\srich\AppData\Local\Temp\ccUmz6tE.ltrans3.ltrans.o
 .debug_info    0x0000f32c     0x381b C:\Users\srich\AppData\Local\Temp\ccUmz6tE.ltrans4.ltrans.o
 .debug_info    0x00012b47     0x33cd C:\Users\srich\AppData\Local\Temp\ccUmz6tE.ltrans5.ltrans.o
 .debug_info    0x00015f14     0x2dea C:\Users\srich\AppData\Local\Temp\ccUmz6tE.ltrans6.ltrans.o
 .debug_info    0x00018cfe     0x29eb C:\Users\srich\AppData\Local\Temp\ccUmz6tE.ltrans7.ltrans.o
 .debug_info    0x0001b6e9     0x3a40 C:\Users\srich\AppData\Local\Temp\ccUmz6tE.ltrans8.ltrans.o

.debug_abbrev   0x00000000     0x33c3
 .debug_abbrev  0x00000000      0x665 C:\Users\srich\AppData\Local\Temp\ccUmz6tE.ltrans0.ltrans.o
 .debug_abbrev  0x00000665      0x505 C:\Users\srich\AppData\Local\Temp\ccUmz6tE.ltrans1.ltrans.o
 .debug_abbrev  0x00000b6a      0x748 C:\Users\srich\AppData\Local\Temp\ccUmz6tE.ltrans2.ltrans.o
 .debug_abbrev  0x000012b2      0x4db C:\Users\srich\AppData\Local\Temp\ccUmz6tE.ltrans3.ltrans.o
 .debug_abbrev  0x0000178d      0x65d C:\Users\srich\AppData\Local\Temp\ccUmz6tE.ltrans4.ltrans.o
 .debug_abbrev  0x00001dea      0x5a1 C:\Users\srich\AppData\Local\Temp\ccUmz6tE.ltrans5.ltrans.o
 .debug_abbrev  0x0000238b      0x4b5 C:\Users\srich\AppData\Local\Temp\ccUmz6tE.ltrans6.ltrans.o
 .debug_abbrev  0x00002840      0x52d C:\Users\srich\AppData\Local\Temp\ccUmz6tE.ltrans7.ltrans.o
 .debug_abbrev  0x00002d6d      0x656 C:\Users\srich\AppData\Local\Temp\ccUmz6tE.ltrans8.ltrans.o

.debug_loc      0x00000000     0x7d77
 .debug_loc     0x00000000     0x246c C:\Users\srich\AppData\Local\Temp\ccUmz6tE.ltrans0.ltrans.o
 .debug_loc     0x0000246c      0x6ed C:\Users\srich\AppData\Local\Temp\ccUmz6tE.ltrans1.ltrans.o
 .debug_loc     0x00002b59     0x1487 C:\Users\srich\AppData\Local\Temp\ccUmz6tE.ltrans2.ltrans.o
 .debug_loc     0x00003fe0      0xad8 C:\Users\srich\AppData\Local\Temp\ccUmz6tE.ltrans3.ltrans.o
 .debug_loc     0x00004ab8      0xd15 C:\Users\srich\AppData\Local\Temp\ccUmz6tE.ltrans4.ltrans.o
 .debug_loc     0x000057cd      0x7d9 C:\Users\srich\AppData\Local\Temp\ccUmz6tE.ltrans5.ltrans.o
 .debug_loc     0x00005fa6      0x8cd C:\Users\srich\AppData\Local\Temp\ccUmz6tE.ltrans6.ltrans.o
 .debug_loc     0x00006873      0x723 C:\Users\srich\AppData\Local\Temp\ccUmz6tE.ltrans7.ltrans.o
 .debug_loc     0x00006f96      0xde1 C:\Users\srich\AppData\Local\Temp\ccUmz6tE.ltrans8.ltrans.o

.debug_aranges  0x00000000      0x7c8
 .debug_aranges
                0x00000000      0x200 C:\Users\srich\AppData\Local\Temp\ccUmz6tE.ltrans0.ltrans.o
 .debug_aranges
                0x00000200       0xd8 C:\Users\srich\AppData\Local\Temp\ccUmz6tE.ltrans1.ltrans.o
 .debug_aranges
                0x000002d8      0x140 C:\Users\srich\AppData\Local\Temp\ccUmz6tE.ltrans2.ltrans.o
 .debug_aranges
                0x00000418       0x88 C:\Users\srich\AppData\Local\Temp\ccUmz6tE.ltrans3.ltrans.o
 .debug_aranges
                0x000004a0       0xf8 C:\Users\srich\AppData\Local\Temp\ccUmz6tE.ltrans4.ltrans.o
 .debug_aranges
                0x00000598       0x38 C:\Users\srich\AppData\Local\Temp\ccUmz6tE.ltrans5.ltrans.o
 .debug_aranges
                0x000005d0       0x98 C:\Users\srich\AppData\Local\Temp\ccUmz6tE.ltrans6.ltrans.o
 .debug_aranges
                0x00000668       0x90 C:\Users\srich\AppData\Local\Temp\ccUmz6tE.ltrans7.ltrans.o
 .debug_aranges
                0x000006f8       0xd0 C:\Users\srich\AppData\Local\Temp\ccUmz6tE.ltrans8.ltrans.o

.debug_ranges   0x00000000     0x30d0
 .debug_ranges  0x00000000      0x9e8 C:\Users\srich\AppData\Local\Temp\ccUmz6tE.ltrans0.ltrans.o
 .debug_ranges  0x000009e8      0x4e0 C:\Users\srich\AppData\Local\Temp\ccUmz6tE.ltrans1.ltrans.o
 .debug_ranges  0x00000ec8      0x510 C:\Users\srich\AppData\Local\Temp\ccUmz6tE.ltrans2.ltrans.o
 .debug_ranges  0x000013d8      0x500 C:\Users\srich\AppData\Local\Temp\ccUmz6tE.ltrans3.ltrans.o
 .debug_ranges  0x000018d8      0x3a0 C:\Users\srich\AppData\Local\Temp\ccUmz6tE.ltrans4.ltrans.o
 .debug_ranges  0x00001c78      0x888 C:\Users\srich\AppData\Local\Temp\ccUmz6tE.ltrans5.ltrans.o
 .debug_ranges  0x00002500      0x400 C:\Users\srich\AppData\Local\Temp\ccUmz6tE.ltrans6.ltrans.o
 .debug_ranges  0x00002900      0x2a0 C:\Users\srich\AppData\Local\Temp\ccUmz6tE.ltrans7.ltrans.o
 .debug_ranges  0x00002ba0      0x530 C:\Users\srich\AppData\Local\Temp\ccUmz6tE.ltrans8.ltrans.o

.debug_line     0x00000000     0x76e4
 .debug_line    0x00000000     0x1534 C:\Users\srich\AppData\Local\Temp\ccUmz6tE.ltrans0.ltrans.o
 .debug_line    0x00001534      0xc69 C:\Users\srich\AppData\Local\Temp\ccUmz6tE.ltrans1.ltrans.o
 .debug_line    0x0000219d      0xffe C:\Users\srich\AppData\Local\Temp\ccUmz6tE.ltrans2.ltrans.o
 .debug_line    0x0000319b      0x9ee C:\Users\srich\AppData\Local\Temp\ccUmz6tE.ltrans3.ltrans.o
 .debug_line    0x00003b89      0xb58 C:\Users\srich\AppData\Local\Temp\ccUmz6tE.ltrans4.ltrans.o
 .debug_line    0x000046e1      0xf69 C:\Users\srich\AppData\Local\Temp\ccUmz6tE.ltrans5.ltrans.o
 .debug_line    0x0000564a      0x99e C:\Users\srich\AppData\Local\Temp\ccUmz6tE.ltrans6.ltrans.o
 .debug_line    0x00005fe8      0x87d C:\Users\srich\AppData\Local\Temp\ccUmz6tE.ltrans7.ltrans.o
 .debug_line    0x00006865      0xe7f C:\Users\srich\AppData\Local\Temp\ccUmz6tE.ltrans8.ltrans.o

.debug_str      0x00000000     0x3bc9
 .debug_str     0x00000000      0xece C:\Users\srich\AppData\Local\Temp\ccUmz6tE.ltrans0.ltrans.o
                                0xf85 (size before relaxing)
 .debug_str     0x00000ece      0x492 C:\Users\srich\AppData\Local\Temp\ccUmz6tE.ltrans1.ltrans.o
                                0x9d0 (size before relaxing)
 .debug_str     0x00001360      0xba0 C:\Users\srich\AppData\Local\Temp\ccUmz6tE.ltrans2.ltrans.o
                               0x1365 (size before relaxing)
 .debug_str     0x00001f00      0x496 C:\Users\srich\AppData\Local\Temp\ccUmz6tE.ltrans3.ltrans.o
                                0xa6b (size before relaxing)
 .debug_str     0x00002396      0x58b C:\Users\srich\AppData\Local\Temp\ccUmz6tE.ltrans4.ltrans.o
                                0xd87 (size before relaxing)
 .debug_str     0x00002921      0x6ee C:\Users\srich\AppData\Local\Temp\ccUmz6tE.ltrans5.ltrans.o
                               0x1288 (size before relaxing)
 .debug_str     0x0000300f      0x31b C:\Users\srich\AppData\Local\Temp\ccUmz6tE.ltrans6.ltrans.o
                                0xa44 (size before relaxing)
 .debug_str     0x0000332a      0x34c C:\Users\srich\AppData\Local\Temp\ccUmz6tE.ltrans7.ltrans.o
                                0xa76 (size before relaxing)
 .debug_str     0x00003676      0x553 C:\Users\srich\AppData\Local\Temp\ccUmz6tE.ltrans8.ltrans.o
                               0x13e8 (size before relaxing)

.debug_frame    0x00000000     0x1afc
 .debug_frame   0x00000000      0x6b8 C:\Users\srich\AppData\Local\Temp\ccUmz6tE.ltrans0.ltrans.o
 .debug_frame   0x000006b8      0x30c C:\Users\srich\AppData\Local\Temp\ccUmz6tE.ltrans1.ltrans.o
 .debug_frame   0x000009c4      0x474 C:\Users\srich\AppData\Local\Temp\ccUmz6tE.ltrans2.ltrans.o
 .debug_frame   0x00000e38      0x1ec C:\Users\srich\AppData\Local\Temp\ccUmz6tE.ltrans3.ltrans.o
 .debug_frame   0x00001024      0x3b8 C:\Users\srich\AppData\Local\Temp\ccUmz6tE.ltrans4.ltrans.o
 .debug_frame   0x000013dc       0x8c C:\Users\srich\AppData\Local\Temp\ccUmz6tE.ltrans5.ltrans.o
 .debug_frame   0x00001468      0x200 C:\Users\srich\AppData\Local\Temp\ccUmz6tE.ltrans6.ltrans.o
 .debug_frame   0x00001668      0x184 C:\Users\srich\AppData\Local\Temp\ccUmz6tE.ltrans7.ltrans.o
 .debug_frame   0x000017ec      0x2a8 C:\Users\srich\AppData\Local\Temp\ccUmz6tE.ltrans8.ltrans.o
 .debug_frame   0x00001a94       0x34 c:/chibistudio/tools/gnu tools arm embedded/4.9 2015q3/bin/../lib/gcc/arm-none-eabi/4.9.3/../../../../arm-none-eabi/lib/armv7-m\libg.a(lib_a-strpbrk.o)
 .debug_frame   0x00001ac8       0x34 c:/chibistudio/tools/gnu tools arm embedded/4.9 2015q3/bin/../lib/gcc/arm-none-eabi/4.9.3/../../../../arm-none-eabi/lib/armv7-m\libg.a(lib_a-strspn.o)
