Archive member included because of file (symbol)

c:/chibistudio/tools/gnu tools arm embedded/4.9 2015q3/bin/../lib/gcc/arm-none-eabi/4.9.3/../../../../arm-none-eabi/lib/armv7-m\libg.a(lib_a-strcmp.o)
                              C:\Users\srich\AppData\Local\Temp\cc4jYNVw.ltrans2.ltrans.o (strcmp)
c:/chibistudio/tools/gnu tools arm embedded/4.9 2015q3/bin/../lib/gcc/arm-none-eabi/4.9.3/../../../../arm-none-eabi/lib/armv7-m\libg.a(lib_a-strpbrk.o)
                              C:\Users\srich\AppData\Local\Temp\cc4jYNVw.ltrans8.ltrans.o (strpbrk)
c:/chibistudio/tools/gnu tools arm embedded/4.9 2015q3/bin/../lib/gcc/arm-none-eabi/4.9.3/../../../../arm-none-eabi/lib/armv7-m\libg.a(lib_a-strspn.o)
                              C:\Users\srich\AppData\Local\Temp\cc4jYNVw.ltrans8.ltrans.o (strspn)

Discarded input sections

 .data          0x00000000        0x0 build/obj/crt0_v7m.o
 .bss           0x00000000        0x0 build/obj/crt0_v7m.o
 .data          0x00000000        0x0 build/obj/chcoreasm_v7m.o
 .bss           0x00000000        0x0 build/obj/chcoreasm_v7m.o
 .text          0x00000000        0x0 build/obj/crt1.o (symbol from plugin)
 .text          0x00000000        0x0 C:\Users\srich\AppData\Local\Temp\cc4jYNVw.ltrans0.ltrans.o
 .data          0x00000000        0x0 C:\Users\srich\AppData\Local\Temp\cc4jYNVw.ltrans0.ltrans.o
 .bss           0x00000000        0x0 C:\Users\srich\AppData\Local\Temp\cc4jYNVw.ltrans0.ltrans.o
 .text          0x00000000        0x0 C:\Users\srich\AppData\Local\Temp\cc4jYNVw.ltrans1.ltrans.o
 .data          0x00000000        0x0 C:\Users\srich\AppData\Local\Temp\cc4jYNVw.ltrans1.ltrans.o
 .bss           0x00000000        0x0 C:\Users\srich\AppData\Local\Temp\cc4jYNVw.ltrans1.ltrans.o
 .text          0x00000000        0x0 C:\Users\srich\AppData\Local\Temp\cc4jYNVw.ltrans2.ltrans.o
 .data          0x00000000        0x0 C:\Users\srich\AppData\Local\Temp\cc4jYNVw.ltrans2.ltrans.o
 .bss           0x00000000        0x0 C:\Users\srich\AppData\Local\Temp\cc4jYNVw.ltrans2.ltrans.o
 .text          0x00000000        0x0 C:\Users\srich\AppData\Local\Temp\cc4jYNVw.ltrans3.ltrans.o
 .data          0x00000000        0x0 C:\Users\srich\AppData\Local\Temp\cc4jYNVw.ltrans3.ltrans.o
 .bss           0x00000000        0x0 C:\Users\srich\AppData\Local\Temp\cc4jYNVw.ltrans3.ltrans.o
 .text          0x00000000        0x0 C:\Users\srich\AppData\Local\Temp\cc4jYNVw.ltrans4.ltrans.o
 .data          0x00000000        0x0 C:\Users\srich\AppData\Local\Temp\cc4jYNVw.ltrans4.ltrans.o
 .bss           0x00000000        0x0 C:\Users\srich\AppData\Local\Temp\cc4jYNVw.ltrans4.ltrans.o
 .text          0x00000000        0x0 C:\Users\srich\AppData\Local\Temp\cc4jYNVw.ltrans5.ltrans.o
 .data          0x00000000        0x0 C:\Users\srich\AppData\Local\Temp\cc4jYNVw.ltrans5.ltrans.o
 .bss           0x00000000        0x0 C:\Users\srich\AppData\Local\Temp\cc4jYNVw.ltrans5.ltrans.o
 .text          0x00000000        0x0 C:\Users\srich\AppData\Local\Temp\cc4jYNVw.ltrans6.ltrans.o
 .data          0x00000000        0x0 C:\Users\srich\AppData\Local\Temp\cc4jYNVw.ltrans6.ltrans.o
 .bss           0x00000000        0x0 C:\Users\srich\AppData\Local\Temp\cc4jYNVw.ltrans6.ltrans.o
 .text          0x00000000        0x0 C:\Users\srich\AppData\Local\Temp\cc4jYNVw.ltrans7.ltrans.o
 .data          0x00000000        0x0 C:\Users\srich\AppData\Local\Temp\cc4jYNVw.ltrans7.ltrans.o
 .bss           0x00000000        0x0 C:\Users\srich\AppData\Local\Temp\cc4jYNVw.ltrans7.ltrans.o
 .text          0x00000000        0x0 C:\Users\srich\AppData\Local\Temp\cc4jYNVw.ltrans8.ltrans.o
 .data          0x00000000        0x0 C:\Users\srich\AppData\Local\Temp\cc4jYNVw.ltrans8.ltrans.o
 .bss           0x00000000        0x0 C:\Users\srich\AppData\Local\Temp\cc4jYNVw.ltrans8.ltrans.o
 .data          0x00000000        0x0 c:/chibistudio/tools/gnu tools arm embedded/4.9 2015q3/bin/../lib/gcc/arm-none-eabi/4.9.3/../../../../arm-none-eabi/lib/armv7-m\libg.a(lib_a-strcmp.o)
 .bss           0x00000000        0x0 c:/chibistudio/tools/gnu tools arm embedded/4.9 2015q3/bin/../lib/gcc/arm-none-eabi/4.9.3/../../../../arm-none-eabi/lib/armv7-m\libg.a(lib_a-strcmp.o)
 .eh_frame      0x00000000       0x38 c:/chibistudio/tools/gnu tools arm embedded/4.9 2015q3/bin/../lib/gcc/arm-none-eabi/4.9.3/../../../../arm-none-eabi/lib/armv7-m\libg.a(lib_a-strcmp.o)
 .text          0x00000000        0x0 c:/chibistudio/tools/gnu tools arm embedded/4.9 2015q3/bin/../lib/gcc/arm-none-eabi/4.9.3/../../../../arm-none-eabi/lib/armv7-m\libg.a(lib_a-strpbrk.o)
 .data          0x00000000        0x0 c:/chibistudio/tools/gnu tools arm embedded/4.9 2015q3/bin/../lib/gcc/arm-none-eabi/4.9.3/../../../../arm-none-eabi/lib/armv7-m\libg.a(lib_a-strpbrk.o)
 .bss           0x00000000        0x0 c:/chibistudio/tools/gnu tools arm embedded/4.9 2015q3/bin/../lib/gcc/arm-none-eabi/4.9.3/../../../../arm-none-eabi/lib/armv7-m\libg.a(lib_a-strpbrk.o)
[...]
Memory Configuration

Name             Origin             Length             Attributes
flash            0x08000000         0x00020000
ram0             0x20000000         0x00005000
ram1             0x00000000         0x00000000
ram2             0x00000000         0x00000000
ram3             0x00000000         0x00000000
ram4             0x00000000         0x00000000
ram5             0x00000000         0x00000000
ram6             0x00000000         0x00000000
ram7             0x00000000         0x00000000
*default*        0x00000000         0xffffffff

Linker script and memory map

LOAD build/obj/crt0_v7m.o
LOAD build/obj/chcoreasm_v7m.o
LOAD build/obj/crt1.o
LOAD C:\Users\srich\AppData\Local\Temp\cc4jYNVw.ltrans0.ltrans.o
LOAD C:\Users\srich\AppData\Local\Temp\cc4jYNVw.ltrans1.ltrans.o
LOAD C:\Users\srich\AppData\Local\Temp\cc4jYNVw.ltrans2.ltrans.o
LOAD C:\Users\srich\AppData\Local\Temp\cc4jYNVw.ltrans3.ltrans.o
LOAD C:\Users\srich\AppData\Local\Temp\cc4jYNVw.ltrans4.ltrans.o
LOAD C:\Users\srich\AppData\Local\Temp\cc4jYNVw.ltrans5.ltrans.o
LOAD C:\Users\srich\AppData\Local\Temp\cc4jYNVw.ltrans6.ltrans.o
LOAD C:\Users\srich\AppData\Local\Temp\cc4jYNVw.ltrans7.ltrans.o
LOAD C:\Users\srich\AppData\Local\Temp\cc4jYNVw.ltrans8.ltrans.o
LOAD c:/chibistudio/tools/gnu tools arm embedded/4.9 2015q3/bin/../lib/gcc/arm-none-eabi/4.9.3/armv7-m\libgcc.a
LOAD c:/chibistudio/tools/gnu tools arm embedded/4.9 2015q3/bin/../lib/gcc/arm-none-eabi/4.9.3/../../../../arm-none-eabi/lib/armv7-m\libg.a
LOAD c:/chibistudio/tools/gnu tools arm embedded/4.9 2015q3/bin/../lib/gcc/arm-none-eabi/4.9.3/../../../../arm-none-eabi/lib/armv7-m\libc.a
LOAD build/obj/vectors.o
LOAD build/obj/chsys.o
LOAD build/obj/chdebug.o
LOAD build/obj/chvt.o
LOAD build/obj/chschd.o
LOAD build/obj/chthreads.o
LOAD build/obj/chtm.o
LOAD build/obj/chdynamic.o
LOAD build/obj/chregistry.o
LOAD build/obj/chsem.o
LOAD build/obj/chmtx.o
LOAD build/obj/chcond.o
LOAD build/obj/chevents.o
LOAD build/obj/chmsg.o
LOAD build/obj/chmboxes.o
LOAD build/obj/chqueues.o
LOAD build/obj/chmemcore.o
LOAD build/obj/chheap.o
LOAD build/obj/chmempools.o
LOAD build/obj/chcore.o
LOAD build/obj/chcore_v7m.o
LOAD build/obj/osal.o
LOAD build/obj/hal.o
LOAD build/obj/st.o
LOAD build/obj/hal_buffers.o
LOAD build/obj/hal_queues.o
LOAD build/obj/hal_mmcsd.o
LOAD build/obj/can.o
LOAD build/obj/pal.o
LOAD build/obj/serial.o
LOAD build/obj/nvic.o
LOAD build/obj/hal_lld.o
LOAD build/obj/stm32_dma.o
LOAD build/obj/st_lld.o
LOAD build/obj/can_lld.o
LOAD build/obj/pal_lld.o
LOAD build/obj/serial_lld.o
LOAD build/obj/board.o
LOAD build/obj/test.o
LOAD build/obj/testthd.o
LOAD build/obj/testsem.o
LOAD build/obj/testmtx.o
LOAD build/obj/testmsg.o
LOAD build/obj/testmbox.o
LOAD build/obj/testevt.o
LOAD build/obj/testheap.o
LOAD build/obj/testpools.o
LOAD build/obj/testdyn.o
LOAD build/obj/testqueues.o
LOAD build/obj/testsys.o
LOAD build/obj/testbmk.o
LOAD build/obj/syscalls.o
LOAD build/obj/chprintf.o
LOAD build/obj/shell.o
LOAD build/obj/main.o
LOAD build/obj/console.o
LOAD build/obj/CanComm.o
                0x20000000                __ram0_start__ = ORIGIN (ram0)
                0x00005000                __ram0_size__ = 0x5000
                0x20005000                __ram0_end__ = (__ram0_start__ + __ram0_size__)
                0x00000000                __ram1_start__ = ORIGIN (ram1)
                0x00000000                __ram1_size__ = 0x0
                0x00000000                __ram1_end__ = (__ram1_start__ + __ram1_size__)
                0x00000000                __ram2_start__ = ORIGIN (ram2)
                0x00000000                __ram2_size__ = 0x0
                0x00000000                __ram2_end__ = (__ram2_start__ + __ram2_size__)
                0x00000000                __ram3_start__ = ORIGIN (ram3)
                0x00000000                __ram3_size__ = 0x0
                0x00000000                __ram3_end__ = (__ram3_start__ + __ram3_size__)
                0x00000000                __ram4_start__ = ORIGIN (ram4)
                0x00000000                __ram4_size__ = 0x0
                0x00000000                __ram4_end__ = (__ram4_start__ + __ram4_size__)
                0x00000000                __ram5_start__ = ORIGIN (ram5)
                0x00000000                __ram5_size__ = 0x0
                0x00000000                __ram5_end__ = (__ram5_start__ + __ram5_size__)
                0x00000000                __ram6_start__ = ORIGIN (ram6)
                0x00000000                __ram6_size__ = 0x0
                0x00000000                __ram6_end__ = (__ram6_start__ + __ram6_size__)
                0x00000000                __ram7_start__ = ORIGIN (ram7)
                0x00000000                __ram7_size__ = 0x0
                0x00000000                __ram7_end__ = (__ram7_start__ + __ram7_size__)
                0x00000000                . = 0x0
                0x00000000                _text = .

startup         0x08000000      0x160
 *(.vectors)
 .vectors       0x08000000      0x160 C:\Users\srich\AppData\Local\Temp\cc4jYNVw.ltrans3.ltrans.o
                0x08000000                _vectors

constructors    0x08000160        0x0
                0x08000160                __init_array_start = .
 *(SORT(.init_array.*))
 *(.init_array)
                0x08000160                __init_array_end = .

destructors     0x08000160        0x0
                0x08000160                __fini_array_start = .
 *(.fini_array)
 *(SORT(.fini_array.*))
                0x08000160                __fini_array_end = .

.text           0x08000160     0x7880
 *(.text)
 .text          0x08000160       0xc4 build/obj/crt0_v7m.o
                0x08000160                Reset_Handler
 *fill*         0x08000224        0xc 
 .text          0x08000230       0x28 build/obj/chcoreasm_v7m.o
                0x08000230                _port_switch
                0x08000240                _port_thread_start
                0x08000250                _port_switch_from_isr
                0x08000254                _port_exit_from_isr
 *fill*         0x08000258        0x8 
 .text          0x08000260      0x1bc c:/chibistudio/tools/gnu tools arm embedded/4.9 2015q3/bin/../lib/gcc/arm-none-eabi/4.9.3/../../../../arm-none-eabi/lib/armv7-m\libg.a(lib_a-strcmp.o)
                0x08000260                strcmp
 *(.text.*)
 *fill*         0x0800041c        0x4 
 .text.mtx5_setup.lto_priv.127
                0x08000420       0x10 C:\Users\srich\AppData\Local\Temp\cc4jYNVw.ltrans0.ltrans.o
                0x08000420                mtx5_setup.lto_priv.127
 .text.mtx4_setup.lto_priv.125
                0x08000430       0x1c C:\Users\srich\AppData\Local\Temp\cc4jYNVw.ltrans0.ltrans.o
                0x08000430                mtx4_setup.lto_priv.125
 *fill*         0x0800044c        0x4 
 .text.mtx1_setup.lto_priv.123
                0x08000450       0x10 C:\Users\srich\AppData\Local\Temp\cc4jYNVw.ltrans0.ltrans.o
                0x08000450                mtx1_setup.lto_priv.123
 .text.sem3_setup.lto_priv.120
                0x08000460       0x10 C:\Users\srich\AppData\Local\Temp\cc4jYNVw.ltrans0.ltrans.o
                0x08000460                sem3_setup.lto_priv.120
 .text.sem2_setup.lto_priv.118
                0x08000470       0x10 C:\Users\srich\AppData\Local\Temp\cc4jYNVw.ltrans0.ltrans.o
                0x08000470                sem2_setup.lto_priv.118
 .text.sem1_setup.lto_priv.116
                0x08000480       0x10 C:\Users\srich\AppData\Local\Temp\cc4jYNVw.ltrans0.ltrans.o
                0x08000480                sem1_setup.lto_priv.116
 .text.mtx4_execute.lto_priv.126
                0x08000490      0x248 C:\Users\srich\AppData\Local\Temp\cc4jYNVw.ltrans0.ltrans.o
                0x08000490                mtx4_execute.lto_priv.126
 *fill*         0x080006d8        0x8 
 .text.thread4a
                0x080006e0       0x20 C:\Users\srich\AppData\Local\Temp\cc4jYNVw.ltrans0.ltrans.o
 .text.thread4b
                0x08000700       0x20 C:\Users\srich\AppData\Local\Temp\cc4jYNVw.ltrans0.ltrans.o
 .text.mtx1_execute.lto_priv.124
                0x08000720       0xe4 C:\Users\srich\AppData\Local\Temp\cc4jYNVw.ltrans0.ltrans.o
                0x08000720                mtx1_execute.lto_priv.124
 *fill*         0x08000804        0xc 
 .text.thd1_execute.lto_priv.112
                0x08000810       0xc8 C:\Users\srich\AppData\Local\Temp\cc4jYNVw.ltrans0.ltrans.o
                0x08000810                thd1_execute.lto_priv.112
 *fill*         0x080008d8        0x8 
 .text.thread1.lto_priv.105
                0x080008e0       0x20 C:\Users\srich\AppData\Local\Temp\cc4jYNVw.ltrans0.ltrans.o
 .text.thread1.lto_priv.104
                0x08000900       0x18 C:\Users\srich\AppData\Local\Temp\cc4jYNVw.ltrans0.ltrans.o
 *fill*         0x08000918        0x8 
 .text.thread4  0x08000920       0x2c C:\Users\srich\AppData\Local\Temp\cc4jYNVw.ltrans0.ltrans.o
 *fill*         0x0800094c        0x4 
 .text.thread2  0x08000950       0x24 C:\Users\srich\AppData\Local\Temp\cc4jYNVw.ltrans0.ltrans.o
 *fill*         0x08000974        0xc 
 .text.sem4_execute.lto_priv.122
                0x08000980      0x158 C:\Users\srich\AppData\Local\Temp\cc4jYNVw.ltrans0.ltrans.o
                0x08000980                sem4_execute.lto_priv.122
 *fill*         0x08000ad8        0x8 
 .text.sem3_execute.lto_priv.121
                0x08000ae0       0x90 C:\Users\srich\AppData\Local\Temp\cc4jYNVw.ltrans0.ltrans.o
                0x08000ae0                sem3_execute.lto_priv.121
 .text.thread3  0x08000b70       0x18 C:\Users\srich\AppData\Local\Temp\cc4jYNVw.ltrans0.ltrans.o
 *fill*         0x08000b88        0x8 
 .text.sem2_execute.lto_priv.119
                0x08000b90      0x178 C:\Users\srich\AppData\Local\Temp\cc4jYNVw.ltrans0.ltrans.o
                0x08000b90                sem2_execute.lto_priv.119
 *fill*         0x08000d08        0x8 
 .text.sem1_execute.lto_priv.117
                0x08000d10      0x16c C:\Users\srich\AppData\Local\Temp\cc4jYNVw.ltrans0.ltrans.o
                0x08000d10                sem1_execute.lto_priv.117
 *fill*         0x08000e7c        0x4 
 .text.thd2_execute.lto_priv.113
                0x08000e80      0x150 C:\Users\srich\AppData\Local\Temp\cc4jYNVw.ltrans0.ltrans.o
                0x08000e80                thd2_execute.lto_priv.113
 .text.thd4_execute.lto_priv.115
                0x08000fd0       0xc8 C:\Users\srich\AppData\Local\Temp\cc4jYNVw.ltrans0.ltrans.o
                0x08000fd0                thd4_execute.lto_priv.115
 *fill*         0x08001098        0x8 
 .text.thd3_execute.lto_priv.114
                0x080010a0      0x12c C:\Users\srich\AppData\Local\Temp\cc4jYNVw.ltrans0.ltrans.o
                0x080010a0                thd3_execute.lto_priv.114
 *fill*         0x080011cc        0x4 
 .text.wakeup.lto_priv.101
                0x080011d0       0x70 C:\Users\srich\AppData\Local\Temp\cc4jYNVw.ltrans1.ltrans.o
                0x080011d0                wakeup.lto_priv.101
 .text._idle_thread.lto_priv.84
                0x08001240        0x4 C:\Users\srich\AppData\Local\Temp\cc4jYNVw.ltrans1.ltrans.o
                0x08001240                _idle_thread.lto_priv.84
 *fill*         0x08001244        0xc 
 .text.chSchDoRescheduleAhead
                0x08001250       0x3c C:\Users\srich\AppData\Local\Temp\cc4jYNVw.ltrans1.ltrans.o
 *fill*         0x0800128c        0x4 
 .text.chEvtUnregister
                0x08001290       0x2c C:\Users\srich\AppData\Local\Temp\cc4jYNVw.ltrans1.ltrans.o
                0x08001290                chEvtUnregister
 *fill*         0x080012bc        0x4 
 .text.chThdRelease
                0x080012c0       0x74 C:\Users\srich\AppData\Local\Temp\cc4jYNVw.ltrans1.ltrans.o
                0x080012c0                chThdRelease
 *fill*         0x08001334        0xc 
 .text.chRegNextThread
                0x08001340       0x2c C:\Users\srich\AppData\Local\Temp\cc4jYNVw.ltrans1.ltrans.o
                0x08001340                chRegNextThread
 *fill*         0x0800136c        0x4 
 .text.chTMStopMeasurementX
                0x08001370       0x44 C:\Users\srich\AppData\Local\Temp\cc4jYNVw.ltrans1.ltrans.o
                0x08001370                chTMStopMeasurementX
 *fill*         0x080013b4        0xc 
 .text.chThdYield
                0x080013c0       0x58 C:\Users\srich\AppData\Local\Temp\cc4jYNVw.ltrans1.ltrans.o
                0x080013c0                chThdYield
 *fill*         0x08001418        0x8 
 .text.chSchDoReschedule
                0x08001420        0x4 C:\Users\srich\AppData\Local\Temp\cc4jYNVw.ltrans1.ltrans.o
                0x08001420                chSchDoReschedule
 *fill*         0x08001424        0xc 
 .text.chSchRescheduleS
                0x08001430       0x18 C:\Users\srich\AppData\Local\Temp\cc4jYNVw.ltrans1.ltrans.o
                0x08001430                chSchRescheduleS
 *fill*         0x08001448        0x8 
 .text.chThdSetPriority
                0x08001450       0x30 C:\Users\srich\AppData\Local\Temp\cc4jYNVw.ltrans1.ltrans.o
                0x08001450                chThdSetPriority
 .text.chSchWakeupS
                0x08001480       0x58 C:\Users\srich\AppData\Local\Temp\cc4jYNVw.ltrans1.ltrans.o
                0x08001480                chSchWakeupS
 *fill*         0x080014d8        0x8 
 .text.chSemSignal
                0x080014e0       0x34 C:\Users\srich\AppData\Local\Temp\cc4jYNVw.ltrans1.ltrans.o
                0x080014e0                chSemSignal
 *fill*         0x08001514        0xc 
 .text.chThdCreateFromHeap
                0x08001520       0x8c C:\Users\srich\AppData\Local\Temp\cc4jYNVw.ltrans1.ltrans.o
                0x08001520                chThdCreateFromHeap
 *fill*         0x080015ac        0x4 
 .text.chThdCreateStatic
                0x080015b0       0x7c C:\Users\srich\AppData\Local\Temp\cc4jYNVw.ltrans1.ltrans.o
                0x080015b0                chThdCreateStatic
 *fill*         0x0800162c        0x4 
 .text.chSchGoSleepS
                0x08001630       0x24 C:\Users\srich\AppData\Local\Temp\cc4jYNVw.ltrans1.ltrans.o
                0x08001630                chSchGoSleepS
 *fill*         0x08001654        0xc 
 .text.chMsgWait
                0x08001660       0x3c C:\Users\srich\AppData\Local\Temp\cc4jYNVw.ltrans1.ltrans.o
                0x08001660                chMsgWait
 *fill*         0x0800169c        0x4 
 .text.chSemWait
                0x080016a0       0x44 C:\Users\srich\AppData\Local\Temp\cc4jYNVw.ltrans1.ltrans.o
                0x080016a0                chSemWait
 *fill*         0x080016e4        0xc 
 .text.chThdWait
                0x080016f0       0x38 C:\Users\srich\AppData\Local\Temp\cc4jYNVw.ltrans1.ltrans.o
                0x080016f0                chThdWait
 *fill*         0x08001728        0x8 
 .text.chSchReadyI
                0x08001730       0x2c C:\Users\srich\AppData\Local\Temp\cc4jYNVw.ltrans1.ltrans.o
                0x08001730                chSchReadyI
 *fill*         0x0800175c        0x4 
 .text.chIQPutI
                0x08001760       0x54 C:\Users\srich\AppData\Local\Temp\cc4jYNVw.ltrans1.ltrans.o
                0x08001760                chIQPutI
 *fill*         0x080017b4        0xc 
 .text.chMsgSend
                0x080017c0       0x40 C:\Users\srich\AppData\Local\Temp\cc4jYNVw.ltrans1.ltrans.o
                0x080017c0                chMsgSend
 .text.chEvtSignalI
                0x08001800       0x2c C:\Users\srich\AppData\Local\Temp\cc4jYNVw.ltrans1.ltrans.o
                0x08001800                chEvtSignalI
 *fill*         0x0800182c        0x4 
 .text.chEvtBroadcastFlagsI
                0x08001830       0x2c C:\Users\srich\AppData\Local\Temp\cc4jYNVw.ltrans1.ltrans.o
                0x08001830                chEvtBroadcastFlagsI
 *fill*         0x0800185c        0x4 
 .text.chMtxUnlockAll
                0x08001860       0x54 C:\Users\srich\AppData\Local\Temp\cc4jYNVw.ltrans1.ltrans.o
                0x08001860                chMtxUnlockAll
 *fill*         0x080018b4        0xc 
 .text.chMtxUnlockS
                0x080018c0       0x50 C:\Users\srich\AppData\Local\Temp\cc4jYNVw.ltrans1.ltrans.o
                0x080018c0                chMtxUnlockS
 .text.chMtxUnlock
                0x08001910       0x64 C:\Users\srich\AppData\Local\Temp\cc4jYNVw.ltrans1.ltrans.o
                0x08001910                chMtxUnlock
 *fill*         0x08001974        0xc 
 .text.chMtxLockS
                0x08001980       0xc8 C:\Users\srich\AppData\Local\Temp\cc4jYNVw.ltrans1.ltrans.o
                0x08001980                chMtxLockS
 *fill*         0x08001a48        0x8 
 .text.chMtxLock
                0x08001a50       0x14 C:\Users\srich\AppData\Local\Temp\cc4jYNVw.ltrans1.ltrans.o
                0x08001a50                chMtxLock
 *fill*         0x08001a64        0xc 
 .text.chSemSignalI
                0x08001a70       0x28 C:\Users\srich\AppData\Local\Temp\cc4jYNVw.ltrans1.ltrans.o
                0x08001a70                chSemSignalI
 *fill*         0x08001a98        0x8 
 .text.chSemResetI
                0x08001aa0       0x28 C:\Users\srich\AppData\Local\Temp\cc4jYNVw.ltrans1.ltrans.o
                0x08001aa0                chSemResetI
 *fill*         0x08001ac8        0x8 
 .text.chThdDequeueAllI
                0x08001ad0       0x24 C:\Users\srich\AppData\Local\Temp\cc4jYNVw.ltrans1.ltrans.o
                0x08001ad0                chThdDequeueAllI
 *fill*         0x08001af4        0xc 
 .text.chThdExitS
                0x08001b00       0x40 C:\Users\srich\AppData\Local\Temp\cc4jYNVw.ltrans1.ltrans.o
                0x08001b00                chThdExitS
 .text.chThdExit
                0x08001b40        0xc C:\Users\srich\AppData\Local\Temp\cc4jYNVw.ltrans1.ltrans.o
                0x08001b40                chThdExit
 *fill*         0x08001b4c        0x4 
 .text.chVTDoResetI
                0x08001b50       0x78 C:\Users\srich\AppData\Local\Temp\cc4jYNVw.ltrans1.ltrans.o
                0x08001b50                chVTDoResetI
 *fill*         0x08001bc8        0x8 
 .text.chVTDoSetI
                0x08001bd0       0x80 C:\Users\srich\AppData\Local\Temp\cc4jYNVw.ltrans1.ltrans.o
                0x08001bd0                chVTDoSetI
 .text.chSchGoSleepTimeoutS
                0x08001c50       0x48 C:\Users\srich\AppData\Local\Temp\cc4jYNVw.ltrans1.ltrans.o
                0x08001c50                chSchGoSleepTimeoutS
 *fill*         0x08001c98        0x8 
 .text.chSemWaitTimeoutS
                0x08001ca0       0x40 C:\Users\srich\AppData\Local\Temp\cc4jYNVw.ltrans1.ltrans.o
                0x08001ca0                chSemWaitTimeoutS
 .text.chThdEnqueueTimeoutS
                0x08001ce0       0x28 C:\Users\srich\AppData\Local\Temp\cc4jYNVw.ltrans1.ltrans.o
                0x08001ce0                chThdEnqueueTimeoutS
 *fill*         0x08001d08        0x8 
 .text.chOQPutTimeout
                0x08001d10       0x54 C:\Users\srich\AppData\Local\Temp\cc4jYNVw.ltrans1.ltrans.o
                0x08001d10                chOQPutTimeout
 *fill*         0x08001d64        0xc 
 .text.chIQReadTimeout
                0x08001d70       0x78 C:\Users\srich\AppData\Local\Temp\cc4jYNVw.ltrans1.ltrans.o
                0x08001d70                chIQReadTimeout
 *fill*         0x08001de8        0x8 
 .text.chIQGetTimeout
                0x08001df0       0x50 C:\Users\srich\AppData\Local\Temp\cc4jYNVw.ltrans1.ltrans.o
                0x08001df0                chIQGetTimeout
 .text.chThdSleep
                0x08001e40       0x18 C:\Users\srich\AppData\Local\Temp\cc4jYNVw.ltrans1.ltrans.o
                0x08001e40                chThdSleep
 *fill*         0x08001e58        0x8 
 .text.chSysRestoreStatusX.part.3.lto_priv.94
                0x08001e60       0x20 C:\Users\srich\AppData\Local\Temp\cc4jYNVw.ltrans1.ltrans.o
                0x08001e60                chSysRestoreStatusX.part.3.lto_priv.94
 .text.chSysGetStatusAndLockX.part.2.lto_priv.95
                0x08001e80       0x1c C:\Users\srich\AppData\Local\Temp\cc4jYNVw.ltrans1.ltrans.o
                0x08001e80                chSysGetStatusAndLockX.part.2.lto_priv.95
 *fill*         0x08001e9c        0x4 
 .text.chSysIntegrityCheckI
                0x08001ea0       0xb4 C:\Users\srich\AppData\Local\Temp\cc4jYNVw.ltrans1.ltrans.o
                0x08001ea0                chSysIntegrityCheckI
 *fill*         0x08001f54        0xc 
 .text._unhandled_exception
                0x08001f60        0x4 C:\Users\srich\AppData\Local\Temp\cc4jYNVw.ltrans1.ltrans.o
                0x08001f60                Vector58
                0x08001f60                VectorE8
                0x08001f60                Vector9C
                0x08001f60                VectorAC
                0x08001f60                DebugMon_Handler
                0x08001f60                Vector5C
                0x08001f60                Vector11C
                0x08001f60                HardFault_Handler
                0x08001f60                SysTick_Handler
                0x08001f60                VectorDC
                0x08001f60                PendSV_Handler
                0x08001f60                NMI_Handler
                0x08001f60                Vector110
                0x08001f60                Vector120
                0x08001f60                VectorC8
                0x08001f60                VectorA8
                0x08001f60                VectorB4
                0x08001f60                Vector74
                0x08001f60                UsageFault_Handler
                0x08001f60                VectorEC
                0x08001f60                Vector40
                0x08001f60                VectorF8
                0x08001f60                Vector108
                0x08001f60                VectorBC
                0x08001f60                Vector150
                0x08001f60                Vector124
                0x08001f60                Vector148
                0x08001f60                Vector118
                0x08001f60                Vector64
                0x08001f60                VectorCC
                0x08001f60                Vector54
                0x08001f60                VectorD8
                0x08001f60                Vector138
                0x08001f60                Vector24
                0x08001f60                Vector84
                0x08001f60                VectorD0
                0x08001f60                Vector140
                0x08001f60                VectorE4
                0x08001f60                VectorC0
                0x08001f60                Vector158
                0x08001f60                Vector130
                0x08001f60                Vector134
                0x08001f60                VectorF0
                0x08001f60                Vector12C
                0x08001f60                Vector13C
                0x08001f60                Vector100
                0x08001f60                VectorE0
                0x08001f60                VectorF4
                0x08001f60                MemManage_Handler
                0x08001f60                Vector6C
                0x08001f60                VectorA0
                0x08001f60                VectorC4
                0x08001f60                Vector7C
                0x08001f60                Vector114
                0x08001f60                Vector60
                0x08001f60                Vector1C
                0x08001f60                Vector48
                0x08001f60                Vector70
                0x08001f60                Vector4C
                0x08001f60                Vector144
                0x08001f60                Vector80
                0x08001f60                Vector15C
                0x08001f60                Vector68
                0x08001f60                Vector78
                0x08001f60                Vector88
                0x08001f60                Vector104
                0x08001f60                Vector10C
                0x08001f60                Vector14C
                0x08001f60                BusFault_Handler
                0x08001f60                Vector50
                0x08001f60                Vector154
                0x08001f60                Vector44
                0x08001f60                Vector28
                0x08001f60                VectorB8
                0x08001f60                VectorFC
                0x08001f60                Vector34
                0x08001f60                Vector128
                0x08001f60                VectorA4
                0x08001f60                Vector20
 *fill*         0x08001f64        0xc 
 .text.__init_ram_areas
                0x08001f70       0x4c C:\Users\srich\AppData\Local\Temp\cc4jYNVw.ltrans1.ltrans.o
                0x08001f70                __init_ram_areas
 *fill*         0x08001fbc        0x4 
 .text.__default_exit
                0x08001fc0        0x4 C:\Users\srich\AppData\Local\Temp\cc4jYNVw.ltrans1.ltrans.o
                0x08001fc0                __default_exit
 *fill*         0x08001fc4        0xc 
 .text.__late_init
                0x08001fd0        0x4 C:\Users\srich\AppData\Local\Temp\cc4jYNVw.ltrans1.ltrans.o
                0x08001fd0                __late_init
 *fill*         0x08001fd4        0xc 
 .text.__core_init
                0x08001fe0        0x4 C:\Users\srich\AppData\Local\Temp\cc4jYNVw.ltrans1.ltrans.o
                0x08001fe0                __core_init
 *fill*         0x08001fe4        0xc 
 .text.bmk12_setup.lto_priv.171
                0x08001ff0       0x10 C:\Users\srich\AppData\Local\Temp\cc4jYNVw.ltrans2.ltrans.o
                0x08001ff0                bmk12_setup.lto_priv.171
 .text.bmk13_execute.lto_priv.173
                0x08002000       0xec C:\Users\srich\AppData\Local\Temp\cc4jYNVw.ltrans2.ltrans.o
                0x08002000                bmk13_execute.lto_priv.173
 *fill*         0x080020ec        0x4 
 .text.bmk12_execute.lto_priv.172
                0x080020f0       0x6c C:\Users\srich\AppData\Local\Temp\cc4jYNVw.ltrans2.ltrans.o
                0x080020f0                bmk12_execute.lto_priv.172
 *fill*         0x0800215c        0x4 
 .text.bmk11_execute.lto_priv.170
                0x08002160       0x6c C:\Users\srich\AppData\Local\Temp\cc4jYNVw.ltrans2.ltrans.o
                0x08002160                bmk11_execute.lto_priv.170
 *fill*         0x080021cc        0x4 
 .text.startup.main
                0x080021d0      0x4bc C:\Users\srich\AppData\Local\Temp\cc4jYNVw.ltrans2.ltrans.o
                0x080021d0                main
 *fill*         0x0800268c        0x4 
 .text.chprintf
                0x08002690      0x314 C:\Users\srich\AppData\Local\Temp\cc4jYNVw.ltrans2.ltrans.o
                0x08002690                chprintf
 *fill*         0x080029a4        0xc 
 .text.shell_thread
                0x080029b0      0x230 C:\Users\srich\AppData\Local\Temp\cc4jYNVw.ltrans2.ltrans.o
 .text.cmd_systime
                0x08002be0       0x34 C:\Users\srich\AppData\Local\Temp\cc4jYNVw.ltrans2.ltrans.o
 *fill*         0x08002c14        0xc 
 .text.cmd_info
                0x08002c20       0xbc C:\Users\srich\AppData\Local\Temp\cc4jYNVw.ltrans2.ltrans.o
 *fill*         0x08002cdc        0x4 
 .text.print_line
                0x08002ce0       0x30 C:\Users\srich\AppData\Local\Temp\cc4jYNVw.ltrans3.ltrans.o
 .text.tmr.lto_priv.75
                0x08002d10        0xc C:\Users\srich\AppData\Local\Temp\cc4jYNVw.ltrans3.ltrans.o
                0x08002d10                tmr.lto_priv.75
 *fill*         0x08002d1c        0x4 
 .text.notify1.lto_priv.74
                0x08002d20       0x10 C:\Users\srich\AppData\Local\Temp\cc4jYNVw.ltrans3.ltrans.o
                0x08002d20                notify1.lto_priv.74
 .text._port_irq_epilogue
                0x08002d30       0x54 C:\Users\srich\AppData\Local\Temp\cc4jYNVw.ltrans3.ltrans.o
 *fill*         0x08002d84        0xc 
 .text.VectorB0
                0x08002d90       0xa0 C:\Users\srich\AppData\Local\Temp\cc4jYNVw.ltrans3.ltrans.o
 .text.SVC_Handler
                0x08002e30       0x14 C:\Users\srich\AppData\Local\Temp\cc4jYNVw.ltrans3.ltrans.o
 *fill*         0x08002e44        0xc 
 .text.chCoreAlloc
                0x08002e50       0x38 C:\Users\srich\AppData\Local\Temp\cc4jYNVw.ltrans3.ltrans.o
                0x08002e50                chCoreAlloc
 *fill*         0x08002e88        0x8 
 .text.Vector98
                0x08002e90       0x60 C:\Users\srich\AppData\Local\Temp\cc4jYNVw.ltrans3.ltrans.o
 .text.Vector94
                0x08002ef0       0x64 C:\Users\srich\AppData\Local\Temp\cc4jYNVw.ltrans3.ltrans.o
 *fill*         0x08002f54        0xc 
 .text.Vector90
                0x08002f60       0x64 C:\Users\srich\AppData\Local\Temp\cc4jYNVw.ltrans3.ltrans.o
 *fill*         0x08002fc4        0xc 
 .text.Vector8C
                0x08002fd0       0x70 C:\Users\srich\AppData\Local\Temp\cc4jYNVw.ltrans3.ltrans.o
 .text.readt.lto_priv.83
                0x08003040        0x8 C:\Users\srich\AppData\Local\Temp\cc4jYNVw.ltrans3.ltrans.o
                0x08003040                readt.lto_priv.83
 *fill*         0x08003048        0x8 
 .text.read.lto_priv.77
                0x08003050        0xc C:\Users\srich\AppData\Local\Temp\cc4jYNVw.ltrans3.ltrans.o
                0x08003050                read.lto_priv.77
 *fill*         0x0800305c        0x4 
 .text.gett.lto_priv.81
                0x08003060        0x8 C:\Users\srich\AppData\Local\Temp\cc4jYNVw.ltrans3.ltrans.o
                0x08003060                gett.lto_priv.81
 *fill*         0x08003068        0x8 
 .text.get.lto_priv.79
                0x08003070        0xc C:\Users\srich\AppData\Local\Temp\cc4jYNVw.ltrans3.ltrans.o
                0x08003070                get.lto_priv.79
 *fill*         0x0800307c        0x4 
 .text.putt.lto_priv.80
                0x08003080        0x8 C:\Users\srich\AppData\Local\Temp\cc4jYNVw.ltrans3.ltrans.o
                0x08003080                putt.lto_priv.80
 *fill*         0x08003088        0x8 
 .text.put.lto_priv.78
                0x08003090        0xc C:\Users\srich\AppData\Local\Temp\cc4jYNVw.ltrans3.ltrans.o
                0x08003090                put.lto_priv.78
 *fill*         0x0800309c        0x4 
 .text.test_wait_tick
                0x080030a0       0x20 C:\Users\srich\AppData\Local\Temp\cc4jYNVw.ltrans3.ltrans.o
                0x080030a0                test_wait_tick
 .text.test_wait_threads
                0x080030c0       0x24 C:\Users\srich\AppData\Local\Temp\cc4jYNVw.ltrans3.ltrans.o
                0x080030c0                test_wait_threads
 *fill*         0x080030e4        0xc 
 .text.test_terminate_threads
                0x080030f0       0x30 C:\Users\srich\AppData\Local\Temp\cc4jYNVw.ltrans3.ltrans.o
                0x080030f0                test_terminate_threads
 .text._test_assert_time_window
                0x08003120       0x44 C:\Users\srich\AppData\Local\Temp\cc4jYNVw.ltrans3.ltrans.o
                0x08003120                _test_assert_time_window
 *fill*         0x08003164        0xc 
 .text._test_assert_sequence
                0x08003170       0x50 C:\Users\srich\AppData\Local\Temp\cc4jYNVw.ltrans3.ltrans.o
                0x08003170                _test_assert_sequence
 .text._test_assert
                0x080031c0       0x2c C:\Users\srich\AppData\Local\Temp\cc4jYNVw.ltrans3.ltrans.o
                0x080031c0                _test_assert
 *fill*         0x080031ec        0x4 
 .text.test_emit_token
                0x080031f0       0x24 C:\Users\srich\AppData\Local\Temp\cc4jYNVw.ltrans3.ltrans.o
                0x080031f0                test_emit_token
 *fill*         0x08003214        0xc 
 .text.thread.lto_priv.107
                0x08003220        0x8 C:\Users\srich\AppData\Local\Temp\cc4jYNVw.ltrans3.ltrans.o
                0x08003220                thread.lto_priv.107
 *fill*         0x08003228        0x8 
 .text.test_println
                0x08003230       0x34 C:\Users\srich\AppData\Local\Temp\cc4jYNVw.ltrans3.ltrans.o
                0x08003230                test_println
 *fill*         0x08003264        0xc 
 .text.test_print
                0x08003270       0x20 C:\Users\srich\AppData\Local\Temp\cc4jYNVw.ltrans3.ltrans.o
                0x08003270                test_print
 .text.test_printn
                0x08003290       0x5c C:\Users\srich\AppData\Local\Temp\cc4jYNVw.ltrans3.ltrans.o
                0x08003290                test_printn
 *fill*         0x080032ec        0x4 
 .text.TestThread
                0x080032f0      0x31c C:\Users\srich\AppData\Local\Temp\cc4jYNVw.ltrans3.ltrans.o
                0x080032f0                TestThread
 *fill*         0x0800360c        0x4 
 .text.__early_init
                0x08003610       0x8c C:\Users\srich\AppData\Local\Temp\cc4jYNVw.ltrans3.ltrans.o
                0x08003610                __early_init
 *fill*         0x0800369c        0x4 
 .text.chPoolAlloc
                0x080036a0       0x2c C:\Users\srich\AppData\Local\Temp\cc4jYNVw.ltrans3.ltrans.o
                0x080036a0                chPoolAlloc
 *fill*         0x080036cc        0x4 
 .text.chHeapStatus
                0x080036d0       0x44 C:\Users\srich\AppData\Local\Temp\cc4jYNVw.ltrans3.ltrans.o
                0x080036d0                chHeapStatus
 *fill*         0x08003714        0xc 
 .text.chHeapFree
                0x08003720       0x90 C:\Users\srich\AppData\Local\Temp\cc4jYNVw.ltrans3.ltrans.o
                0x08003720                chHeapFree
 .text.chHeapAlloc
                0x080037b0       0x8c C:\Users\srich\AppData\Local\Temp\cc4jYNVw.ltrans3.ltrans.o
                0x080037b0                chHeapAlloc
 *fill*         0x0800383c        0x4 
 .text.chOQWriteTimeout
                0x08003840       0x80 C:\Users\srich\AppData\Local\Temp\cc4jYNVw.ltrans3.ltrans.o
                0x08003840                chOQWriteTimeout
 .text.writet.lto_priv.82
                0x080038c0        0x8 C:\Users\srich\AppData\Local\Temp\cc4jYNVw.ltrans3.ltrans.o
                0x080038c0                writet.lto_priv.82
 *fill*         0x080038c8        0x8 
 .text.write.lto_priv.76
                0x080038d0        0xc C:\Users\srich\AppData\Local\Temp\cc4jYNVw.ltrans3.ltrans.o
                0x080038d0                write.lto_priv.76
 *fill*         0x080038dc        0x4 
 .text.chOQGetI
                0x080038e0       0x4c C:\Users\srich\AppData\Local\Temp\cc4jYNVw.ltrans3.ltrans.o
                0x080038e0                chOQGetI
 *fill*         0x0800392c        0x4 
 .text.VectorD4
                0x08003930      0x144 C:\Users\srich\AppData\Local\Temp\cc4jYNVw.ltrans3.ltrans.o
 *fill*         0x08003a74        0xc 
 .text.mbox1_setup.lto_priv.136
                0x08003a80       0x38 C:\Users\srich\AppData\Local\Temp\cc4jYNVw.ltrans4.ltrans.o
                0x08003a80                mbox1_setup.lto_priv.136
 *fill*         0x08003ab8        0x8 
 .text.mtx8_setup.lto_priv.133
                0x08003ac0       0x28 C:\Users\srich\AppData\Local\Temp\cc4jYNVw.ltrans4.ltrans.o
                0x08003ac0                mtx8_setup.lto_priv.133
 *fill*         0x08003ae8        0x8 
 .text.mtx7_setup.lto_priv.131
                0x08003af0       0x1c C:\Users\srich\AppData\Local\Temp\cc4jYNVw.ltrans4.ltrans.o
                0x08003af0                mtx7_setup.lto_priv.131
 *fill*         0x08003b0c        0x4 
 .text.mtx6_setup.lto_priv.129
                0x08003b10       0x1c C:\Users\srich\AppData\Local\Temp\cc4jYNVw.ltrans4.ltrans.o
                0x08003b10                mtx6_setup.lto_priv.129
 *fill*         0x08003b2c        0x4 
 .text.mbox1_execute.lto_priv.137
                0x08003b30      0x5c8 C:\Users\srich\AppData\Local\Temp\cc4jYNVw.ltrans4.ltrans.o
                0x08003b30                mbox1_execute.lto_priv.137
 *fill*         0x080040f8        0x8 
 .text.thread   0x08004100       0x20 C:\Users\srich\AppData\Local\Temp\cc4jYNVw.ltrans4.ltrans.o
 .text.msg1_execute.lto_priv.135
                0x08004120       0x94 C:\Users\srich\AppData\Local\Temp\cc4jYNVw.ltrans4.ltrans.o
                0x08004120                msg1_execute.lto_priv.135
 *fill*         0x080041b4        0xc 
 .text.mtx8_execute.lto_priv.134
                0x080041c0       0x90 C:\Users\srich\AppData\Local\Temp\cc4jYNVw.ltrans4.ltrans.o
                0x080041c0                mtx8_execute.lto_priv.134
 .text.thread12
                0x08004250       0x20 C:\Users\srich\AppData\Local\Temp\cc4jYNVw.ltrans4.ltrans.o
 .text.thread11
                0x08004270       0x88 C:\Users\srich\AppData\Local\Temp\cc4jYNVw.ltrans4.ltrans.o
 *fill*         0x080042f8        0x8 
 .text.thread10
                0x08004300       0x6c C:\Users\srich\AppData\Local\Temp\cc4jYNVw.ltrans4.ltrans.o
 *fill*         0x0800436c        0x4 
 .text.mtx7_execute.lto_priv.132
                0x08004370       0xf0 C:\Users\srich\AppData\Local\Temp\cc4jYNVw.ltrans4.ltrans.o
                0x08004370                mtx7_execute.lto_priv.132
 .text.mtx6_execute.lto_priv.130
                0x08004460       0xdc C:\Users\srich\AppData\Local\Temp\cc4jYNVw.ltrans4.ltrans.o
                0x08004460                mtx6_execute.lto_priv.130
 *fill*         0x0800453c        0x4 
 .text.mtx5_execute.lto_priv.128
                0x08004540       0xfc C:\Users\srich\AppData\Local\Temp\cc4jYNVw.ltrans4.ltrans.o
                0x08004540                mtx5_execute.lto_priv.128
 *fill*         0x0800463c        0x4 
 .text.notify.lto_priv.93
                0x08004640        0x4 C:\Users\srich\AppData\Local\Temp\cc4jYNVw.ltrans5.ltrans.o
                0x08004640                notify.lto_priv.93
 *fill*         0x08004644        0xc 
 .text.queues2_setup.lto_priv.156
                0x08004650       0x30 C:\Users\srich\AppData\Local\Temp\cc4jYNVw.ltrans5.ltrans.o
                0x08004650                queues2_setup.lto_priv.156
 .text.queues1_setup.lto_priv.154
                0x08004680       0x30 C:\Users\srich\AppData\Local\Temp\cc4jYNVw.ltrans5.ltrans.o
                0x08004680                queues1_setup.lto_priv.154
 .text.dyn3_setup.lto_priv.152
                0x080046b0       0x30 C:\Users\srich\AppData\Local\Temp\cc4jYNVw.ltrans5.ltrans.o
                0x080046b0                dyn3_setup.lto_priv.152
 .text.dyn2_setup.lto_priv.150
                0x080046e0       0x14 C:\Users\srich\AppData\Local\Temp\cc4jYNVw.ltrans5.ltrans.o
                0x080046e0                dyn2_setup.lto_priv.150
 *fill*         0x080046f4        0xc 
 .text.dyn1_setup.lto_priv.148
                0x08004700       0x30 C:\Users\srich\AppData\Local\Temp\cc4jYNVw.ltrans5.ltrans.o
                0x08004700                dyn1_setup.lto_priv.148
 .text.null_provider
                0x08004730        0x4 C:\Users\srich\AppData\Local\Temp\cc4jYNVw.ltrans5.ltrans.o
 *fill*         0x08004734        0xc 
 .text.pools1_setup.lto_priv.146
                0x08004740       0x14 C:\Users\srich\AppData\Local\Temp\cc4jYNVw.ltrans5.ltrans.o
                0x08004740                pools1_setup.lto_priv.146
 *fill*         0x08004754        0xc 
 .text.heap1_setup.lto_priv.144
                0x08004760       0x30 C:\Users\srich\AppData\Local\Temp\cc4jYNVw.ltrans5.ltrans.o
                0x08004760                heap1_setup.lto_priv.144
 .text.thread1  0x08004790       0x10 C:\Users\srich\AppData\Local\Temp\cc4jYNVw.ltrans5.ltrans.o
 .text.thread.lto_priv.73
                0x080047a0        0x8 C:\Users\srich\AppData\Local\Temp\cc4jYNVw.ltrans5.ltrans.o
                0x080047a0                thread.lto_priv.73
 *fill*         0x080047a8        0x8 
 .text.queues1_execute.lto_priv.155
                0x080047b0      0x268 C:\Users\srich\AppData\Local\Temp\cc4jYNVw.ltrans5.ltrans.o
                0x080047b0                queues1_execute.lto_priv.155
 *fill*         0x08004a18        0x8 
 .text.regfind  0x08004a20       0x38 C:\Users\srich\AppData\Local\Temp\cc4jYNVw.ltrans5.ltrans.o
 *fill*         0x08004a58        0x8 
 .text.dyn3_execute.lto_priv.153
                0x08004a60      0x13c C:\Users\srich\AppData\Local\Temp\cc4jYNVw.ltrans5.ltrans.o
                0x08004a60                dyn3_execute.lto_priv.153
 *fill*         0x08004b9c        0x4 
 .text.pools1_execute.lto_priv.147
                0x08004ba0       0xd0 C:\Users\srich\AppData\Local\Temp\cc4jYNVw.ltrans5.ltrans.o
                0x08004ba0                pools1_execute.lto_priv.147
 .text.dyn2_execute.lto_priv.151
                0x08004c70       0xe8 C:\Users\srich\AppData\Local\Temp\cc4jYNVw.ltrans5.ltrans.o
                0x08004c70                dyn2_execute.lto_priv.151
 *fill*         0x08004d58        0x8 
 .text.dyn1_execute.lto_priv.149
                0x08004d60       0xf4 C:\Users\srich\AppData\Local\Temp\cc4jYNVw.ltrans5.ltrans.o
                0x08004d60                dyn1_execute.lto_priv.149
 *fill*         0x08004e54        0xc 
 .text.heap1_execute.lto_priv.145
                0x08004e60      0x240 C:\Users\srich\AppData\Local\Temp\cc4jYNVw.ltrans5.ltrans.o
                0x08004e60                heap1_execute.lto_priv.145
 .text.bmk11_setup.lto_priv.169
                0x080050a0       0x10 C:\Users\srich\AppData\Local\Temp\cc4jYNVw.ltrans6.ltrans.o
                0x080050a0                bmk11_setup.lto_priv.169
 .text.tmo      0x080050b0        0x4 C:\Users\srich\AppData\Local\Temp\cc4jYNVw.ltrans6.ltrans.o
 *fill*         0x080050b4        0xc 
 .text.bmk7_setup.lto_priv.164
                0x080050c0       0x10 C:\Users\srich\AppData\Local\Temp\cc4jYNVw.ltrans6.ltrans.o
                0x080050c0                bmk7_setup.lto_priv.164
 .text.sys2_execute.lto_priv.110
                0x080050d0       0x1c C:\Users\srich\AppData\Local\Temp\cc4jYNVw.ltrans6.ltrans.o
                0x080050d0                sys2_execute.lto_priv.110
 *fill*         0x080050ec        0x4 
 .text.bmk10_execute.lto_priv.168
                0x080050f0       0x78 C:\Users\srich\AppData\Local\Temp\cc4jYNVw.ltrans6.ltrans.o
                0x080050f0                bmk10_execute.lto_priv.168
 *fill*         0x08005168        0x8 
 .text.bmk9_execute.lto_priv.167
                0x08005170       0xb0 C:\Users\srich\AppData\Local\Temp\cc4jYNVw.ltrans6.ltrans.o
                0x08005170                bmk9_execute.lto_priv.167
 .text.bmk8_execute.lto_priv.166
                0x08005220       0xdc C:\Users\srich\AppData\Local\Temp\cc4jYNVw.ltrans6.ltrans.o
                0x08005220                bmk8_execute.lto_priv.166
 *fill*         0x080052fc        0x4 
 .text.bmk6_execute.lto_priv.163
                0x08005300       0x64 C:\Users\srich\AppData\Local\Temp\cc4jYNVw.ltrans6.ltrans.o
                0x08005300                bmk6_execute.lto_priv.163
 *fill*         0x08005364        0xc 
 .text.thread8  0x08005370       0x2c C:\Users\srich\AppData\Local\Temp\cc4jYNVw.ltrans6.ltrans.o
 *fill*         0x0800539c        0x4 
 .text.thread3  0x080053a0       0x24 C:\Users\srich\AppData\Local\Temp\cc4jYNVw.ltrans6.ltrans.o
 *fill*         0x080053c4        0xc 
 .text.bmk7_execute.lto_priv.165
                0x080053d0      0x124 C:\Users\srich\AppData\Local\Temp\cc4jYNVw.ltrans6.ltrans.o
                0x080053d0                bmk7_execute.lto_priv.165
 *fill*         0x080054f4        0xc 
 .text.bmk5_execute.lto_priv.162
                0x08005500       0x68 C:\Users\srich\AppData\Local\Temp\cc4jYNVw.ltrans6.ltrans.o
                0x08005500                bmk5_execute.lto_priv.162
 *fill*         0x08005568        0x8 
 .text.bmk4_execute.lto_priv.161
                0x08005570       0xb8 C:\Users\srich\AppData\Local\Temp\cc4jYNVw.ltrans6.ltrans.o
                0x08005570                bmk4_execute.lto_priv.161
 *fill*         0x08005628        0x8 
 .text.thread4  0x08005630       0x24 C:\Users\srich\AppData\Local\Temp\cc4jYNVw.ltrans6.ltrans.o
 *fill*         0x08005654        0xc 
 .text.thread2.lto_priv.92
                0x08005660       0x20 C:\Users\srich\AppData\Local\Temp\cc4jYNVw.ltrans6.ltrans.o
 .text.msg_loop_test
                0x08005680       0x30 C:\Users\srich\AppData\Local\Temp\cc4jYNVw.ltrans6.ltrans.o
 .text.bmk3_execute.lto_priv.160
                0x080056b0       0xd8 C:\Users\srich\AppData\Local\Temp\cc4jYNVw.ltrans6.ltrans.o
                0x080056b0                bmk3_execute.lto_priv.160
 *fill*         0x08005788        0x8 
 .text.bmk2_execute.lto_priv.159
                0x08005790       0x6c C:\Users\srich\AppData\Local\Temp\cc4jYNVw.ltrans6.ltrans.o
                0x08005790                bmk2_execute.lto_priv.159
 *fill*         0x080057fc        0x4 
 .text.bmk1_execute.lto_priv.158
                0x08005800       0x6c C:\Users\srich\AppData\Local\Temp\cc4jYNVw.ltrans6.ltrans.o
                0x08005800                bmk1_execute.lto_priv.158
 *fill*         0x0800586c        0x4 
 .text.sys3_execute.lto_priv.111
                0x08005870       0x84 C:\Users\srich\AppData\Local\Temp\cc4jYNVw.ltrans6.ltrans.o
                0x08005870                sys3_execute.lto_priv.111
 *fill*         0x080058f4        0xc 
 .text.sys1_execute.lto_priv.109
                0x08005900       0xb4 C:\Users\srich\AppData\Local\Temp\cc4jYNVw.ltrans6.ltrans.o
                0x08005900                sys1_execute.lto_priv.109
 *fill*         0x080059b4        0xc 
 .text.vtcb     0x080059c0       0x28 C:\Users\srich\AppData\Local\Temp\cc4jYNVw.ltrans6.ltrans.o
 *fill*         0x080059e8        0x8 
 .text.thread2.lto_priv.91
                0x080059f0       0x10 C:\Users\srich\AppData\Local\Temp\cc4jYNVw.ltrans6.ltrans.o
 .text.queues2_execute.lto_priv.157
                0x08005a00      0x244 C:\Users\srich\AppData\Local\Temp\cc4jYNVw.ltrans6.ltrans.o
                0x08005a00                queues2_execute.lto_priv.157
 *fill*         0x08005c44        0xc 
 .text.thread1  0x08005c50        0x4 C:\Users\srich\AppData\Local\Temp\cc4jYNVw.ltrans6.ltrans.o
 *fill*         0x08005c54        0xc 
 .text.evt3_execute.lto_priv.143
                0x08005c60      0x15c C:\Users\srich\AppData\Local\Temp\cc4jYNVw.ltrans7.ltrans.o
                0x08005c60                evt3_execute.lto_priv.143
 *fill*         0x08005dbc        0x4 
 .text.evt3_setup.lto_priv.142
                0x08005dc0        0x4 C:\Users\srich\AppData\Local\Temp\cc4jYNVw.ltrans7.ltrans.o
                0x08005dc0                evt3_setup.lto_priv.142
 *fill*         0x08005dc4        0xc 
 .text.evt2_setup.lto_priv.140
                0x08005dd0        0x4 C:\Users\srich\AppData\Local\Temp\cc4jYNVw.ltrans7.ltrans.o
                0x08005dd0                evt2_setup.lto_priv.140
 *fill*         0x08005dd4        0xc 
 .text.evt1_setup.lto_priv.138
                0x08005de0        0x4 C:\Users\srich\AppData\Local\Temp\cc4jYNVw.ltrans7.ltrans.o
                0x08005de0                evt1_setup.lto_priv.138
 *fill*         0x08005de4        0xc 
 .text.evt2_execute.lto_priv.141
                0x08005df0      0x2e4 C:\Users\srich\AppData\Local\Temp\cc4jYNVw.ltrans7.ltrans.o
                0x08005df0                evt2_execute.lto_priv.141
 *fill*         0x080060d4        0xc 
 .text.thread2  0x080060e0       0x40 C:\Users\srich\AppData\Local\Temp\cc4jYNVw.ltrans7.ltrans.o
 .text.thread1  0x08006120       0x24 C:\Users\srich\AppData\Local\Temp\cc4jYNVw.ltrans7.ltrans.o
 *fill*         0x08006144        0xc 
 .text.evt1_execute.lto_priv.139
                0x08006150       0xe0 C:\Users\srich\AppData\Local\Temp\cc4jYNVw.ltrans7.ltrans.o
                0x08006150                evt1_execute.lto_priv.139
 .text.h3       0x08006230        0x8 C:\Users\srich\AppData\Local\Temp\cc4jYNVw.ltrans7.ltrans.o
 *fill*         0x08006238        0x8 
 .text.h2       0x08006240        0x8 C:\Users\srich\AppData\Local\Temp\cc4jYNVw.ltrans7.ltrans.o
 *fill*         0x08006248        0x8 
 .text.h1       0x08006250        0x8 C:\Users\srich\AppData\Local\Temp\cc4jYNVw.ltrans7.ltrans.o
 *fill*         0x08006258        0x8 
 .text.cmd_test.lto_priv.89
                0x08006260       0x58 C:\Users\srich\AppData\Local\Temp\cc4jYNVw.ltrans8.ltrans.o
                0x08006260                cmd_test.lto_priv.89
 *fill*         0x080062b8        0x8 
 .text.cmd_threads.lto_priv.88
                0x080062c0       0x70 C:\Users\srich\AppData\Local\Temp\cc4jYNVw.ltrans8.ltrans.o
                0x080062c0                cmd_threads.lto_priv.88
 .text.cmd_mem.lto_priv.87
                0x08006330       0x60 C:\Users\srich\AppData\Local\Temp\cc4jYNVw.ltrans8.ltrans.o
                0x08006330                cmd_mem.lto_priv.87
 .text.chTMStartMeasurementX.constprop.71
                0x08006390        0xc C:\Users\srich\AppData\Local\Temp\cc4jYNVw.ltrans8.ltrans.o
                0x08006390                chTMStartMeasurementX.constprop.71
 *fill*         0x0800639c        0x4 
 .text.chThdCreateFromMemoryPool.constprop.69
                0x080063a0       0x9c C:\Users\srich\AppData\Local\Temp\cc4jYNVw.ltrans8.ltrans.o
                0x080063a0                chThdCreateFromMemoryPool.constprop.69
 *fill*         0x0800643c        0x4 
 .text.chSemSignalWait.constprop.65
                0x08006440       0x68 C:\Users\srich\AppData\Local\Temp\cc4jYNVw.ltrans8.ltrans.o
                0x08006440                chSemSignalWait.constprop.65
 *fill*         0x080064a8        0x8 
 .text.chCondSignal.constprop.61
                0x080064b0       0x28 C:\Users\srich\AppData\Local\Temp\cc4jYNVw.ltrans8.ltrans.o
                0x080064b0                chCondSignal.constprop.61
 *fill*         0x080064d8        0x8 
 .text.chCondSignalI.constprop.60
                0x080064e0       0x24 C:\Users\srich\AppData\Local\Temp\cc4jYNVw.ltrans8.ltrans.o
                0x080064e0                chCondSignalI.constprop.60
 *fill*         0x08006504        0xc 
 .text.chEvtGetAndClearEvents.constprop.52
                0x08006510       0x1c C:\Users\srich\AppData\Local\Temp\cc4jYNVw.ltrans8.ltrans.o
                0x08006510                chEvtGetAndClearEvents.constprop.52
 *fill*         0x0800652c        0x4 
 .text.chEvtWaitOne.constprop.48
                0x08006530       0x34 C:\Users\srich\AppData\Local\Temp\cc4jYNVw.ltrans8.ltrans.o
                0x08006530                chEvtWaitOne.constprop.48
 *fill*         0x08006564        0xc 
 .text.unlikely.chEvtWaitAny.constprop.47
                0x08006570       0x34 C:\Users\srich\AppData\Local\Temp\cc4jYNVw.ltrans8.ltrans.o
                0x08006570                chEvtWaitAny.constprop.47
 *fill*         0x080065a4        0xc 
 .text.chMBPost.constprop.33
                0x080065b0       0x48 C:\Users\srich\AppData\Local\Temp\cc4jYNVw.ltrans8.ltrans.o
                0x080065b0                chMBPost.constprop.33
 *fill*         0x080065f8        0x8 
 .text.chMBPostI.constprop.32
                0x08006600       0x3c C:\Users\srich\AppData\Local\Temp\cc4jYNVw.ltrans8.ltrans.o
                0x08006600                chMBPostI.constprop.32
 *fill*         0x0800663c        0x4 
 .text.chMBPostAhead.constprop.31
                0x08006640       0x4c C:\Users\srich\AppData\Local\Temp\cc4jYNVw.ltrans8.ltrans.o
                0x08006640                chMBPostAhead.constprop.31
 *fill*         0x0800668c        0x4 
 .text.chMBPostAheadI.constprop.30
                0x08006690       0x3c C:\Users\srich\AppData\Local\Temp\cc4jYNVw.ltrans8.ltrans.o
                0x08006690                chMBPostAheadI.constprop.30
 *fill*         0x080066cc        0x4 
 .text.unlikely.chMBFetch.constprop.29
                0x080066d0       0x4c C:\Users\srich\AppData\Local\Temp\cc4jYNVw.ltrans8.ltrans.o
                0x080066d0                chMBFetch.constprop.29
 *fill*         0x0800671c        0x4 
 .text.unlikely.chMBFetchI.constprop.28
                0x08006720       0x3c C:\Users\srich\AppData\Local\Temp\cc4jYNVw.ltrans8.ltrans.o
                0x08006720                chMBFetchI.constprop.28
 *fill*         0x0800675c        0x4 
 .text.sdObjectInit.constprop.23
                0x08006760       0x6c C:\Users\srich\AppData\Local\Temp\cc4jYNVw.ltrans8.ltrans.o
                0x08006760                sdObjectInit.constprop.23
 *fill*         0x080067cc        0x4 
 .text.test_start_timer.constprop.6
                0x080067d0       0x3c C:\Users\srich\AppData\Local\Temp\cc4jYNVw.ltrans8.ltrans.o
                0x080067d0                test_start_timer.constprop.6
 *fill*         0x0800680c        0x4 
 .text.long_to_string_with_divisor.constprop.4
                0x08006810       0x44 C:\Users\srich\AppData\Local\Temp\cc4jYNVw.ltrans8.ltrans.o
                0x08006810                long_to_string_with_divisor.constprop.4
 *fill*         0x08006854        0xc 
 .text._strtok.constprop.3
                0x08006860       0x40 C:\Users\srich\AppData\Local\Temp\cc4jYNVw.ltrans8.ltrans.o
                0x08006860                _strtok.constprop.3
 .text.strpbrk  0x080068a0       0x48 c:/chibistudio/tools/gnu tools arm embedded/4.9 2015q3/bin/../lib/gcc/arm-none-eabi/4.9.3/../../../../arm-none-eabi/lib/armv7-m\libg.a(lib_a-strpbrk.o)
                0x080068a0                strpbrk
 *fill*         0x080068e8        0x8 
 .text.strspn   0x080068f0       0x34 c:/chibistudio/tools/gnu tools arm embedded/4.9 2015q3/bin/../lib/gcc/arm-none-eabi/4.9.3/../../../../arm-none-eabi/lib/armv7-m\libg.a(lib_a-strspn.o)
                0x080068f0                strspn
 *(.rodata)
 *(.rodata.*)
 *fill*         0x08006924        0xc 
 .rodata.str1.4
                0x08006930       0x12 C:\Users\srich\AppData\Local\Temp\cc4jYNVw.ltrans0.ltrans.o
                                 0x1a (size before relaxing)
 *fill*         0x08006942        0xe 
 .rodata.ram_areas
                0x08006950       0x80 C:\Users\srich\AppData\Local\Temp\cc4jYNVw.ltrans1.ltrans.o
 .rodata.cancfg
                0x080069d0        0x8 C:\Users\srich\AppData\Local\Temp\cc4jYNVw.ltrans2.ltrans.o
 *fill*         0x080069d8        0x8 
 .rodata.commands
                0x080069e0       0x20 C:\Users\srich\AppData\Local\Temp\cc4jYNVw.ltrans2.ltrans.o
 .rodata.str1.4
                0x08006a00      0x320 C:\Users\srich\AppData\Local\Temp\cc4jYNVw.ltrans2.ltrans.o
                                0x329 (size before relaxing)
 .rodata.ch_debug
                0x08006d20       0x16 C:\Users\srich\AppData\Local\Temp\cc4jYNVw.ltrans2.ltrans.o
 *fill*         0x08006d36        0xa 
 .rodata.shCfg  0x08006d40        0x8 C:\Users\srich\AppData\Local\Temp\cc4jYNVw.ltrans2.ltrans.o
 *fill*         0x08006d48        0x8 
 .rodata.testmtx4
                0x08006d50       0x10 C:\Users\srich\AppData\Local\Temp\cc4jYNVw.ltrans3.ltrans.o
 .rodata.testmtx5
                0x08006d60       0x10 C:\Users\srich\AppData\Local\Temp\cc4jYNVw.ltrans3.ltrans.o
 .rodata.testmtx6
                0x08006d70       0x10 C:\Users\srich\AppData\Local\Temp\cc4jYNVw.ltrans3.ltrans.o
 .rodata.testmtx7
                0x08006d80       0x10 C:\Users\srich\AppData\Local\Temp\cc4jYNVw.ltrans3.ltrans.o
 .rodata.testmtx8
                0x08006d90       0x10 C:\Users\srich\AppData\Local\Temp\cc4jYNVw.ltrans3.ltrans.o
 .rodata.patternmsg
                0x08006da0        0x8 C:\Users\srich\AppData\Local\Temp\cc4jYNVw.ltrans3.ltrans.o
 *fill*         0x08006da8        0x8 
 .rodata.testbmk11
                0x08006db0       0x10 C:\Users\srich\AppData\Local\Temp\cc4jYNVw.ltrans3.ltrans.o
 .rodata.testbmk13
                0x08006dc0       0x10 C:\Users\srich\AppData\Local\Temp\cc4jYNVw.ltrans3.ltrans.o
 .rodata.testevt2
                0x08006dd0       0x10 C:\Users\srich\AppData\Local\Temp\cc4jYNVw.ltrans3.ltrans.o
 .rodata.patterndyn
                0x08006de0       0x10 C:\Users\srich\AppData\Local\Temp\cc4jYNVw.ltrans3.ltrans.o
 .rodata.testsys1
                0x08006df0       0x10 C:\Users\srich\AppData\Local\Temp\cc4jYNVw.ltrans3.ltrans.o
 .rodata.testsem1
                0x08006e00       0x10 C:\Users\srich\AppData\Local\Temp\cc4jYNVw.ltrans3.ltrans.o
 .rodata.testsem2
                0x08006e10       0x10 C:\Users\srich\AppData\Local\Temp\cc4jYNVw.ltrans3.ltrans.o
 .rodata.testsem3
                0x08006e20       0x10 C:\Users\srich\AppData\Local\Temp\cc4jYNVw.ltrans3.ltrans.o
 .rodata.testsem4
                0x08006e30       0x10 C:\Users\srich\AppData\Local\Temp\cc4jYNVw.ltrans3.ltrans.o
 .rodata.testsys2
                0x08006e40       0x10 C:\Users\srich\AppData\Local\Temp\cc4jYNVw.ltrans3.ltrans.o
 .rodata.testsys3
                0x08006e50       0x10 C:\Users\srich\AppData\Local\Temp\cc4jYNVw.ltrans3.ltrans.o
 .rodata.testbmk10
                0x08006e60       0x10 C:\Users\srich\AppData\Local\Temp\cc4jYNVw.ltrans3.ltrans.o
 .rodata.testbmk7
                0x08006e70       0x10 C:\Users\srich\AppData\Local\Temp\cc4jYNVw.ltrans3.ltrans.o
 .rodata.testbmk12
                0x08006e80       0x10 C:\Users\srich\AppData\Local\Temp\cc4jYNVw.ltrans3.ltrans.o
 .rodata.testbmk8
                0x08006e90       0x10 C:\Users\srich\AppData\Local\Temp\cc4jYNVw.ltrans3.ltrans.o
 .rodata.testbmk1
                0x08006ea0       0x10 C:\Users\srich\AppData\Local\Temp\cc4jYNVw.ltrans3.ltrans.o
 .rodata.testbmk2
                0x08006eb0       0x10 C:\Users\srich\AppData\Local\Temp\cc4jYNVw.ltrans3.ltrans.o
 .rodata.testbmk3
                0x08006ec0       0x10 C:\Users\srich\AppData\Local\Temp\cc4jYNVw.ltrans3.ltrans.o
 .rodata.testbmk4
                0x08006ed0       0x10 C:\Users\srich\AppData\Local\Temp\cc4jYNVw.ltrans3.ltrans.o
 .rodata.testbmk5
                0x08006ee0       0x10 C:\Users\srich\AppData\Local\Temp\cc4jYNVw.ltrans3.ltrans.o
 .rodata.testbmk6
                0x08006ef0       0x10 C:\Users\srich\AppData\Local\Temp\cc4jYNVw.ltrans3.ltrans.o
 .rodata.patternsys
                0x08006f00       0x10 C:\Users\srich\AppData\Local\Temp\cc4jYNVw.ltrans3.ltrans.o
 .rodata.testpools1
                0x08006f10       0x10 C:\Users\srich\AppData\Local\Temp\cc4jYNVw.ltrans3.ltrans.o
 .rodata.testbmk9
                0x08006f20       0x10 C:\Users\srich\AppData\Local\Temp\cc4jYNVw.ltrans3.ltrans.o
 .rodata.patternbmk
                0x08006f30       0x38 C:\Users\srich\AppData\Local\Temp\cc4jYNVw.ltrans3.ltrans.o
 *fill*         0x08006f68        0x8 
 .rodata.patterns
                0x08006f70       0x34 C:\Users\srich\AppData\Local\Temp\cc4jYNVw.ltrans3.ltrans.o
 *fill*         0x08006fa4        0xc 
 .rodata.testdyn1
                0x08006fb0       0x10 C:\Users\srich\AppData\Local\Temp\cc4jYNVw.ltrans3.ltrans.o
 .rodata.testdyn2
                0x08006fc0       0x10 C:\Users\srich\AppData\Local\Temp\cc4jYNVw.ltrans3.ltrans.o
 .rodata.testdyn3
                0x08006fd0       0x10 C:\Users\srich\AppData\Local\Temp\cc4jYNVw.ltrans3.ltrans.o
 .rodata.testmbox1
                0x08006fe0       0x10 C:\Users\srich\AppData\Local\Temp\cc4jYNVw.ltrans3.ltrans.o
 .rodata.patternheap
                0x08006ff0        0x8 C:\Users\srich\AppData\Local\Temp\cc4jYNVw.ltrans3.ltrans.o
 *fill*         0x08006ff8        0x8 
 .rodata.testmsg1
                0x08007000       0x10 C:\Users\srich\AppData\Local\Temp\cc4jYNVw.ltrans3.ltrans.o
 .rodata.patternthd
                0x08007010       0x14 C:\Users\srich\AppData\Local\Temp\cc4jYNVw.ltrans3.ltrans.o
 *fill*         0x08007024        0xc 
 .rodata.testqueues1
                0x08007030       0x10 C:\Users\srich\AppData\Local\Temp\cc4jYNVw.ltrans3.ltrans.o
 .rodata.testqueues2
                0x08007040       0x10 C:\Users\srich\AppData\Local\Temp\cc4jYNVw.ltrans3.ltrans.o
 .rodata.patternmbox
                0x08007050        0x8 C:\Users\srich\AppData\Local\Temp\cc4jYNVw.ltrans3.ltrans.o
 *fill*         0x08007058        0x8 
 .rodata.testthd1
                0x08007060       0x10 C:\Users\srich\AppData\Local\Temp\cc4jYNVw.ltrans3.ltrans.o
 .rodata.testthd2
                0x08007070       0x10 C:\Users\srich\AppData\Local\Temp\cc4jYNVw.ltrans3.ltrans.o
 .rodata.testthd3
                0x08007080       0x10 C:\Users\srich\AppData\Local\Temp\cc4jYNVw.ltrans3.ltrans.o
 .rodata.testthd4
                0x08007090       0x10 C:\Users\srich\AppData\Local\Temp\cc4jYNVw.ltrans3.ltrans.o
 .rodata.patternsem
                0x080070a0       0x14 C:\Users\srich\AppData\Local\Temp\cc4jYNVw.ltrans3.ltrans.o
 *fill*         0x080070b4        0xc 
 .rodata.patternqueues
                0x080070c0        0xc C:\Users\srich\AppData\Local\Temp\cc4jYNVw.ltrans3.ltrans.o
 *fill*         0x080070cc        0x4 
 .rodata.patternevt
                0x080070d0       0x10 C:\Users\srich\AppData\Local\Temp\cc4jYNVw.ltrans3.ltrans.o
 .rodata.testevt1
                0x080070e0       0x10 C:\Users\srich\AppData\Local\Temp\cc4jYNVw.ltrans3.ltrans.o
 .rodata.testheap1
                0x080070f0       0x10 C:\Users\srich\AppData\Local\Temp\cc4jYNVw.ltrans3.ltrans.o
 .rodata.testevt3
                0x08007100       0x10 C:\Users\srich\AppData\Local\Temp\cc4jYNVw.ltrans3.ltrans.o
 .rodata.patternmtx
                0x08007110       0x1c C:\Users\srich\AppData\Local\Temp\cc4jYNVw.ltrans3.ltrans.o
 *fill*         0x0800712c        0x4 
 .rodata.str1.4
                0x08007130      0x607 C:\Users\srich\AppData\Local\Temp\cc4jYNVw.ltrans3.ltrans.o
                                0x6d7 (size before relaxing)
 *fill*         0x08007737        0x9 
 .rodata.testmtx1
                0x08007740       0x10 C:\Users\srich\AppData\Local\Temp\cc4jYNVw.ltrans3.ltrans.o
 .rodata.patternpools
                0x08007750        0x8 C:\Users\srich\AppData\Local\Temp\cc4jYNVw.ltrans3.ltrans.o
 *fill*         0x08007758        0x8 
 .rodata.str1.4
                0x08007760        0x4 C:\Users\srich\AppData\Local\Temp\cc4jYNVw.ltrans4.ltrans.o
                                 0x1e (size before relaxing)
 *fill*         0x08007764        0xc 
 .rodata.str1.4
                0x08007770        0xb C:\Users\srich\AppData\Local\Temp\cc4jYNVw.ltrans5.ltrans.o
                                 0x1f (size before relaxing)
 *fill*         0x0800777b        0x5 
 .rodata.wa     0x08007780       0x14 C:\Users\srich\AppData\Local\Temp\cc4jYNVw.ltrans6.ltrans.o
                0x08007780                wa
 *fill*         0x08007794        0xc 
 .rodata.str1.4
                0x080077a0       0x4e C:\Users\srich\AppData\Local\Temp\cc4jYNVw.ltrans6.ltrans.o
                                 0x65 (size before relaxing)
 .rodata.str1.4
                0x00000000        0x8 C:\Users\srich\AppData\Local\Temp\cc4jYNVw.ltrans7.ltrans.o
 *fill*         0x080077ee        0x2 
 .rodata.evhndl
                0x080077f0        0xc C:\Users\srich\AppData\Local\Temp\cc4jYNVw.ltrans7.ltrans.o
 *fill*         0x080077fc        0x4 
 .rodata.states.7552
                0x08007800       0x40 C:\Users\srich\AppData\Local\Temp\cc4jYNVw.ltrans8.ltrans.o
 .rodata.str1.4
                0x08007840      0x174 C:\Users\srich\AppData\Local\Temp\cc4jYNVw.ltrans8.ltrans.o
                                0x172 (size before relaxing)
 *fill*         0x080079b4        0xc 
 .rodata.vmt    0x080079c0       0x20 C:\Users\srich\AppData\Local\Temp\cc4jYNVw.ltrans8.ltrans.o
 *(.glue_7t)
 .glue_7t       0x00000000        0x0 linker stubs
 *(.glue_7)
 .glue_7        0x00000000        0x0 linker stubs
 *(.gcc*)

.vfp11_veneer   0x080079e0        0x0
 .vfp11_veneer  0x00000000        0x0 linker stubs

.v4_bx          0x080079e0        0x0
 .v4_bx         0x00000000        0x0 linker stubs

.iplt           0x080079e0        0x0
 .iplt          0x00000000        0x0 build/obj/crt0_v7m.o

.rel.dyn        0x080079e0        0x0
 .rel.iplt      0x00000000        0x0 build/obj/crt0_v7m.o

.ARM.extab
 *(.ARM.extab* .gnu.linkonce.armextab.*)

.ARM.exidx      0x080079e0        0x0
                0x080079e0                __exidx_start = .
 *(.ARM.exidx* .gnu.linkonce.armexidx.*)
                0x080079e0                __exidx_end = .

.eh_frame_hdr
 *(.eh_frame_hdr)

.eh_frame
 *(.eh_frame)

.textalign      0x080079e0        0x0
                0x080079e0                . = ALIGN (0x8)
                0x080079e0                . = ALIGN (0x4)
                0x080079e0                PROVIDE (_etext, .)

.mstack         0x20000000      0x400
                0x20000000                . = ALIGN (0x8)
                0x20000000                __main_stack_base__ = .
                0x20000400                . = (. + __main_stack_size__)
 *fill*         0x20000000      0x400 
                0x20000400                . = ALIGN (0x8)
                0x20000400                __main_stack_end__ = .

.pstack         0x20000400      0x400
                0x20000400                __process_stack_base__ = .
                0x20000400                __main_thread_stack_base__ = .
                0x20000800                . = (. + __process_stack_size__)
 *fill*         0x20000400      0x400 
                0x20000800                . = ALIGN (0x8)
                0x20000800                __process_stack_end__ = .
                0x20000800                __main_thread_stack_end__ = .

.data           0x20000800       0xdc load address 0x080079e0
                0x20000800                . = ALIGN (0x4)
                0x080079e0                PROVIDE (_textdata, LOADADDR (.data))
                0x20000800                PROVIDE (_data, .)
                0x080079e0                _textdata_start = LOADADDR (.data)
                0x20000800                _data_start = .
 *(.data)
 *(.data.*)
 .data.local_commands
                0x20000800       0x18 C:\Users\srich\AppData\Local\Temp\cc4jYNVw.ltrans2.ltrans.o
 .data.ser_cfg  0x20000818        0xc C:\Users\srich\AppData\Local\Temp\cc4jYNVw.ltrans2.ltrans.o
 .data.m1.lto_priv.102
                0x20000824       0x10 C:\Users\srich\AppData\Local\Temp\cc4jYNVw.ltrans4.ltrans.o
                0x20000824                m1.lto_priv.102
 .data.m2.lto_priv.103
                0x20000834       0x10 C:\Users\srich\AppData\Local\Temp\cc4jYNVw.ltrans4.ltrans.o
                0x20000834                m2.lto_priv.103
 .data.mp1.lto_priv.97
                0x20000844        0xc C:\Users\srich\AppData\Local\Temp\cc4jYNVw.ltrans5.ltrans.o
 .data.iq       0x20000850       0x24 C:\Users\srich\AppData\Local\Temp\cc4jYNVw.ltrans5.ltrans.o
 .data.oq.lto_priv.96
                0x20000874       0x24 C:\Users\srich\AppData\Local\Temp\cc4jYNVw.ltrans6.ltrans.o
                0x20000874                oq.lto_priv.96
 .data.es1      0x20000898        0x4 C:\Users\srich\AppData\Local\Temp\cc4jYNVw.ltrans7.ltrans.o
 .data.es2      0x2000089c        0x4 C:\Users\srich\AppData\Local\Temp\cc4jYNVw.ltrans7.ltrans.o
 .data.sem1.lto_priv.106
                0x200008a0        0xc C:\Users\srich\AppData\Local\Temp\cc4jYNVw.ltrans8.ltrans.o
                0x200008a0                sem1.lto_priv.106
 .data.mb1.lto_priv.99
                0x200008ac       0x28 C:\Users\srich\AppData\Local\Temp\cc4jYNVw.ltrans8.ltrans.o
                0x200008ac                mb1.lto_priv.99
 .data.c1.lto_priv.100
                0x200008d4        0x8 C:\Users\srich\AppData\Local\Temp\cc4jYNVw.ltrans8.ltrans.o
                0x200008d4                c1.lto_priv.100
 *(.ramtext)
                0x200008dc                . = ALIGN (0x4)
                0x200008dc                PROVIDE (_edata, .)
                0x200008dc                _data_end = .

.igot.plt       0x200008dc        0x0 load address 0x08007abc
 .igot.plt      0x00000000        0x0 build/obj/crt0_v7m.o

.bss            0x200008e0      0xbdc load address 0x08007abc
                0x200008e0                . = ALIGN (0x4)
                0x200008e0                _bss_start = .
 *(.bss)
 *(.bss.*)
 .bss.default_heap.lto_priv.108
                0x200008e0       0x20 C:\Users\srich\AppData\Local\Temp\cc4jYNVw.ltrans2.ltrans.o
                0x200008e0                default_heap.lto_priv.108
 .bss.consoleThread
                0x20000900        0x4 C:\Users\srich\AppData\Local\Temp\cc4jYNVw.ltrans2.ltrans.o
 .bss.shell_terminated
                0x20000904        0x4 C:\Users\srich\AppData\Local\Temp\cc4jYNVw.ltrans2.ltrans.o
 .bss.CAND1     0x20000908       0x30 C:\Users\srich\AppData\Local\Temp\cc4jYNVw.ltrans2.ltrans.o
                0x20000908                CAND1
 .bss.mtx1      0x20000938       0x10 C:\Users\srich\AppData\Local\Temp\cc4jYNVw.ltrans2.ltrans.o
 .bss.sem1.lto_priv.90
                0x20000948        0xc C:\Users\srich\AppData\Local\Temp\cc4jYNVw.ltrans2.ltrans.o
                0x20000948                sem1.lto_priv.90
 .bss.tokp      0x20000954        0x4 C:\Users\srich\AppData\Local\Temp\cc4jYNVw.ltrans3.ltrans.o
 .bss.test_global_fail
                0x20000958        0x1 C:\Users\srich\AppData\Local\Temp\cc4jYNVw.ltrans3.ltrans.o
 .bss.local_fail
                0x20000959        0x1 C:\Users\srich\AppData\Local\Temp\cc4jYNVw.ltrans3.ltrans.o
 *fill*         0x2000095a        0x2 
 .bss.chp       0x2000095c        0x4 C:\Users\srich\AppData\Local\Temp\cc4jYNVw.ltrans3.ltrans.o
 .bss.tokens_buffer
                0x20000960       0x10 C:\Users\srich\AppData\Local\Temp\cc4jYNVw.ltrans3.ltrans.o
 .bss.failpoint
                0x20000970        0x4 C:\Users\srich\AppData\Local\Temp\cc4jYNVw.ltrans3.ltrans.o
 *fill*         0x20000974        0x4 
 .bss.test_heap
                0x20000978       0x20 C:\Users\srich\AppData\Local\Temp\cc4jYNVw.ltrans5.ltrans.o
 .bss.heap1     0x20000998       0x20 C:\Users\srich\AppData\Local\Temp\cc4jYNVw.ltrans5.ltrans.o
 .bss.vt2.6121  0x200009b8       0x14 C:\Users\srich\AppData\Local\Temp\cc4jYNVw.ltrans6.ltrans.o
 .bss.vt1.6120  0x200009cc       0x14 C:\Users\srich\AppData\Local\Temp\cc4jYNVw.ltrans6.ltrans.o
 .bss.iq.6110   0x200009e0       0x24 C:\Users\srich\AppData\Local\Temp\cc4jYNVw.ltrans6.ltrans.o
 .bss.threads   0x20000a04       0x14 C:\Users\srich\AppData\Local\Temp\cc4jYNVw.ltrans6.ltrans.o
                0x20000a04                threads
 .bss.ib.6109   0x20000a18       0x10 C:\Users\srich\AppData\Local\Temp\cc4jYNVw.ltrans6.ltrans.o
 .bss.nextmem.lto_priv.85
                0x20000a28        0x4 C:\Users\srich\AppData\Local\Temp\cc4jYNVw.ltrans8.ltrans.o
                0x20000a28                nextmem.lto_priv.85
 .bss.endmem.lto_priv.86
                0x20000a2c        0x4 C:\Users\srich\AppData\Local\Temp\cc4jYNVw.ltrans8.ltrans.o
                0x20000a2c                endmem.lto_priv.86
 .bss.test      0x20000a30      0x668 C:\Users\srich\AppData\Local\Temp\cc4jYNVw.ltrans8.ltrans.o
                0x20000a30                test
 .bss.ch        0x20001098      0x150 C:\Users\srich\AppData\Local\Temp\cc4jYNVw.ltrans8.ltrans.o
                0x20001098                ch
 .bss.test_timer_done
                0x200011e8        0x1 C:\Users\srich\AppData\Local\Temp\cc4jYNVw.ltrans8.ltrans.o
                0x200011e8                test_timer_done
 *fill*         0x200011e9        0x3 
 .bss.mp1.lto_priv.98
                0x200011ec        0xc C:\Users\srich\AppData\Local\Temp\cc4jYNVw.ltrans8.ltrans.o
                0x200011ec                mp1.lto_priv.98
 .bss.vt        0x200011f8       0x14 C:\Users\srich\AppData\Local\Temp\cc4jYNVw.ltrans8.ltrans.o
 .bss.SD1       0x2000120c      0x2b0 C:\Users\srich\AppData\Local\Temp\cc4jYNVw.ltrans8.ltrans.o
                0x2000120c                SD1
 *(COMMON)
                0x200014bc                . = ALIGN (0x4)
                0x200014bc                _bss_end = .
                0x200014bc                PROVIDE (end, .)

.ram0_init      0x200014bc        0x0 load address 0x08007abc
                0x200014bc                . = ALIGN (0x4)
                0x08007abc                __ram0_init_text__ = LOADADDR (.ram0_init)
                0x200014bc                __ram0_init__ = .
 *(.ram0_init)
 *(.ram0_init.*)
                0x200014bc                . = ALIGN (0x4)

.ram0           0x200014bc        0x0 load address 0x08007abc
                0x200014bc                . = ALIGN (0x4)
                0x200014bc                __ram0_clear__ = .
 *(.ram0_clear)
 *(.ram0_clear.*)
                0x200014bc                . = ALIGN (0x4)
                0x200014bc                __ram0_noinit__ = .
 *(.ram0)
 *(.ram0.*)
                0x200014bc                . = ALIGN (0x4)
                0x200014bc                __ram0_free__ = .

.ram1_init      0x00000000        0x0 load address 0x08007abc
                0x00000000                . = ALIGN (0x4)
                0x08007abc                __ram1_init_text__ = LOADADDR (.ram1_init)
                0x00000000                __ram1_init__ = .
 *(.ram1_init)
 *(.ram1_init.*)
                0x00000000                . = ALIGN (0x4)

.ram1           0x00000000        0x0 load address 0x08007abc
                0x00000000                . = ALIGN (0x4)
                0x00000000                __ram1_clear__ = .
 *(.ram1_clear)
 *(.ram1_clear.*)
                0x00000000                . = ALIGN (0x4)
                0x00000000                __ram1_noinit__ = .
 *(.ram1)
 *(.ram1.*)
                0x00000000                . = ALIGN (0x4)
                0x00000000                __ram1_free__ = .

.ram2_init      0x00000000        0x0 load address 0x08007abc
                0x00000000                . = ALIGN (0x4)
                0x08007abc                __ram2_init_text__ = LOADADDR (.ram2_init)
                0x00000000                __ram2_init__ = .
 *(.ram2_init)
 *(.ram2_init.*)
                0x00000000                . = ALIGN (0x4)

.ram2           0x00000000        0x0 load address 0x08007abc
                0x00000000                . = ALIGN (0x4)
                0x00000000                __ram2_clear__ = .
 *(.ram2_clear)
 *(.ram2_clear.*)
                0x00000000                . = ALIGN (0x4)
                0x00000000                __ram2_noinit__ = .
 *(.ram2)
 *(.ram2.*)
                0x00000000                . = ALIGN (0x4)
                0x00000000                __ram2_free__ = .

.ram3_init      0x00000000        0x0 load address 0x08007abc
                0x00000000                . = ALIGN (0x4)
                0x08007abc                __ram3_init_text__ = LOADADDR (.ram3_init)
                0x00000000                __ram3_init__ = .
 *(.ram3_init)
 *(.ram3_init.*)
                0x00000000                . = ALIGN (0x4)

.ram3           0x00000000        0x0 load address 0x08007abc
                0x00000000                . = ALIGN (0x4)
                0x00000000                __ram3_clear__ = .
 *(.ram3_clear)
 *(.ram3_clear.*)
                0x00000000                . = ALIGN (0x4)
                0x00000000                __ram3_noinit__ = .
 *(.ram3)
 *(.ram3.*)
                0x00000000                . = ALIGN (0x4)
                0x00000000                __ram3_free__ = .

.ram4_init      0x00000000        0x0 load address 0x08007abc
                0x00000000                . = ALIGN (0x4)
                0x08007abc                __ram4_init_text__ = LOADADDR (.ram4_init)
                0x00000000                __ram4_init__ = .
 *(.ram4_init)
 *(.ram4_init.*)
                0x00000000                . = ALIGN (0x4)

.ram4           0x00000000        0x0 load address 0x08007abc
                0x00000000                . = ALIGN (0x4)
                0x00000000                __ram4_clear__ = .
 *(.ram4_clear)
 *(.ram4_clear.*)
                0x00000000                . = ALIGN (0x4)
                0x00000000                __ram4_noinit__ = .
 *(.ram4)
 *(.ram4.*)
                0x00000000                . = ALIGN (0x4)
                0x00000000                __ram4_free__ = .

.ram5_init      0x00000000        0x0 load address 0x08007abc
                0x00000000                . = ALIGN (0x4)
                0x08007abc                __ram5_init_text__ = LOADADDR (.ram5_init)
                0x00000000                __ram5_init__ = .
 *(.ram5_init)
 *(.ram5_init.*)
                0x00000000                . = ALIGN (0x4)

.ram5           0x00000000        0x0 load address 0x08007abc
                0x00000000                . = ALIGN (0x4)
                0x00000000                __ram5_clear__ = .
 *(.ram5_clear)
 *(.ram5_clear.*)
                0x00000000                . = ALIGN (0x4)
                0x00000000                __ram5_noinit__ = .
 *(.ram5)
 *(.ram5.*)
                0x00000000                . = ALIGN (0x4)
                0x00000000                __ram5_free__ = .

.ram6_init      0x00000000        0x0 load address 0x08007abc
                0x00000000                . = ALIGN (0x4)
                0x08007abc                __ram6_init_text__ = LOADADDR (.ram6_init)
                0x00000000                __ram6_init__ = .
 *(.ram6_init)
 *(.ram6_init.*)
                0x00000000                . = ALIGN (0x4)

.ram6           0x00000000        0x0 load address 0x08007abc
                0x00000000                . = ALIGN (0x4)
                0x00000000                __ram6_clear__ = .
 *(.ram6_clear)
 *(.ram6_clear.*)
                0x00000000                . = ALIGN (0x4)
                0x00000000                __ram6_noinit__ = .
 *(.ram6)
 *(.ram6.*)
                0x00000000                . = ALIGN (0x4)
                0x00000000                __ram6_free__ = .

.ram7_init      0x00000000        0x0 load address 0x08007abc
                0x00000000                . = ALIGN (0x4)
                0x08007abc                __ram7_init_text__ = LOADADDR (.ram7_init)
                0x00000000                __ram7_init__ = .
 *(.ram7_init)
 *(.ram7_init.*)
                0x00000000                . = ALIGN (0x4)

.ram7           0x00000000        0x0 load address 0x08007abc
                0x00000000                . = ALIGN (0x4)
                0x00000000                __ram7_clear__ = .
 *(.ram7_clear)
 *(.ram7_clear.*)
                0x00000000                . = ALIGN (0x4)
                0x00000000                __ram7_noinit__ = .
 *(.ram7)
 *(.ram7.*)
                0x00000000                . = ALIGN (0x4)
                0x00000000                __ram7_free__ = .

.heap           0x200014bc     0x3b44
                0x200014c0                . = ALIGN (0x8)
 *fill*         0x200014bc        0x4 
                0x200014c0                __heap_base__ = .
                0x20005000                . = (ORIGIN (HEAP_RAM) + 0x5000)
 *fill*         0x200014c0     0x3b40 
                0x20005000                __heap_end__ = .
                0x00000400                __process_stack_size__ = 0x400
                0x00000400                __main_stack_size__ = 0x400
START GROUP
LOAD c:/chibistudio/tools/gnu tools arm embedded/4.9 2015q3/bin/../lib/gcc/arm-none-eabi/4.9.3/armv7-m\libgcc.a
LOAD c:/chibistudio/tools/gnu tools arm embedded/4.9 2015q3/bin/../lib/gcc/arm-none-eabi/4.9.3/../../../../arm-none-eabi/lib/armv7-m\libg.a
LOAD c:/chibistudio/tools/gnu tools arm embedded/4.9 2015q3/bin/../lib/gcc/arm-none-eabi/4.9.3/../../../../arm-none-eabi/lib/armv7-m\libc.a
END GROUP
OUTPUT(build/CCLFirmWire.elf elf32-littlearm)

.ARM.attributes
                0x00000000       0x2f
 .ARM.attributes
                0x00000000       0x21 build/obj/crt0_v7m.o
 .ARM.attributes
                0x00000021       0x21 build/obj/chcoreasm_v7m.o
 .ARM.attributes
                0x00000042       0x31 C:\Users\srich\AppData\Local\Temp\cc4jYNVw.ltrans0.ltrans.o
 .ARM.attributes
                0x00000073       0x31 C:\Users\srich\AppData\Local\Temp\cc4jYNVw.ltrans1.ltrans.o
 .ARM.attributes
                0x000000a4       0x31 C:\Users\srich\AppData\Local\Temp\cc4jYNVw.ltrans2.ltrans.o
 .ARM.attributes
                0x000000d5       0x31 C:\Users\srich\AppData\Local\Temp\cc4jYNVw.ltrans3.ltrans.o
 .ARM.attributes
                0x00000106       0x31 C:\Users\srich\AppData\Local\Temp\cc4jYNVw.ltrans4.ltrans.o
 .ARM.attributes
                0x00000137       0x31 C:\Users\srich\AppData\Local\Temp\cc4jYNVw.ltrans5.ltrans.o
 .ARM.attributes
                0x00000168       0x31 C:\Users\srich\AppData\Local\Temp\cc4jYNVw.ltrans6.ltrans.o
 .ARM.attributes
                0x00000199       0x31 C:\Users\srich\AppData\Local\Temp\cc4jYNVw.ltrans7.ltrans.o
 .ARM.attributes
                0x000001ca       0x31 C:\Users\srich\AppData\Local\Temp\cc4jYNVw.ltrans8.ltrans.o
 .ARM.attributes
                0x000001fb       0x1b c:/chibistudio/tools/gnu tools arm embedded/4.9 2015q3/bin/../lib/gcc/arm-none-eabi/4.9.3/../../../../arm-none-eabi/lib/armv7-m\libg.a(lib_a-strcmp.o)
 .ARM.attributes
                0x00000216       0x2d c:/chibistudio/tools/gnu tools arm embedded/4.9 2015q3/bin/../lib/gcc/arm-none-eabi/4.9.3/../../../../arm-none-eabi/lib/armv7-m\libg.a(lib_a-strpbrk.o)
 .ARM.attributes
                0x00000243       0x2d c:/chibistudio/tools/gnu tools arm embedded/4.9 2015q3/bin/../lib/gcc/arm-none-eabi/4.9.3/../../../../arm-none-eabi/lib/armv7-m\libg.a(lib_a-strspn.o)

.comment        0x00000000       0x70
 .comment       0x00000000       0x70 C:\Users\srich\AppData\Local\Temp\cc4jYNVw.ltrans0.ltrans.o
                                 0x71 (size before relaxing)
 .comment       0x00000000       0x71 C:\Users\srich\AppData\Local\Temp\cc4jYNVw.ltrans1.ltrans.o
 .comment       0x00000000       0x71 C:\Users\srich\AppData\Local\Temp\cc4jYNVw.ltrans2.ltrans.o
 .comment       0x00000000       0x71 C:\Users\srich\AppData\Local\Temp\cc4jYNVw.ltrans3.ltrans.o
 .comment       0x00000000       0x71 C:\Users\srich\AppData\Local\Temp\cc4jYNVw.ltrans4.ltrans.o
 .comment       0x00000000       0x71 C:\Users\srich\AppData\Local\Temp\cc4jYNVw.ltrans5.ltrans.o
 .comment       0x00000000       0x71 C:\Users\srich\AppData\Local\Temp\cc4jYNVw.ltrans6.ltrans.o
 .comment       0x00000000       0x71 C:\Users\srich\AppData\Local\Temp\cc4jYNVw.ltrans7.ltrans.o
 .comment       0x00000000       0x71 C:\Users\srich\AppData\Local\Temp\cc4jYNVw.ltrans8.ltrans.o

.debug_info     0x00000000    0x1d07b
 .debug_info    0x00000000     0x34db C:\Users\srich\AppData\Local\Temp\cc4jYNVw.ltrans0.ltrans.o
 .debug_info    0x000034db     0x3e3d C:\Users\srich\AppData\Local\Temp\cc4jYNVw.ltrans1.ltrans.o
 .debug_info    0x00007318     0x33f7 C:\Users\srich\AppData\Local\Temp\cc4jYNVw.ltrans2.ltrans.o
 .debug_info    0x0000a70f     0x4391 C:\Users\srich\AppData\Local\Temp\cc4jYNVw.ltrans3.ltrans.o
 .debug_info    0x0000eaa0     0x3469 C:\Users\srich\AppData\Local\Temp\cc4jYNVw.ltrans4.ltrans.o
 .debug_info    0x00011f09     0x2a2b C:\Users\srich\AppData\Local\Temp\cc4jYNVw.ltrans5.ltrans.o
 .debug_info    0x00014934     0x3949 C:\Users\srich\AppData\Local\Temp\cc4jYNVw.ltrans6.ltrans.o
 .debug_info    0x0001827d     0x20f6 C:\Users\srich\AppData\Local\Temp\cc4jYNVw.ltrans7.ltrans.o
 .debug_info    0x0001a373     0x2d08 C:\Users\srich\AppData\Local\Temp\cc4jYNVw.ltrans8.ltrans.o

.debug_abbrev   0x00000000     0x32c7
 .debug_abbrev  0x00000000      0x512 C:\Users\srich\AppData\Local\Temp\cc4jYNVw.ltrans0.ltrans.o
 .debug_abbrev  0x00000512      0x657 C:\Users\srich\AppData\Local\Temp\cc4jYNVw.ltrans1.ltrans.o
 .debug_abbrev  0x00000b69      0x66b C:\Users\srich\AppData\Local\Temp\cc4jYNVw.ltrans2.ltrans.o
 .debug_abbrev  0x000011d4      0x78c C:\Users\srich\AppData\Local\Temp\cc4jYNVw.ltrans3.ltrans.o
 .debug_abbrev  0x00001960      0x4db C:\Users\srich\AppData\Local\Temp\cc4jYNVw.ltrans4.ltrans.o
 .debug_abbrev  0x00001e3b      0x4b1 C:\Users\srich\AppData\Local\Temp\cc4jYNVw.ltrans5.ltrans.o
 .debug_abbrev  0x000022ec      0x5ab C:\Users\srich\AppData\Local\Temp\cc4jYNVw.ltrans6.ltrans.o
 .debug_abbrev  0x00002897      0x4af C:\Users\srich\AppData\Local\Temp\cc4jYNVw.ltrans7.ltrans.o
 .debug_abbrev  0x00002d46      0x581 C:\Users\srich\AppData\Local\Temp\cc4jYNVw.ltrans8.ltrans.o

.debug_loc      0x00000000     0x769f
 .debug_loc     0x00000000      0x727 C:\Users\srich\AppData\Local\Temp\cc4jYNVw.ltrans0.ltrans.o
 .debug_loc     0x00000727     0x1d24 C:\Users\srich\AppData\Local\Temp\cc4jYNVw.ltrans1.ltrans.o
 .debug_loc     0x0000244b      0xf64 C:\Users\srich\AppData\Local\Temp\cc4jYNVw.ltrans2.ltrans.o
 .debug_loc     0x000033af     0x17c8 C:\Users\srich\AppData\Local\Temp\cc4jYNVw.ltrans3.ltrans.o
 .debug_loc     0x00004b77      0xad8 C:\Users\srich\AppData\Local\Temp\cc4jYNVw.ltrans4.ltrans.o
 .debug_loc     0x0000564f      0x711 C:\Users\srich\AppData\Local\Temp\cc4jYNVw.ltrans5.ltrans.o
 .debug_loc     0x00005d60      0x81f C:\Users\srich\AppData\Local\Temp\cc4jYNVw.ltrans6.ltrans.o
 .debug_loc     0x0000657f      0x5ab C:\Users\srich\AppData\Local\Temp\cc4jYNVw.ltrans7.ltrans.o
 .debug_loc     0x00006b2a      0xb75 C:\Users\srich\AppData\Local\Temp\cc4jYNVw.ltrans8.ltrans.o

.debug_aranges  0x00000000      0x770
 .debug_aranges
                0x00000000       0xd0 C:\Users\srich\AppData\Local\Temp\cc4jYNVw.ltrans0.ltrans.o
 .debug_aranges
                0x000000d0      0x1b0 C:\Users\srich\AppData\Local\Temp\cc4jYNVw.ltrans1.ltrans.o
 .debug_aranges
                0x00000280       0x60 C:\Users\srich\AppData\Local\Temp\cc4jYNVw.ltrans2.ltrans.o
 .debug_aranges
                0x000002e0      0x150 C:\Users\srich\AppData\Local\Temp\cc4jYNVw.ltrans3.ltrans.o
 .debug_aranges
                0x00000430       0x88 C:\Users\srich\AppData\Local\Temp\cc4jYNVw.ltrans4.ltrans.o
 .debug_aranges
                0x000004b8       0xa8 C:\Users\srich\AppData\Local\Temp\cc4jYNVw.ltrans5.ltrans.o
 .debug_aranges
                0x00000560       0xe0 C:\Users\srich\AppData\Local\Temp\cc4jYNVw.ltrans6.ltrans.o
 .debug_aranges
                0x00000640       0x70 C:\Users\srich\AppData\Local\Temp\cc4jYNVw.ltrans7.ltrans.o
 .debug_aranges
                0x000006b0       0xc0 C:\Users\srich\AppData\Local\Temp\cc4jYNVw.ltrans8.ltrans.o

.debug_ranges   0x00000000     0x2d10
 .debug_ranges  0x00000000      0x4f0 C:\Users\srich\AppData\Local\Temp\cc4jYNVw.ltrans0.ltrans.o
 .debug_ranges  0x000004f0      0x8f0 C:\Users\srich\AppData\Local\Temp\cc4jYNVw.ltrans1.ltrans.o
 .debug_ranges  0x00000de0      0x850 C:\Users\srich\AppData\Local\Temp\cc4jYNVw.ltrans2.ltrans.o
 .debug_ranges  0x00001630      0x4c0 C:\Users\srich\AppData\Local\Temp\cc4jYNVw.ltrans3.ltrans.o
 .debug_ranges  0x00001af0      0x500 C:\Users\srich\AppData\Local\Temp\cc4jYNVw.ltrans4.ltrans.o
 .debug_ranges  0x00001ff0      0x390 C:\Users\srich\AppData\Local\Temp\cc4jYNVw.ltrans5.ltrans.o
 .debug_ranges  0x00002380      0x3b0 C:\Users\srich\AppData\Local\Temp\cc4jYNVw.ltrans6.ltrans.o
 .debug_ranges  0x00002730      0x230 C:\Users\srich\AppData\Local\Temp\cc4jYNVw.ltrans7.ltrans.o
 .debug_ranges  0x00002960      0x3b0 C:\Users\srich\AppData\Local\Temp\cc4jYNVw.ltrans8.ltrans.o

.debug_line     0x00000000     0x7016
 .debug_line    0x00000000      0xc79 C:\Users\srich\AppData\Local\Temp\cc4jYNVw.ltrans0.ltrans.o
 .debug_line    0x00000c79     0x1260 C:\Users\srich\AppData\Local\Temp\cc4jYNVw.ltrans1.ltrans.o
 .debug_line    0x00001ed9      0xf7e C:\Users\srich\AppData\Local\Temp\cc4jYNVw.ltrans2.ltrans.o
 .debug_line    0x00002e57     0x10c4 C:\Users\srich\AppData\Local\Temp\cc4jYNVw.ltrans3.ltrans.o
 .debug_line    0x00003f1b      0x9ee C:\Users\srich\AppData\Local\Temp\cc4jYNVw.ltrans4.ltrans.o
 .debug_line    0x00004909      0x919 C:\Users\srich\AppData\Local\Temp\cc4jYNVw.ltrans5.ltrans.o
 .debug_line    0x00005222      0xae7 C:\Users\srich\AppData\Local\Temp\cc4jYNVw.ltrans6.ltrans.o
 .debug_line    0x00005d09      0x723 C:\Users\srich\AppData\Local\Temp\cc4jYNVw.ltrans7.ltrans.o
 .debug_line    0x0000642c      0xbea C:\Users\srich\AppData\Local\Temp\cc4jYNVw.ltrans8.ltrans.o

.debug_str      0x00000000     0x367d
 .debug_str     0x00000000      0x975 C:\Users\srich\AppData\Local\Temp\cc4jYNVw.ltrans0.ltrans.o
                                0x9ea (size before relaxing)
 .debug_str     0x00000975      0x8eb C:\Users\srich\AppData\Local\Temp\cc4jYNVw.ltrans1.ltrans.o
                                0xe75 (size before relaxing)
 .debug_str     0x00001260      0xa62 C:\Users\srich\AppData\Local\Temp\cc4jYNVw.ltrans2.ltrans.o
                               0x119f (size before relaxing)
 .debug_str     0x00001cc2      0x748 C:\Users\srich\AppData\Local\Temp\cc4jYNVw.ltrans3.ltrans.o
                               0x12c3 (size before relaxing)
 .debug_str     0x0000240a      0x496 C:\Users\srich\AppData\Local\Temp\cc4jYNVw.ltrans4.ltrans.o
                                0xa6b (size before relaxing)
 .debug_str     0x000028a0      0x373 C:\Users\srich\AppData\Local\Temp\cc4jYNVw.ltrans5.ltrans.o
                                0xa36 (size before relaxing)
 .debug_str     0x00002c13      0x3f6 C:\Users\srich\AppData\Local\Temp\cc4jYNVw.ltrans6.ltrans.o
                                0xc77 (size before relaxing)
 .debug_str     0x00003009      0x293 C:\Users\srich\AppData\Local\Temp\cc4jYNVw.ltrans7.ltrans.o
                                0x889 (size before relaxing)
 .debug_str     0x0000329c      0x3e1 C:\Users\srich\AppData\Local\Temp\cc4jYNVw.ltrans8.ltrans.o
                                0xfa6 (size before relaxing)

.debug_frame    0x00000000     0x19ac
 .debug_frame   0x00000000      0x304 C:\Users\srich\AppData\Local\Temp\cc4jYNVw.ltrans0.ltrans.o
 .debug_frame   0x00000304      0x594 C:\Users\srich\AppData\Local\Temp\cc4jYNVw.ltrans1.ltrans.o
 .debug_frame   0x00000898      0x150 C:\Users\srich\AppData\Local\Temp\cc4jYNVw.ltrans2.ltrans.o
 .debug_frame   0x000009e8      0x488 C:\Users\srich\AppData\Local\Temp\cc4jYNVw.ltrans3.ltrans.o
 .debug_frame   0x00000e70      0x1ec C:\Users\srich\AppData\Local\Temp\cc4jYNVw.ltrans4.ltrans.o
 .debug_frame   0x0000105c      0x214 C:\Users\srich\AppData\Local\Temp\cc4jYNVw.ltrans5.ltrans.o
 .debug_frame   0x00001270      0x340 C:\Users\srich\AppData\Local\Temp\cc4jYNVw.ltrans6.ltrans.o
 .debug_frame   0x000015b0      0x124 C:\Users\srich\AppData\Local\Temp\cc4jYNVw.ltrans7.ltrans.o
 .debug_frame   0x000016d4      0x270 C:\Users\srich\AppData\Local\Temp\cc4jYNVw.ltrans8.ltrans.o
 .debug_frame   0x00001944       0x34 c:/chibistudio/tools/gnu tools arm embedded/4.9 2015q3/bin/../lib/gcc/arm-none-eabi/4.9.3/../../../../arm-none-eabi/lib/armv7-m\libg.a(lib_a-strpbrk.o)
 .debug_frame   0x00001978       0x34 c:/chibistudio/tools/gnu tools arm embedded/4.9 2015q3/bin/../lib/gcc/arm-none-eabi/4.9.3/../../../../arm-none-eabi/lib/armv7-m\libg.a(lib_a-strspn.o)

Cross Reference Table

Symbol                                            File
BusFault_Handler                                  C:\Users\srich\AppData\Local\Temp\cc4jYNVw.ltrans1.ltrans.o
                                                  build/obj/vectors.o (symbol from plugin)
                                                  C:\Users\srich\AppData\Local\Temp\cc4jYNVw.ltrans3.ltrans.o
CAND1                                             C:\Users\srich\AppData\Local\Temp\cc4jYNVw.ltrans2.ltrans.o
                                                  build/obj/can_lld.o (symbol from plugin)
                                                  C:\Users\srich\AppData\Local\Temp\cc4jYNVw.ltrans3.ltrans.o
                                                  build/obj/CanComm.o (symbol from plugin)
CanCommInit                                       build/obj/CanComm.o (symbol from plugin)
                                                  build/obj/main.o (symbol from plugin)
DebugMon_Handler                                  C:\Users\srich\AppData\Local\Temp\cc4jYNVw.ltrans1.ltrans.o
                                                  build/obj/vectors.o (symbol from plugin)
                                                  C:\Users\srich\AppData\Local\Temp\cc4jYNVw.ltrans3.ltrans.o
HardFault_Handler                                 C:\Users\srich\AppData\Local\Temp\cc4jYNVw.ltrans1.ltrans.o
                                                  build/obj/vectors.o (symbol from plugin)
                                                  C:\Users\srich\AppData\Local\Temp\cc4jYNVw.ltrans3.ltrans.o
MemManage_Handler                                 C:\Users\srich\AppData\Local\Temp\cc4jYNVw.ltrans1.ltrans.o
                                                  build/obj/vectors.o (symbol from plugin)
                                                  C:\Users\srich\AppData\Local\Temp\cc4jYNVw.ltrans3.ltrans.o
NMI_Handler                                       C:\Users\srich\AppData\Local\Temp\cc4jYNVw.ltrans1.ltrans.o
                                                  build/obj/vectors.o (symbol from plugin)
                                                  C:\Users\srich\AppData\Local\Temp\cc4jYNVw.ltrans3.ltrans.o
PendSV_Handler                                    C:\Users\srich\AppData\Local\Temp\cc4jYNVw.ltrans1.ltrans.o
                                                  build/obj/vectors.o (symbol from plugin)
                                                  C:\Users\srich\AppData\Local\Temp\cc4jYNVw.ltrans3.ltrans.o
Reset_Handler                                     build/obj/crt0_v7m.o
                                                  C:\Users\srich\AppData\Local\Temp\cc4jYNVw.ltrans3.ltrans.o
                                                  build/obj/vectors.o (symbol from plugin)
SD1                                               C:\Users\srich\AppData\Local\Temp\cc4jYNVw.ltrans8.ltrans.o
                                                  build/obj/serial_lld.o (symbol from plugin)
                                                  C:\Users\srich\AppData\Local\Temp\cc4jYNVw.ltrans3.ltrans.o
                                                  C:\Users\srich\AppData\Local\Temp\cc4jYNVw.ltrans2.ltrans.o
                                                  build/obj/console.o (symbol from plugin)
                                                  build/obj/main.o (symbol from plugin)
SVC_Handler                                       build/obj/chcore_v7m.o (symbol from plugin)
                                                  build/obj/vectors.o (symbol from plugin)
SysTick_Handler                                   C:\Users\srich\AppData\Local\Temp\cc4jYNVw.ltrans1.ltrans.o
                                                  build/obj/vectors.o (symbol from plugin)
                                                  C:\Users\srich\AppData\Local\Temp\cc4jYNVw.ltrans3.ltrans.o
SystemCoreClock                                   build/obj/hal_lld.o (symbol from plugin)
TestThread                                        C:\Users\srich\AppData\Local\Temp\cc4jYNVw.ltrans3.ltrans.o
                                                  build/obj/test.o (symbol from plugin)
                                                  C:\Users\srich\AppData\Local\Temp\cc4jYNVw.ltrans8.ltrans.o