Archive member included because of file (symbol)

c:/chibistudio/tools/gnu tools arm embedded/4.9 2015q3/bin/../lib/gcc/arm-none-eabi/4.9.3/armv7-m\libgcc.a(_arm_addsubdf3.o)
                              C:\Users\srich\AppData\Local\Temp\ccUkkJTa.ltrans8.ltrans.o (__aeabi_i2d)
c:/chibistudio/tools/gnu tools arm embedded/4.9 2015q3/bin/../lib/gcc/arm-none-eabi/4.9.3/armv7-m\libgcc.a(_arm_muldivdf3.o)
                              C:\Users\srich\AppData\Local\Temp\ccUkkJTa.ltrans8.ltrans.o (__aeabi_dmul)
c:/chibistudio/tools/gnu tools arm embedded/4.9 2015q3/bin/../lib/gcc/arm-none-eabi/4.9.3/armv7-m\libgcc.a(_arm_fixdfsi.o)
                              C:\Users\srich\AppData\Local\Temp\ccUkkJTa.ltrans8.ltrans.o (__aeabi_d2iz)
c:/chibistudio/tools/gnu tools arm embedded/4.9 2015q3/bin/../lib/gcc/arm-none-eabi/4.9.3/../../../../arm-none-eabi/lib/armv7-m\libg.a(lib_a-strcmp.o)
                              C:\Users\srich\AppData\Local\Temp\ccUkkJTa.ltrans5.ltrans.o (strcmp)
c:/chibistudio/tools/gnu tools arm embedded/4.9 2015q3/bin/../lib/gcc/arm-none-eabi/4.9.3/../../../../arm-none-eabi/lib/armv7-m\libg.a(lib_a-strpbrk.o)
                              C:\Users\srich\AppData\Local\Temp\ccUkkJTa.ltrans8.ltrans.o (strpbrk)
c:/chibistudio/tools/gnu tools arm embedded/4.9 2015q3/bin/../lib/gcc/arm-none-eabi/4.9.3/../../../../arm-none-eabi/lib/armv7-m\libg.a(lib_a-strspn.o)
                              C:\Users\srich\AppData\Local\Temp\ccUkkJTa.ltrans8.ltrans.o (strspn)

Discarded input sections

 .data          0x00000000        0x0 build/obj/crt0_v7m.o
 .bss           0x00000000        0x0 build/obj/crt0_v7m.o
 .data          0x00000000        0x0 build/obj/chcoreasm_v7m.o
 .bss           0x00000000        0x0 build/obj/chcoreasm_v7m.o
 .text          0x00000000        0x0 build/obj/crt1.o (symbol from plugin)
 .text          0x00000000        0x0 C:\Users\srich\AppData\Local\Temp\ccUkkJTa.ltrans0.ltrans.o
 .data          0x00000000        0x0 C:\Users\srich\AppData\Local\Temp\ccUkkJTa.ltrans0.ltrans.o
 .bss           0x00000000        0x0 C:\Users\srich\AppData\Local\Temp\ccUkkJTa.ltrans0.ltrans.o
 .text          0x00000000        0x0 C:\Users\srich\AppData\Local\Temp\ccUkkJTa.ltrans1.ltrans.o
 .data          0x00000000        0x0 C:\Users\srich\AppData\Local\Temp\ccUkkJTa.ltrans1.ltrans.o
 .bss           0x00000000        0x0 C:\Users\srich\AppData\Local\Temp\ccUkkJTa.ltrans1.ltrans.o
 .text          0x00000000        0x0 C:\Users\srich\AppData\Local\Temp\ccUkkJTa.ltrans2.ltrans.o
 .data          0x00000000        0x0 C:\Users\srich\AppData\Local\Temp\ccUkkJTa.ltrans2.ltrans.o
 .bss           0x00000000        0x0 C:\Users\srich\AppData\Local\Temp\ccUkkJTa.ltrans2.ltrans.o
 .text          0x00000000        0x0 C:\Users\srich\AppData\Local\Temp\ccUkkJTa.ltrans3.ltrans.o
 .data          0x00000000        0x0 C:\Users\srich\AppData\Local\Temp\ccUkkJTa.ltrans3.ltrans.o
 .bss           0x00000000        0x0 C:\Users\srich\AppData\Local\Temp\ccUkkJTa.ltrans3.ltrans.o
 .text          0x00000000        0x0 C:\Users\srich\AppData\Local\Temp\ccUkkJTa.ltrans4.ltrans.o
 .data          0x00000000        0x0 C:\Users\srich\AppData\Local\Temp\ccUkkJTa.ltrans4.ltrans.o
 .bss           0x00000000        0x0 C:\Users\srich\AppData\Local\Temp\ccUkkJTa.ltrans4.ltrans.o
 .text          0x00000000        0x0 C:\Users\srich\AppData\Local\Temp\ccUkkJTa.ltrans5.ltrans.o
 .data          0x00000000        0x0 C:\Users\srich\AppData\Local\Temp\ccUkkJTa.ltrans5.ltrans.o
 .bss           0x00000000        0x0 C:\Users\srich\AppData\Local\Temp\ccUkkJTa.ltrans5.ltrans.o
 .text          0x00000000        0x0 C:\Users\srich\AppData\Local\Temp\ccUkkJTa.ltrans6.ltrans.o
 .data          0x00000000        0x0 C:\Users\srich\AppData\Local\Temp\ccUkkJTa.ltrans6.ltrans.o
 .bss           0x00000000        0x0 C:\Users\srich\AppData\Local\Temp\ccUkkJTa.ltrans6.ltrans.o
 .text          0x00000000        0x0 C:\Users\srich\AppData\Local\Temp\ccUkkJTa.ltrans7.ltrans.o
 .data          0x00000000        0x0 C:\Users\srich\AppData\Local\Temp\ccUkkJTa.ltrans7.ltrans.o
 .bss           0x00000000        0x0 C:\Users\srich\AppData\Local\Temp\ccUkkJTa.ltrans7.ltrans.o
 .text          0x00000000        0x0 C:\Users\srich\AppData\Local\Temp\ccUkkJTa.ltrans8.ltrans.o
 .data          0x00000000        0x0 C:\Users\srich\AppData\Local\Temp\ccUkkJTa.ltrans8.ltrans.o
 .bss           0x00000000        0x0 C:\Users\srich\AppData\Local\Temp\ccUkkJTa.ltrans8.ltrans.o
 .data          0x00000000        0x0 c:/chibistudio/tools/gnu tools arm embedded/4.9 2015q3/bin/../lib/gcc/arm-none-eabi/4.9.3/armv7-m\libgcc.a(_arm_addsubdf3.o)
 .bss           0x00000000        0x0 c:/chibistudio/tools/gnu tools arm embedded/4.9 2015q3/bin/../lib/gcc/arm-none-eabi/4.9.3/armv7-m\libgcc.a(_arm_addsubdf3.o)
[...]
Memory Configuration

Name             Origin             Length             Attributes
flash            0x08000000         0x00020000
ram0             0x20000000         0x00005000
ram1             0x00000000         0x00000000
ram2             0x00000000         0x00000000
ram3             0x00000000         0x00000000
ram4             0x00000000         0x00000000
ram5             0x00000000         0x00000000
ram6             0x00000000         0x00000000
ram7             0x00000000         0x00000000
*default*        0x00000000         0xffffffff

Linker script and memory map

LOAD build/obj/crt0_v7m.o
LOAD build/obj/chcoreasm_v7m.o
LOAD build/obj/crt1.o
LOAD C:\Users\srich\AppData\Local\Temp\ccUkkJTa.ltrans0.ltrans.o
LOAD C:\Users\srich\AppData\Local\Temp\ccUkkJTa.ltrans1.ltrans.o
LOAD C:\Users\srich\AppData\Local\Temp\ccUkkJTa.ltrans2.ltrans.o
LOAD C:\Users\srich\AppData\Local\Temp\ccUkkJTa.ltrans3.ltrans.o
LOAD C:\Users\srich\AppData\Local\Temp\ccUkkJTa.ltrans4.ltrans.o
LOAD C:\Users\srich\AppData\Local\Temp\ccUkkJTa.ltrans5.ltrans.o
LOAD C:\Users\srich\AppData\Local\Temp\ccUkkJTa.ltrans6.ltrans.o
LOAD C:\Users\srich\AppData\Local\Temp\ccUkkJTa.ltrans7.ltrans.o
LOAD C:\Users\srich\AppData\Local\Temp\ccUkkJTa.ltrans8.ltrans.o
LOAD c:/chibistudio/tools/gnu tools arm embedded/4.9 2015q3/bin/../lib/gcc/arm-none-eabi/4.9.3/armv7-m\libgcc.a
LOAD c:/chibistudio/tools/gnu tools arm embedded/4.9 2015q3/bin/../lib/gcc/arm-none-eabi/4.9.3/../../../../arm-none-eabi/lib/armv7-m\libg.a
LOAD c:/chibistudio/tools/gnu tools arm embedded/4.9 2015q3/bin/../lib/gcc/arm-none-eabi/4.9.3/../../../../arm-none-eabi/lib/armv7-m\libc.a
LOAD build/obj/vectors.o
LOAD build/obj/chsys.o
LOAD build/obj/chdebug.o
LOAD build/obj/chvt.o
LOAD build/obj/chschd.o
LOAD build/obj/chthreads.o
LOAD build/obj/chtm.o
LOAD build/obj/chdynamic.o
LOAD build/obj/chregistry.o
LOAD build/obj/chsem.o
LOAD build/obj/chmtx.o
LOAD build/obj/chcond.o
LOAD build/obj/chevents.o
LOAD build/obj/chmsg.o
LOAD build/obj/chmboxes.o
LOAD build/obj/chqueues.o
LOAD build/obj/chmemcore.o
LOAD build/obj/chheap.o
LOAD build/obj/chmempools.o
LOAD build/obj/chcore.o
LOAD build/obj/chcore_v7m.o
LOAD build/obj/osal.o
LOAD build/obj/hal.o
LOAD build/obj/st.o
LOAD build/obj/hal_buffers.o
LOAD build/obj/hal_queues.o
LOAD build/obj/hal_mmcsd.o
LOAD build/obj/adc.o
LOAD build/obj/can.o
LOAD build/obj/pal.o
LOAD build/obj/serial.o
LOAD build/obj/nvic.o
LOAD build/obj/hal_lld.o
LOAD build/obj/stm32_dma.o
LOAD build/obj/st_lld.o
LOAD build/obj/adc_lld.o
LOAD build/obj/can_lld.o
LOAD build/obj/pal_lld.o
LOAD build/obj/serial_lld.o
LOAD build/obj/board.o
LOAD build/obj/test.o
LOAD build/obj/testthd.o
LOAD build/obj/testsem.o
LOAD build/obj/testmtx.o
LOAD build/obj/testmsg.o
LOAD build/obj/testmbox.o
LOAD build/obj/testevt.o
LOAD build/obj/testheap.o
LOAD build/obj/testpools.o
LOAD build/obj/testdyn.o
LOAD build/obj/testqueues.o
LOAD build/obj/testsys.o
LOAD build/obj/testbmk.o
LOAD build/obj/syscalls.o
LOAD build/obj/chprintf.o
LOAD build/obj/shell.o
LOAD build/obj/main.o
LOAD build/obj/console.o
LOAD build/obj/CanComm.o
LOAD build/obj/measure.o
                0x20000000                __ram0_start__ = ORIGIN (ram0)
                0x00005000                __ram0_size__ = 0x5000
                0x20005000                __ram0_end__ = (__ram0_start__ + __ram0_size__)
                0x00000000                __ram1_start__ = ORIGIN (ram1)
                0x00000000                __ram1_size__ = 0x0
                0x00000000                __ram1_end__ = (__ram1_start__ + __ram1_size__)
                0x00000000                __ram2_start__ = ORIGIN (ram2)
                0x00000000                __ram2_size__ = 0x0
                0x00000000                __ram2_end__ = (__ram2_start__ + __ram2_size__)
                0x00000000                __ram3_start__ = ORIGIN (ram3)
                0x00000000                __ram3_size__ = 0x0
                0x00000000                __ram3_end__ = (__ram3_start__ + __ram3_size__)
                0x00000000                __ram4_start__ = ORIGIN (ram4)
                0x00000000                __ram4_size__ = 0x0
                0x00000000                __ram4_end__ = (__ram4_start__ + __ram4_size__)
                0x00000000                __ram5_start__ = ORIGIN (ram5)
                0x00000000                __ram5_size__ = 0x0
                0x00000000                __ram5_end__ = (__ram5_start__ + __ram5_size__)
                0x00000000                __ram6_start__ = ORIGIN (ram6)
                0x00000000                __ram6_size__ = 0x0
                0x00000000                __ram6_end__ = (__ram6_start__ + __ram6_size__)
                0x00000000                __ram7_start__ = ORIGIN (ram7)
                0x00000000                __ram7_size__ = 0x0
                0x00000000                __ram7_end__ = (__ram7_start__ + __ram7_size__)
                0x00000000                . = 0x0
                0x00000000                _text = .

startup         0x08000000      0x160
 *(.vectors)
 .vectors       0x08000000      0x160 C:\Users\srich\AppData\Local\Temp\ccUkkJTa.ltrans2.ltrans.o
                0x08000000                _vectors

constructors    0x08000160        0x0
                0x08000160                __init_array_start = .
 *(SORT(.init_array.*))
 *(.init_array)
                0x08000160                __init_array_end = .

destructors     0x08000160        0x0
                0x08000160                __fini_array_start = .
 *(.fini_array)
 *(SORT(.fini_array.*))
                0x08000160                __fini_array_end = .

.text           0x08000160     0x8930
 *(.text)
 .text          0x08000160       0xc4 build/obj/crt0_v7m.o
                0x08000160                Reset_Handler
 *fill*         0x08000224        0xc 
 .text          0x08000230       0x28 build/obj/chcoreasm_v7m.o
                0x08000230                _port_switch
                0x08000240                _port_thread_start
                0x08000250                _port_switch_from_isr
                0x08000254                _port_exit_from_isr
 *fill*         0x08000258        0x8 
 .text          0x08000260      0x370 c:/chibistudio/tools/gnu tools arm embedded/4.9 2015q3/bin/../lib/gcc/arm-none-eabi/4.9.3/armv7-m\libgcc.a(_arm_addsubdf3.o)
                0x08000260                __aeabi_drsub
                0x08000268                __aeabi_dsub
                0x08000268                __subdf3
                0x0800026c                __aeabi_dadd
                0x0800026c                __adddf3
                0x080004e4                __floatunsidf
                0x080004e4                __aeabi_ui2d
                0x08000504                __floatsidf
                0x08000504                __aeabi_i2d
                0x08000528                __aeabi_f2d
                0x08000528                __extendsfdf2
                0x08000564                __floatundidf
                0x08000564                __aeabi_ul2d
                0x08000574                __floatdidf
                0x08000574                __aeabi_l2d
 .text          0x080005d0      0x424 c:/chibistudio/tools/gnu tools arm embedded/4.9 2015q3/bin/../lib/gcc/arm-none-eabi/4.9.3/armv7-m\libgcc.a(_arm_muldivdf3.o)
                0x080005d0                __aeabi_dmul
                0x080005d0                __muldf3
                0x08000824                __divdf3
                0x08000824                __aeabi_ddiv
 *fill*         0x080009f4        0xc 
 .text          0x08000a00       0x50 c:/chibistudio/tools/gnu tools arm embedded/4.9 2015q3/bin/../lib/gcc/arm-none-eabi/4.9.3/armv7-m\libgcc.a(_arm_fixdfsi.o)
                0x08000a00                __aeabi_d2iz
                0x08000a00                __fixdfsi
 .text          0x08000a50      0x1bc c:/chibistudio/tools/gnu tools arm embedded/4.9 2015q3/bin/../lib/gcc/arm-none-eabi/4.9.3/../../../../arm-none-eabi/lib/armv7-m\libg.a(lib_a-strcmp.o)
                0x08000a50                strcmp
 *(.text.*)
 *fill*         0x08000c0c        0x4 
 .text.SVC_Handler
                0x08000c10       0x14 C:\Users\srich\AppData\Local\Temp\ccUkkJTa.ltrans0.ltrans.o
                0x08000c10                SVC_Handler
 *fill*         0x08000c24        0xc 
 .text.chCoreAlloc
                0x08000c30       0x38 C:\Users\srich\AppData\Local\Temp\ccUkkJTa.ltrans0.ltrans.o
                0x08000c30                chCoreAlloc
 *fill*         0x08000c68        0x8 
 .text.wakeup.lto_priv.104
                0x08000c70       0x70 C:\Users\srich\AppData\Local\Temp\ccUkkJTa.ltrans0.ltrans.o
                0x08000c70                wakeup.lto_priv.104
 .text._idle_thread.lto_priv.93
                0x08000ce0        0x4 C:\Users\srich\AppData\Local\Temp\ccUkkJTa.ltrans0.ltrans.o
                0x08000ce0                _idle_thread.lto_priv.93
 *fill*         0x08000ce4        0xc 
 .text.chSchDoRescheduleAhead
                0x08000cf0       0x3c C:\Users\srich\AppData\Local\Temp\ccUkkJTa.ltrans0.ltrans.o
 *fill*         0x08000d2c        0x4 
 .text._port_irq_epilogue
                0x08000d30       0x54 C:\Users\srich\AppData\Local\Temp\ccUkkJTa.ltrans0.ltrans.o
                0x08000d30                _port_irq_epilogue
 *fill*         0x08000d84        0xc 
 .text.chPoolAlloc
                0x08000d90       0x2c C:\Users\srich\AppData\Local\Temp\ccUkkJTa.ltrans0.ltrans.o
                0x08000d90                chPoolAlloc
 *fill*         0x08000dbc        0x4 
 .text.chEvtUnregister
                0x08000dc0       0x2c C:\Users\srich\AppData\Local\Temp\ccUkkJTa.ltrans0.ltrans.o
                0x08000dc0                chEvtUnregister
 *fill*         0x08000dec        0x4 
 .text.chTMStopMeasurementX
                0x08000df0       0x44 C:\Users\srich\AppData\Local\Temp\ccUkkJTa.ltrans0.ltrans.o
                0x08000df0                chTMStopMeasurementX
 *fill*         0x08000e34        0xc 
 .text.chThdYield
                0x08000e40       0x58 C:\Users\srich\AppData\Local\Temp\ccUkkJTa.ltrans0.ltrans.o
                0x08000e40                chThdYield
 *fill*         0x08000e98        0x8 
 .text.chSchDoReschedule
                0x08000ea0        0x4 C:\Users\srich\AppData\Local\Temp\ccUkkJTa.ltrans0.ltrans.o
                0x08000ea0                chSchDoReschedule
 *fill*         0x08000ea4        0xc 
 .text.chSchRescheduleS
                0x08000eb0       0x18 C:\Users\srich\AppData\Local\Temp\ccUkkJTa.ltrans0.ltrans.o
                0x08000eb0                chSchRescheduleS
 *fill*         0x08000ec8        0x8 
 .text.chThdSetPriority
                0x08000ed0       0x30 C:\Users\srich\AppData\Local\Temp\ccUkkJTa.ltrans0.ltrans.o
                0x08000ed0                chThdSetPriority
 .text.chSchWakeupS
                0x08000f00       0x58 C:\Users\srich\AppData\Local\Temp\ccUkkJTa.ltrans0.ltrans.o
                0x08000f00                chSchWakeupS
 *fill*         0x08000f58        0x8 
 .text.chSemSignal
                0x08000f60       0x34 C:\Users\srich\AppData\Local\Temp\ccUkkJTa.ltrans0.ltrans.o
                0x08000f60                chSemSignal
 *fill*         0x08000f94        0xc 
 .text.chThdCreateStatic
                0x08000fa0       0x7c C:\Users\srich\AppData\Local\Temp\ccUkkJTa.ltrans0.ltrans.o
                0x08000fa0                chThdCreateStatic
 *fill*         0x0800101c        0x4 
 .text.chSchGoSleepS
                0x08001020       0x24 C:\Users\srich\AppData\Local\Temp\ccUkkJTa.ltrans0.ltrans.o
                0x08001020                chSchGoSleepS
 *fill*         0x08001044        0xc 
 .text.chMsgWait
                0x08001050       0x3c C:\Users\srich\AppData\Local\Temp\ccUkkJTa.ltrans0.ltrans.o
                0x08001050                chMsgWait
 *fill*         0x0800108c        0x4 
 .text.chSemWait
                0x08001090       0x44 C:\Users\srich\AppData\Local\Temp\ccUkkJTa.ltrans0.ltrans.o
                0x08001090                chSemWait
 *fill*         0x080010d4        0xc 
 .text.chSchReadyI
                0x080010e0       0x2c C:\Users\srich\AppData\Local\Temp\ccUkkJTa.ltrans0.ltrans.o
                0x080010e0                chSchReadyI
 *fill*         0x0800110c        0x4 
 .text.chIQPutI
                0x08001110       0x54 C:\Users\srich\AppData\Local\Temp\ccUkkJTa.ltrans0.ltrans.o
                0x08001110                chIQPutI
 *fill*         0x08001164        0xc 
 .text.chOQGetI
                0x08001170       0x4c C:\Users\srich\AppData\Local\Temp\ccUkkJTa.ltrans0.ltrans.o
                0x08001170                chOQGetI
 *fill*         0x080011bc        0x4 
 .text.chMsgSend
                0x080011c0       0x40 C:\Users\srich\AppData\Local\Temp\ccUkkJTa.ltrans0.ltrans.o
                0x080011c0                chMsgSend
 .text.chEvtSignalI
                0x08001200       0x2c C:\Users\srich\AppData\Local\Temp\ccUkkJTa.ltrans0.ltrans.o
                0x08001200                chEvtSignalI
 *fill*         0x0800122c        0x4 
 .text.chEvtBroadcastFlagsI
                0x08001230       0x2c C:\Users\srich\AppData\Local\Temp\ccUkkJTa.ltrans0.ltrans.o
                0x08001230                chEvtBroadcastFlagsI
 *fill*         0x0800125c        0x4 
 .text.chMtxUnlockAll
                0x08001260       0x54 C:\Users\srich\AppData\Local\Temp\ccUkkJTa.ltrans0.ltrans.o
                0x08001260                chMtxUnlockAll
 *fill*         0x080012b4        0xc 
 .text.chMtxUnlockS
                0x080012c0       0x50 C:\Users\srich\AppData\Local\Temp\ccUkkJTa.ltrans0.ltrans.o
                0x080012c0                chMtxUnlockS
 .text.chMtxUnlock
                0x08001310       0x64 C:\Users\srich\AppData\Local\Temp\ccUkkJTa.ltrans0.ltrans.o
                0x08001310                chMtxUnlock
 *fill*         0x08001374        0xc 
 .text.chMtxLockS
                0x08001380       0xc8 C:\Users\srich\AppData\Local\Temp\ccUkkJTa.ltrans0.ltrans.o
                0x08001380                chMtxLockS
 *fill*         0x08001448        0x8 
 .text.chMtxLock
                0x08001450       0x14 C:\Users\srich\AppData\Local\Temp\ccUkkJTa.ltrans0.ltrans.o
                0x08001450                chMtxLock
 *fill*         0x08001464        0xc 
 .text.chHeapStatus
                0x08001470       0x44 C:\Users\srich\AppData\Local\Temp\ccUkkJTa.ltrans0.ltrans.o
                0x08001470                chHeapStatus
 *fill*         0x080014b4        0xc 
 .text.chHeapFree
                0x080014c0       0x90 C:\Users\srich\AppData\Local\Temp\ccUkkJTa.ltrans0.ltrans.o
                0x080014c0                chHeapFree
 .text.chThdRelease
                0x08001550       0x74 C:\Users\srich\AppData\Local\Temp\ccUkkJTa.ltrans0.ltrans.o
                0x08001550                chThdRelease
 *fill*         0x080015c4        0xc 
 .text.chRegNextThread
                0x080015d0       0x2c C:\Users\srich\AppData\Local\Temp\ccUkkJTa.ltrans0.ltrans.o
                0x080015d0                chRegNextThread
 *fill*         0x080015fc        0x4 
 .text.chThdWait
                0x08001600       0x38 C:\Users\srich\AppData\Local\Temp\ccUkkJTa.ltrans0.ltrans.o
                0x08001600                chThdWait
 *fill*         0x08001638        0x8 
 .text.chHeapAlloc
                0x08001640       0x8c C:\Users\srich\AppData\Local\Temp\ccUkkJTa.ltrans0.ltrans.o
                0x08001640                chHeapAlloc
 *fill*         0x080016cc        0x4 
 .text.chThdCreateFromHeap
                0x080016d0       0x8c C:\Users\srich\AppData\Local\Temp\ccUkkJTa.ltrans0.ltrans.o
                0x080016d0                chThdCreateFromHeap
 *fill*         0x0800175c        0x4 
 .text.chSemSignalI
                0x08001760       0x28 C:\Users\srich\AppData\Local\Temp\ccUkkJTa.ltrans0.ltrans.o
                0x08001760                chSemSignalI
 *fill*         0x08001788        0x8 
 .text.chSemResetI
                0x08001790       0x28 C:\Users\srich\AppData\Local\Temp\ccUkkJTa.ltrans0.ltrans.o
                0x08001790                chSemResetI
 *fill*         0x080017b8        0x8 
 .text.chThdDequeueAllI
                0x080017c0       0x24 C:\Users\srich\AppData\Local\Temp\ccUkkJTa.ltrans0.ltrans.o
                0x080017c0                chThdDequeueAllI
 *fill*         0x080017e4        0xc 
 .text.chThdExitS
                0x080017f0       0x40 C:\Users\srich\AppData\Local\Temp\ccUkkJTa.ltrans0.ltrans.o
                0x080017f0                chThdExitS
 .text.chThdExit
                0x08001830        0xc C:\Users\srich\AppData\Local\Temp\ccUkkJTa.ltrans0.ltrans.o
                0x08001830                chThdExit
 *fill*         0x0800183c        0x4 
 .text.chVTDoResetI
                0x08001840       0x78 C:\Users\srich\AppData\Local\Temp\ccUkkJTa.ltrans0.ltrans.o
                0x08001840                chVTDoResetI
 *fill*         0x080018b8        0x8 
 .text.chVTDoSetI
                0x080018c0       0x80 C:\Users\srich\AppData\Local\Temp\ccUkkJTa.ltrans0.ltrans.o
                0x080018c0                chVTDoSetI
 .text.chSchGoSleepTimeoutS
                0x08001940       0x48 C:\Users\srich\AppData\Local\Temp\ccUkkJTa.ltrans0.ltrans.o
                0x08001940                chSchGoSleepTimeoutS
 *fill*         0x08001988        0x8 
 .text.chSemWaitTimeoutS
                0x08001990       0x40 C:\Users\srich\AppData\Local\Temp\ccUkkJTa.ltrans0.ltrans.o
                0x08001990                chSemWaitTimeoutS
 .text.chThdEnqueueTimeoutS
                0x080019d0       0x28 C:\Users\srich\AppData\Local\Temp\ccUkkJTa.ltrans0.ltrans.o
 *fill*         0x080019f8        0x8 
 .text.chOQWriteTimeout
                0x08001a00       0x80 C:\Users\srich\AppData\Local\Temp\ccUkkJTa.ltrans0.ltrans.o
                0x08001a00                chOQWriteTimeout
 .text.chOQPutTimeout
                0x08001a80       0x54 C:\Users\srich\AppData\Local\Temp\ccUkkJTa.ltrans0.ltrans.o
                0x08001a80                chOQPutTimeout
 *fill*         0x08001ad4        0xc 
 .text.chIQReadTimeout
                0x08001ae0       0x78 C:\Users\srich\AppData\Local\Temp\ccUkkJTa.ltrans0.ltrans.o
                0x08001ae0                chIQReadTimeout
 *fill*         0x08001b58        0x8 
 .text.chIQGetTimeout
                0x08001b60       0x50 C:\Users\srich\AppData\Local\Temp\ccUkkJTa.ltrans0.ltrans.o
                0x08001b60                chIQGetTimeout
 .text.chThdSleepUntil
                0x08001bb0       0x24 C:\Users\srich\AppData\Local\Temp\ccUkkJTa.ltrans0.ltrans.o
                0x08001bb0                chThdSleepUntil
 *fill*         0x08001bd4        0xc 
 .text.chThdSleep
                0x08001be0       0x18 C:\Users\srich\AppData\Local\Temp\ccUkkJTa.ltrans0.ltrans.o
                0x08001be0                chThdSleep
 *fill*         0x08001bf8        0x8 
 .text.chSysRestoreStatusX.part.3.lto_priv.95
                0x08001c00       0x20 C:\Users\srich\AppData\Local\Temp\ccUkkJTa.ltrans0.ltrans.o
                0x08001c00                chSysRestoreStatusX.part.3.lto_priv.95
 .text.chSysGetStatusAndLockX.part.2.lto_priv.96
                0x08001c20       0x1c C:\Users\srich\AppData\Local\Temp\ccUkkJTa.ltrans0.ltrans.o
                0x08001c20                chSysGetStatusAndLockX.part.2.lto_priv.96
 *fill*         0x08001c3c        0x4 
 .text.chSysIntegrityCheckI
                0x08001c40       0xb4 C:\Users\srich\AppData\Local\Temp\ccUkkJTa.ltrans0.ltrans.o
                0x08001c40                chSysIntegrityCheckI
 *fill*         0x08001cf4        0xc 
 .text._unhandled_exception
                0x08001d00        0x4 C:\Users\srich\AppData\Local\Temp\ccUkkJTa.ltrans0.ltrans.o
                0x08001d00                Vector58
                0x08001d00                VectorE8
                0x08001d00                Vector9C
                0x08001d00                VectorAC
                0x08001d00                DebugMon_Handler
                0x08001d00                Vector5C
                0x08001d00                Vector11C
                0x08001d00                HardFault_Handler
                0x08001d00                SysTick_Handler
                0x08001d00                VectorDC
                0x08001d00                PendSV_Handler
                0x08001d00                NMI_Handler
                0x08001d00                Vector110
                0x08001d00                Vector120
                0x08001d00                VectorC8
                0x08001d00                VectorA8
                0x08001d00                VectorB4
                0x08001d00                UsageFault_Handler
                0x08001d00                VectorEC
                0x08001d00                Vector40
                0x08001d00                VectorF8
                0x08001d00                Vector108
                0x08001d00                VectorBC
                0x08001d00                Vector150
                0x08001d00                Vector124
                0x08001d00                Vector148
                0x08001d00                Vector118
                0x08001d00                Vector64
                0x08001d00                VectorCC
                0x08001d00                Vector54
                0x08001d00                VectorD8
                0x08001d00                Vector138
                0x08001d00                Vector24
                0x08001d00                VectorD0
                0x08001d00                Vector140
                0x08001d00                VectorE4
                0x08001d00                VectorC0
                0x08001d00                Vector158
                0x08001d00                Vector130
                0x08001d00                Vector134
                0x08001d00                VectorF0
                0x08001d00                Vector12C
                0x08001d00                Vector13C
                0x08001d00                Vector100
                0x08001d00                VectorE0
                0x08001d00                VectorF4
                0x08001d00                MemManage_Handler
                0x08001d00                VectorA0
                0x08001d00                VectorC4
                0x08001d00                Vector114
                0x08001d00                Vector60
                0x08001d00                Vector1C
                0x08001d00                Vector48
                0x08001d00                Vector4C
                0x08001d00                Vector144
                0x08001d00                Vector15C
                0x08001d00                Vector68
                0x08001d00                Vector88
                0x08001d00                Vector104
                0x08001d00                Vector10C
                0x08001d00                Vector14C
                0x08001d00                BusFault_Handler
                0x08001d00                Vector50
                0x08001d00                Vector154
                0x08001d00                Vector44
                0x08001d00                Vector28
                0x08001d00                VectorB8
                0x08001d00                VectorFC
                0x08001d00                Vector34
                0x08001d00                Vector128
                0x08001d00                VectorA4
                0x08001d00                Vector20
 *fill*         0x08001d04        0xc 
 .text.__init_ram_areas
                0x08001d10       0x4c C:\Users\srich\AppData\Local\Temp\ccUkkJTa.ltrans0.ltrans.o
                0x08001d10                __init_ram_areas
 *fill*         0x08001d5c        0x4 
 .text.__default_exit
                0x08001d60        0x4 C:\Users\srich\AppData\Local\Temp\ccUkkJTa.ltrans0.ltrans.o
                0x08001d60                __default_exit
 *fill*         0x08001d64        0xc 
 .text.__late_init
                0x08001d70        0x4 C:\Users\srich\AppData\Local\Temp\ccUkkJTa.ltrans0.ltrans.o
                0x08001d70                __late_init
 *fill*         0x08001d74        0xc 
 .text.__core_init
                0x08001d80        0x4 C:\Users\srich\AppData\Local\Temp\ccUkkJTa.ltrans0.ltrans.o
                0x08001d80                __core_init
 *fill*         0x08001d84        0xc 
 .text.mtx5_setup.lto_priv.128
                0x08001d90       0x10 C:\Users\srich\AppData\Local\Temp\ccUkkJTa.ltrans1.ltrans.o
                0x08001d90                mtx5_setup.lto_priv.128
 .text.mtx4_setup.lto_priv.126
                0x08001da0       0x1c C:\Users\srich\AppData\Local\Temp\ccUkkJTa.ltrans1.ltrans.o
                0x08001da0                mtx4_setup.lto_priv.126
 *fill*         0x08001dbc        0x4 
 .text.mtx1_setup.lto_priv.124
                0x08001dc0       0x10 C:\Users\srich\AppData\Local\Temp\ccUkkJTa.ltrans1.ltrans.o
                0x08001dc0                mtx1_setup.lto_priv.124
 .text.sem3_setup.lto_priv.121
                0x08001dd0       0x10 C:\Users\srich\AppData\Local\Temp\ccUkkJTa.ltrans1.ltrans.o
                0x08001dd0                sem3_setup.lto_priv.121
 .text.sem2_setup.lto_priv.119
                0x08001de0       0x10 C:\Users\srich\AppData\Local\Temp\ccUkkJTa.ltrans1.ltrans.o
                0x08001de0                sem2_setup.lto_priv.119
 .text.sem1_setup.lto_priv.117
                0x08001df0       0x10 C:\Users\srich\AppData\Local\Temp\ccUkkJTa.ltrans1.ltrans.o
                0x08001df0                sem1_setup.lto_priv.117
 .text.mtx4_execute.lto_priv.127
                0x08001e00      0x248 C:\Users\srich\AppData\Local\Temp\ccUkkJTa.ltrans1.ltrans.o
                0x08001e00                mtx4_execute.lto_priv.127
 *fill*         0x08002048        0x8 
 .text.thread4a
                0x08002050       0x20 C:\Users\srich\AppData\Local\Temp\ccUkkJTa.ltrans1.ltrans.o
 .text.thread4b
                0x08002070       0x20 C:\Users\srich\AppData\Local\Temp\ccUkkJTa.ltrans1.ltrans.o
 .text.mtx1_execute.lto_priv.125
                0x08002090       0xe4 C:\Users\srich\AppData\Local\Temp\ccUkkJTa.ltrans1.ltrans.o
                0x08002090                mtx1_execute.lto_priv.125
 *fill*         0x08002174        0xc 
 .text.thd1_execute.lto_priv.113
                0x08002180       0xc8 C:\Users\srich\AppData\Local\Temp\ccUkkJTa.ltrans1.ltrans.o
                0x08002180                thd1_execute.lto_priv.113
 *fill*         0x08002248        0x8 
 .text.thread1.lto_priv.108
                0x08002250       0x20 C:\Users\srich\AppData\Local\Temp\ccUkkJTa.ltrans1.ltrans.o
 .text.thread   0x08002270        0x8 C:\Users\srich\AppData\Local\Temp\ccUkkJTa.ltrans1.ltrans.o
 *fill*         0x08002278        0x8 
 .text.thread1.lto_priv.107
                0x08002280       0x18 C:\Users\srich\AppData\Local\Temp\ccUkkJTa.ltrans1.ltrans.o
 *fill*         0x08002298        0x8 
 .text.thread4  0x080022a0       0x2c C:\Users\srich\AppData\Local\Temp\ccUkkJTa.ltrans1.ltrans.o
 *fill*         0x080022cc        0x4 
 .text.thread2  0x080022d0       0x24 C:\Users\srich\AppData\Local\Temp\ccUkkJTa.ltrans1.ltrans.o
 *fill*         0x080022f4        0xc 
 .text.sem4_execute.lto_priv.123
                0x08002300      0x158 C:\Users\srich\AppData\Local\Temp\ccUkkJTa.ltrans1.ltrans.o
                0x08002300                sem4_execute.lto_priv.123
 *fill*         0x08002458        0x8 
 .text.sem3_execute.lto_priv.122
                0x08002460       0x90 C:\Users\srich\AppData\Local\Temp\ccUkkJTa.ltrans1.ltrans.o
                0x08002460                sem3_execute.lto_priv.122
 .text.thread3  0x080024f0       0x18 C:\Users\srich\AppData\Local\Temp\ccUkkJTa.ltrans1.ltrans.o
 *fill*         0x08002508        0x8 
 .text.sem2_execute.lto_priv.120
                0x08002510      0x178 C:\Users\srich\AppData\Local\Temp\ccUkkJTa.ltrans1.ltrans.o
                0x08002510                sem2_execute.lto_priv.120
 *fill*         0x08002688        0x8 
 .text.sem1_execute.lto_priv.118
                0x08002690      0x16c C:\Users\srich\AppData\Local\Temp\ccUkkJTa.ltrans1.ltrans.o
                0x08002690                sem1_execute.lto_priv.118
 *fill*         0x080027fc        0x4 
 .text.thd2_execute.lto_priv.114
                0x08002800      0x150 C:\Users\srich\AppData\Local\Temp\ccUkkJTa.ltrans1.ltrans.o
                0x08002800                thd2_execute.lto_priv.114
 .text.thd4_execute.lto_priv.116
                0x08002950       0xb4 C:\Users\srich\AppData\Local\Temp\ccUkkJTa.ltrans1.ltrans.o
                0x08002950                thd4_execute.lto_priv.116
 *fill*         0x08002a04        0xc 
 .text.thd3_execute.lto_priv.115
                0x08002a10      0x12c C:\Users\srich\AppData\Local\Temp\ccUkkJTa.ltrans1.ltrans.o
                0x08002a10                thd3_execute.lto_priv.115
 *fill*         0x08002b3c        0x4 
 .text.print_line
                0x08002b40       0x30 C:\Users\srich\AppData\Local\Temp\ccUkkJTa.ltrans2.ltrans.o
 .text.tmr.lto_priv.82
                0x08002b70        0xc C:\Users\srich\AppData\Local\Temp\ccUkkJTa.ltrans2.ltrans.o
                0x08002b70                tmr.lto_priv.82
 *fill*         0x08002b7c        0x4 
 .text.notify1.lto_priv.81
                0x08002b80       0x10 C:\Users\srich\AppData\Local\Temp\ccUkkJTa.ltrans2.ltrans.o
                0x08002b80                notify1.lto_priv.81
 .text.VectorB0
                0x08002b90       0xa0 C:\Users\srich\AppData\Local\Temp\ccUkkJTa.ltrans2.ltrans.o
 .text.Vector84
                0x08002c30       0x30 C:\Users\srich\AppData\Local\Temp\ccUkkJTa.ltrans2.ltrans.o
 .text.Vector80
                0x08002c60       0x30 C:\Users\srich\AppData\Local\Temp\ccUkkJTa.ltrans2.ltrans.o
 .text.Vector7C
                0x08002c90       0x30 C:\Users\srich\AppData\Local\Temp\ccUkkJTa.ltrans2.ltrans.o
 .text.Vector78
                0x08002cc0       0x30 C:\Users\srich\AppData\Local\Temp\ccUkkJTa.ltrans2.ltrans.o
 .text.Vector74
                0x08002cf0       0x30 C:\Users\srich\AppData\Local\Temp\ccUkkJTa.ltrans2.ltrans.o
 .text.Vector70
                0x08002d20       0x30 C:\Users\srich\AppData\Local\Temp\ccUkkJTa.ltrans2.ltrans.o
 .text.Vector6C
                0x08002d50       0x28 C:\Users\srich\AppData\Local\Temp\ccUkkJTa.ltrans2.ltrans.o
 *fill*         0x08002d78        0x8 
 .text.Vector98
                0x08002d80       0x60 C:\Users\srich\AppData\Local\Temp\ccUkkJTa.ltrans2.ltrans.o
 .text.VectorD4
                0x08002de0      0x144 C:\Users\srich\AppData\Local\Temp\ccUkkJTa.ltrans2.ltrans.o
 *fill*         0x08002f24        0xc 
 .text.Vector94
                0x08002f30       0x64 C:\Users\srich\AppData\Local\Temp\ccUkkJTa.ltrans2.ltrans.o
 *fill*         0x08002f94        0xc 
 .text.Vector90
                0x08002fa0       0x64 C:\Users\srich\AppData\Local\Temp\ccUkkJTa.ltrans2.ltrans.o
 *fill*         0x08003004        0xc 
 .text.Vector8C
                0x08003010       0x70 C:\Users\srich\AppData\Local\Temp\ccUkkJTa.ltrans2.ltrans.o
 .text.adc_lld_serve_rx_interrupt.lto_priv.92
                0x08003080      0x10c C:\Users\srich\AppData\Local\Temp\ccUkkJTa.ltrans2.ltrans.o
                0x08003080                adc_lld_serve_rx_interrupt.lto_priv.92
 *fill*         0x0800318c        0x4 
 .text.readt.lto_priv.90
                0x08003190        0x8 C:\Users\srich\AppData\Local\Temp\ccUkkJTa.ltrans2.ltrans.o
                0x08003190                readt.lto_priv.90
 *fill*         0x08003198        0x8 
 .text.read.lto_priv.84
                0x080031a0        0xc C:\Users\srich\AppData\Local\Temp\ccUkkJTa.ltrans2.ltrans.o
                0x080031a0                read.lto_priv.84
 *fill*         0x080031ac        0x4 
 .text.writet.lto_priv.89
                0x080031b0        0x8 C:\Users\srich\AppData\Local\Temp\ccUkkJTa.ltrans2.ltrans.o
                0x080031b0                writet.lto_priv.89
 *fill*         0x080031b8        0x8 
 .text.write.lto_priv.83
                0x080031c0        0xc C:\Users\srich\AppData\Local\Temp\ccUkkJTa.ltrans2.ltrans.o
                0x080031c0                write.lto_priv.83
 *fill*         0x080031cc        0x4 
 .text.gett.lto_priv.88
                0x080031d0        0x8 C:\Users\srich\AppData\Local\Temp\ccUkkJTa.ltrans2.ltrans.o
                0x080031d0                gett.lto_priv.88
 *fill*         0x080031d8        0x8 
 .text.get.lto_priv.86
                0x080031e0        0xc C:\Users\srich\AppData\Local\Temp\ccUkkJTa.ltrans2.ltrans.o
                0x080031e0                get.lto_priv.86
 *fill*         0x080031ec        0x4 
 .text.putt.lto_priv.87
                0x080031f0        0x8 C:\Users\srich\AppData\Local\Temp\ccUkkJTa.ltrans2.ltrans.o
                0x080031f0                putt.lto_priv.87
 *fill*         0x080031f8        0x8 
 .text.put.lto_priv.85
                0x08003200        0xc C:\Users\srich\AppData\Local\Temp\ccUkkJTa.ltrans2.ltrans.o
                0x08003200                put.lto_priv.85
 *fill*         0x0800320c        0x4 
 .text.test_wait_tick
                0x08003210       0x20 C:\Users\srich\AppData\Local\Temp\ccUkkJTa.ltrans2.ltrans.o
                0x08003210                test_wait_tick
 .text.test_wait_threads
                0x08003230       0x24 C:\Users\srich\AppData\Local\Temp\ccUkkJTa.ltrans2.ltrans.o
                0x08003230                test_wait_threads
 *fill*         0x08003254        0xc 
 .text.test_terminate_threads
                0x08003260       0x30 C:\Users\srich\AppData\Local\Temp\ccUkkJTa.ltrans2.ltrans.o
                0x08003260                test_terminate_threads
 .text._test_assert_time_window
                0x08003290       0x44 C:\Users\srich\AppData\Local\Temp\ccUkkJTa.ltrans2.ltrans.o
                0x08003290                _test_assert_time_window
 *fill*         0x080032d4        0xc 
 .text._test_assert_sequence
                0x080032e0       0x50 C:\Users\srich\AppData\Local\Temp\ccUkkJTa.ltrans2.ltrans.o
                0x080032e0                _test_assert_sequence
 .text._test_assert
                0x08003330       0x2c C:\Users\srich\AppData\Local\Temp\ccUkkJTa.ltrans2.ltrans.o
                0x08003330                _test_assert
 *fill*         0x0800335c        0x4 
 .text.test_emit_token
                0x08003360       0x24 C:\Users\srich\AppData\Local\Temp\ccUkkJTa.ltrans2.ltrans.o
                0x08003360                test_emit_token
 *fill*         0x08003384        0xc 
 .text.test_println
                0x08003390       0x34 C:\Users\srich\AppData\Local\Temp\ccUkkJTa.ltrans2.ltrans.o
                0x08003390                test_println
 *fill*         0x080033c4        0xc 
 .text.test_print
                0x080033d0       0x20 C:\Users\srich\AppData\Local\Temp\ccUkkJTa.ltrans2.ltrans.o
                0x080033d0                test_print
 .text.test_printn
                0x080033f0       0x5c C:\Users\srich\AppData\Local\Temp\ccUkkJTa.ltrans2.ltrans.o
                0x080033f0                test_printn
 *fill*         0x0800344c        0x4 
 .text.TestThread
                0x08003450      0x31c C:\Users\srich\AppData\Local\Temp\ccUkkJTa.ltrans2.ltrans.o
                0x08003450                TestThread
 *fill*         0x0800376c        0x4 
 .text.__early_init
                0x08003770       0x8c C:\Users\srich\AppData\Local\Temp\ccUkkJTa.ltrans2.ltrans.o
                0x08003770                __early_init
 *fill*         0x080037fc        0x4 
 .text.mbox1_setup.lto_priv.137
                0x08003800       0x38 C:\Users\srich\AppData\Local\Temp\ccUkkJTa.ltrans3.ltrans.o
                0x08003800                mbox1_setup.lto_priv.137
 *fill*         0x08003838        0x8 
 .text.mtx8_setup.lto_priv.134
                0x08003840       0x28 C:\Users\srich\AppData\Local\Temp\ccUkkJTa.ltrans3.ltrans.o
                0x08003840                mtx8_setup.lto_priv.134
 *fill*         0x08003868        0x8 
 .text.mtx7_setup.lto_priv.132
                0x08003870       0x1c C:\Users\srich\AppData\Local\Temp\ccUkkJTa.ltrans3.ltrans.o
                0x08003870                mtx7_setup.lto_priv.132
 *fill*         0x0800388c        0x4 
 .text.mtx6_setup.lto_priv.130
                0x08003890       0x1c C:\Users\srich\AppData\Local\Temp\ccUkkJTa.ltrans3.ltrans.o
                0x08003890                mtx6_setup.lto_priv.130
 *fill*         0x080038ac        0x4 
 .text.mbox1_execute.lto_priv.138
                0x080038b0      0x5c8 C:\Users\srich\AppData\Local\Temp\ccUkkJTa.ltrans3.ltrans.o
                0x080038b0                mbox1_execute.lto_priv.138
 *fill*         0x08003e78        0x8 
 .text.thread   0x08003e80       0x20 C:\Users\srich\AppData\Local\Temp\ccUkkJTa.ltrans3.ltrans.o
 .text.msg1_execute.lto_priv.136
                0x08003ea0       0x94 C:\Users\srich\AppData\Local\Temp\ccUkkJTa.ltrans3.ltrans.o
                0x08003ea0                msg1_execute.lto_priv.136
 *fill*         0x08003f34        0xc 
 .text.mtx8_execute.lto_priv.135
                0x08003f40       0x90 C:\Users\srich\AppData\Local\Temp\ccUkkJTa.ltrans3.ltrans.o
                0x08003f40                mtx8_execute.lto_priv.135
 .text.thread12
                0x08003fd0       0x20 C:\Users\srich\AppData\Local\Temp\ccUkkJTa.ltrans3.ltrans.o
 .text.thread11
                0x08003ff0       0x88 C:\Users\srich\AppData\Local\Temp\ccUkkJTa.ltrans3.ltrans.o
 *fill*         0x08004078        0x8 
 .text.thread10
                0x08004080       0x6c C:\Users\srich\AppData\Local\Temp\ccUkkJTa.ltrans3.ltrans.o
 *fill*         0x080040ec        0x4 
 .text.mtx7_execute.lto_priv.133
                0x080040f0       0xf0 C:\Users\srich\AppData\Local\Temp\ccUkkJTa.ltrans3.ltrans.o
                0x080040f0                mtx7_execute.lto_priv.133
 .text.mtx6_execute.lto_priv.131
                0x080041e0       0xdc C:\Users\srich\AppData\Local\Temp\ccUkkJTa.ltrans3.ltrans.o
                0x080041e0                mtx6_execute.lto_priv.131
 *fill*         0x080042bc        0x4 
 .text.mtx5_execute.lto_priv.129
                0x080042c0       0xfc C:\Users\srich\AppData\Local\Temp\ccUkkJTa.ltrans3.ltrans.o
                0x080042c0                mtx5_execute.lto_priv.129
 *fill*         0x080043bc        0x4 
 .text.bmk12_setup.lto_priv.172
                0x080043c0       0x10 C:\Users\srich\AppData\Local\Temp\ccUkkJTa.ltrans4.ltrans.o
                0x080043c0                bmk12_setup.lto_priv.172
 .text.bmk11_setup.lto_priv.170
                0x080043d0       0x10 C:\Users\srich\AppData\Local\Temp\ccUkkJTa.ltrans4.ltrans.o
                0x080043d0                bmk11_setup.lto_priv.170
 .text.tmo      0x080043e0        0x4 C:\Users\srich\AppData\Local\Temp\ccUkkJTa.ltrans4.ltrans.o
 *fill*         0x080043e4        0xc 
 .text.bmk7_setup.lto_priv.165
                0x080043f0       0x10 C:\Users\srich\AppData\Local\Temp\ccUkkJTa.ltrans4.ltrans.o
                0x080043f0                bmk7_setup.lto_priv.165
 .text.sys2_execute.lto_priv.111
                0x08004400       0x1c C:\Users\srich\AppData\Local\Temp\ccUkkJTa.ltrans4.ltrans.o
                0x08004400                sys2_execute.lto_priv.111
 *fill*         0x0800441c        0x4 
 .text.bmk13_execute.lto_priv.174
                0x08004420       0xec C:\Users\srich\AppData\Local\Temp\ccUkkJTa.ltrans4.ltrans.o
                0x08004420                bmk13_execute.lto_priv.174
 *fill*         0x0800450c        0x4 
 .text.bmk12_execute.lto_priv.173
                0x08004510       0x6c C:\Users\srich\AppData\Local\Temp\ccUkkJTa.ltrans4.ltrans.o
                0x08004510                bmk12_execute.lto_priv.173
 *fill*         0x0800457c        0x4 
 .text.bmk11_execute.lto_priv.171
                0x08004580       0x6c C:\Users\srich\AppData\Local\Temp\ccUkkJTa.ltrans4.ltrans.o
                0x08004580                bmk11_execute.lto_priv.171
 *fill*         0x080045ec        0x4 
 .text.thread3  0x080045f0       0x24 C:\Users\srich\AppData\Local\Temp\ccUkkJTa.ltrans4.ltrans.o
 *fill*         0x08004614        0xc 
 .text.bmk10_execute.lto_priv.169
                0x08004620       0x78 C:\Users\srich\AppData\Local\Temp\ccUkkJTa.ltrans4.ltrans.o
                0x08004620                bmk10_execute.lto_priv.169
 *fill*         0x08004698        0x8 
 .text.bmk9_execute.lto_priv.168
                0x080046a0       0xb0 C:\Users\srich\AppData\Local\Temp\ccUkkJTa.ltrans4.ltrans.o
                0x080046a0                bmk9_execute.lto_priv.168
 .text.bmk8_execute.lto_priv.167
                0x08004750       0xdc C:\Users\srich\AppData\Local\Temp\ccUkkJTa.ltrans4.ltrans.o
                0x08004750                bmk8_execute.lto_priv.167
 *fill*         0x0800482c        0x4 
 .text.bmk6_execute.lto_priv.164
                0x08004830       0x64 C:\Users\srich\AppData\Local\Temp\ccUkkJTa.ltrans4.ltrans.o
                0x08004830                bmk6_execute.lto_priv.164
 *fill*         0x08004894        0xc 
 .text.thread8  0x080048a0       0x2c C:\Users\srich\AppData\Local\Temp\ccUkkJTa.ltrans4.ltrans.o
 *fill*         0x080048cc        0x4 
 .text.bmk7_execute.lto_priv.166
                0x080048d0      0x124 C:\Users\srich\AppData\Local\Temp\ccUkkJTa.ltrans4.ltrans.o
                0x080048d0                bmk7_execute.lto_priv.166
 *fill*         0x080049f4        0xc 
 .text.bmk5_execute.lto_priv.163
                0x08004a00       0x68 C:\Users\srich\AppData\Local\Temp\ccUkkJTa.ltrans4.ltrans.o
                0x08004a00                bmk5_execute.lto_priv.163
 *fill*         0x08004a68        0x8 
 .text.bmk4_execute.lto_priv.162
                0x08004a70       0xb8 C:\Users\srich\AppData\Local\Temp\ccUkkJTa.ltrans4.ltrans.o
                0x08004a70                bmk4_execute.lto_priv.162
 *fill*         0x08004b28        0x8 
 .text.thread4  0x08004b30       0x24 C:\Users\srich\AppData\Local\Temp\ccUkkJTa.ltrans4.ltrans.o
 *fill*         0x08004b54        0xc 
 .text.thread2  0x08004b60       0x20 C:\Users\srich\AppData\Local\Temp\ccUkkJTa.ltrans4.ltrans.o
 .text.msg_loop_test
                0x08004b80       0x30 C:\Users\srich\AppData\Local\Temp\ccUkkJTa.ltrans4.ltrans.o
 .text.bmk3_execute.lto_priv.161
                0x08004bb0       0xd8 C:\Users\srich\AppData\Local\Temp\ccUkkJTa.ltrans4.ltrans.o
                0x08004bb0                bmk3_execute.lto_priv.161
 *fill*         0x08004c88        0x8 
 .text.bmk2_execute.lto_priv.160
                0x08004c90       0x6c C:\Users\srich\AppData\Local\Temp\ccUkkJTa.ltrans4.ltrans.o
                0x08004c90                bmk2_execute.lto_priv.160
 *fill*         0x08004cfc        0x4 
 .text.bmk1_execute.lto_priv.159
                0x08004d00       0x6c C:\Users\srich\AppData\Local\Temp\ccUkkJTa.ltrans4.ltrans.o
                0x08004d00                bmk1_execute.lto_priv.159
 *fill*         0x08004d6c        0x4 
 .text.sys3_execute.lto_priv.112
                0x08004d70       0x84 C:\Users\srich\AppData\Local\Temp\ccUkkJTa.ltrans4.ltrans.o
                0x08004d70                sys3_execute.lto_priv.112
 *fill*         0x08004df4        0xc 
 .text.sys1_execute.lto_priv.110
                0x08004e00       0xb4 C:\Users\srich\AppData\Local\Temp\ccUkkJTa.ltrans4.ltrans.o
                0x08004e00                sys1_execute.lto_priv.110
 *fill*         0x08004eb4        0xc 
 .text.vtcb     0x08004ec0       0x28 C:\Users\srich\AppData\Local\Temp\ccUkkJTa.ltrans4.ltrans.o
 *fill*         0x08004ee8        0x8 
 .text.chprintf
                0x08004ef0      0x314 C:\Users\srich\AppData\Local\Temp\ccUkkJTa.ltrans4.ltrans.o
                0x08004ef0                chprintf
 *fill*         0x08005204        0xc 
 .text.thread1  0x08005210        0x4 C:\Users\srich\AppData\Local\Temp\ccUkkJTa.ltrans4.ltrans.o
 *fill*         0x08005214        0xc 
 .text.cmd_systime
                0x08005220       0x34 C:\Users\srich\AppData\Local\Temp\ccUkkJTa.ltrans5.ltrans.o
 *fill*         0x08005254        0xc 
 .text.cmd_info
                0x08005260       0xbc C:\Users\srich\AppData\Local\Temp\ccUkkJTa.ltrans5.ltrans.o
 *fill*         0x0800531c        0x4 
 .text.cmd_threads
                0x08005320       0x70 C:\Users\srich\AppData\Local\Temp\ccUkkJTa.ltrans5.ltrans.o
 .text.cmd_mem  0x08005390       0x60 C:\Users\srich\AppData\Local\Temp\ccUkkJTa.ltrans5.ltrans.o
 .text.shell_thread
                0x080053f0      0x230 C:\Users\srich\AppData\Local\Temp\ccUkkJTa.ltrans5.ltrans.o
 .text.startup.main
                0x08005620      0x6a8 C:\Users\srich\AppData\Local\Temp\ccUkkJTa.ltrans5.ltrans.o
                0x08005620                main
 *fill*         0x08005cc8        0x8 
 .text.notify   0x08005cd0        0x4 C:\Users\srich\AppData\Local\Temp\ccUkkJTa.ltrans6.ltrans.o
 *fill*         0x08005cd4        0xc 
 .text.queues2_setup.lto_priv.157
                0x08005ce0       0x30 C:\Users\srich\AppData\Local\Temp\ccUkkJTa.ltrans6.ltrans.o
                0x08005ce0                queues2_setup.lto_priv.157
 .text.queues1_setup.lto_priv.155
                0x08005d10       0x30 C:\Users\srich\AppData\Local\Temp\ccUkkJTa.ltrans6.ltrans.o
                0x08005d10                queues1_setup.lto_priv.155
 .text.dyn3_setup.lto_priv.153
                0x08005d40       0x30 C:\Users\srich\AppData\Local\Temp\ccUkkJTa.ltrans6.ltrans.o
                0x08005d40                dyn3_setup.lto_priv.153
 .text.dyn2_setup.lto_priv.151
                0x08005d70       0x14 C:\Users\srich\AppData\Local\Temp\ccUkkJTa.ltrans6.ltrans.o
                0x08005d70                dyn2_setup.lto_priv.151
 *fill*         0x08005d84        0xc 
 .text.dyn1_setup.lto_priv.149
                0x08005d90       0x30 C:\Users\srich\AppData\Local\Temp\ccUkkJTa.ltrans6.ltrans.o
                0x08005d90                dyn1_setup.lto_priv.149
 .text.thread2  0x08005dc0       0x10 C:\Users\srich\AppData\Local\Temp\ccUkkJTa.ltrans6.ltrans.o
 .text.thread.lto_priv.80
                0x08005dd0        0x8 C:\Users\srich\AppData\Local\Temp\ccUkkJTa.ltrans6.ltrans.o
                0x08005dd0                thread.lto_priv.80
 *fill*         0x08005dd8        0x8 
 .text.queues2_execute.lto_priv.158
                0x08005de0      0x244 C:\Users\srich\AppData\Local\Temp\ccUkkJTa.ltrans6.ltrans.o
                0x08005de0                queues2_execute.lto_priv.158
 *fill*         0x08006024        0xc 
 .text.thread1  0x08006030       0x10 C:\Users\srich\AppData\Local\Temp\ccUkkJTa.ltrans6.ltrans.o
 .text.queues1_execute.lto_priv.156
                0x08006040      0x268 C:\Users\srich\AppData\Local\Temp\ccUkkJTa.ltrans6.ltrans.o
                0x08006040                queues1_execute.lto_priv.156
 *fill*         0x080062a8        0x8 
 .text.regfind  0x080062b0       0x38 C:\Users\srich\AppData\Local\Temp\ccUkkJTa.ltrans6.ltrans.o
 *fill*         0x080062e8        0x8 
 .text.dyn3_execute.lto_priv.154
                0x080062f0      0x13c C:\Users\srich\AppData\Local\Temp\ccUkkJTa.ltrans6.ltrans.o
                0x080062f0                dyn3_execute.lto_priv.154
 *fill*         0x0800642c        0x4 
 .text.pools1_execute.lto_priv.148
                0x08006430       0xd0 C:\Users\srich\AppData\Local\Temp\ccUkkJTa.ltrans6.ltrans.o
                0x08006430                pools1_execute.lto_priv.148
 .text.dyn2_execute.lto_priv.152
                0x08006500       0xe8 C:\Users\srich\AppData\Local\Temp\ccUkkJTa.ltrans6.ltrans.o
                0x08006500                dyn2_execute.lto_priv.152
 *fill*         0x080065e8        0x8 
 .text.dyn1_execute.lto_priv.150
                0x080065f0       0xf4 C:\Users\srich\AppData\Local\Temp\ccUkkJTa.ltrans6.ltrans.o
                0x080065f0                dyn1_execute.lto_priv.150
 *fill*         0x080066e4        0xc 
 .text.pools1_setup.lto_priv.147
                0x080066f0       0x14 C:\Users\srich\AppData\Local\Temp\ccUkkJTa.ltrans7.ltrans.o
                0x080066f0                pools1_setup.lto_priv.147
 *fill*         0x08006704        0xc 
 .text.null_provider.lto_priv.99
                0x08006710        0x4 C:\Users\srich\AppData\Local\Temp\ccUkkJTa.ltrans7.ltrans.o
                0x08006710                null_provider.lto_priv.99
 *fill*         0x08006714        0xc 
 .text.heap1_setup.lto_priv.145
                0x08006720       0x30 C:\Users\srich\AppData\Local\Temp\ccUkkJTa.ltrans7.ltrans.o
                0x08006720                heap1_setup.lto_priv.145
 .text.heap1_execute.lto_priv.146
                0x08006750      0x240 C:\Users\srich\AppData\Local\Temp\ccUkkJTa.ltrans7.ltrans.o
                0x08006750                heap1_execute.lto_priv.146
 .text.evt3_execute.lto_priv.144
                0x08006990      0x15c C:\Users\srich\AppData\Local\Temp\ccUkkJTa.ltrans7.ltrans.o
                0x08006990                evt3_execute.lto_priv.144
 *fill*         0x08006aec        0x4 
 .text.evt3_setup.lto_priv.143
                0x08006af0        0x4 C:\Users\srich\AppData\Local\Temp\ccUkkJTa.ltrans7.ltrans.o
                0x08006af0                evt3_setup.lto_priv.143
 *fill*         0x08006af4        0xc 
 .text.evt2_setup.lto_priv.141
                0x08006b00        0x4 C:\Users\srich\AppData\Local\Temp\ccUkkJTa.ltrans7.ltrans.o
                0x08006b00                evt2_setup.lto_priv.141
 *fill*         0x08006b04        0xc 
 .text.evt1_setup.lto_priv.139
                0x08006b10        0x4 C:\Users\srich\AppData\Local\Temp\ccUkkJTa.ltrans7.ltrans.o
                0x08006b10                evt1_setup.lto_priv.139
 *fill*         0x08006b14        0xc 
 .text.evt2_execute.lto_priv.142
                0x08006b20      0x2e4 C:\Users\srich\AppData\Local\Temp\ccUkkJTa.ltrans7.ltrans.o
                0x08006b20                evt2_execute.lto_priv.142
 *fill*         0x08006e04        0xc 
 .text.thread2  0x08006e10       0x40 C:\Users\srich\AppData\Local\Temp\ccUkkJTa.ltrans7.ltrans.o
 .text.thread1  0x08006e50       0x24 C:\Users\srich\AppData\Local\Temp\ccUkkJTa.ltrans7.ltrans.o
 *fill*         0x08006e74        0xc 
 .text.evt1_execute.lto_priv.140
                0x08006e80       0xe0 C:\Users\srich\AppData\Local\Temp\ccUkkJTa.ltrans7.ltrans.o
                0x08006e80                evt1_execute.lto_priv.140
 .text.h3       0x08006f60        0x8 C:\Users\srich\AppData\Local\Temp\ccUkkJTa.ltrans7.ltrans.o
 *fill*         0x08006f68        0x8 
 .text.h2       0x08006f70        0x8 C:\Users\srich\AppData\Local\Temp\ccUkkJTa.ltrans7.ltrans.o
 *fill*         0x08006f78        0x8 
 .text.h1       0x08006f80        0x8 C:\Users\srich\AppData\Local\Temp\ccUkkJTa.ltrans7.ltrans.o
 *fill*         0x08006f88        0x8 
 .text.cmd_getAdcValues
                0x08006f90       0xbc C:\Users\srich\AppData\Local\Temp\ccUkkJTa.ltrans8.ltrans.o
                0x08006f90                cmd_getAdcValues
 *fill*         0x0800704c        0x4 
 .text.SampleThread.lto_priv.91
                0x08007050      0x1cc C:\Users\srich\AppData\Local\Temp\ccUkkJTa.ltrans8.ltrans.o
                0x08007050                SampleThread.lto_priv.91
 *fill*         0x0800721c        0x4 
 .text.cmd_test.lto_priv.94
                0x08007220       0x58 C:\Users\srich\AppData\Local\Temp\ccUkkJTa.ltrans8.ltrans.o
                0x08007220                cmd_test.lto_priv.94
 *fill*         0x08007278        0x8 
 .text.chTMStartMeasurementX.constprop.78
                0x08007280        0xc C:\Users\srich\AppData\Local\Temp\ccUkkJTa.ltrans8.ltrans.o
                0x08007280                chTMStartMeasurementX.constprop.78
 *fill*         0x0800728c        0x4 
 .text.chThdCreateFromMemoryPool.constprop.76
                0x08007290       0x9c C:\Users\srich\AppData\Local\Temp\ccUkkJTa.ltrans8.ltrans.o
                0x08007290                chThdCreateFromMemoryPool.constprop.76
 *fill*         0x0800732c        0x4 
 .text.chSemSignalWait.constprop.72
                0x08007330       0x68 C:\Users\srich\AppData\Local\Temp\ccUkkJTa.ltrans8.ltrans.o
                0x08007330                chSemSignalWait.constprop.72
 *fill*         0x08007398        0x8 
 .text.chCondSignal.constprop.68
                0x080073a0       0x28 C:\Users\srich\AppData\Local\Temp\ccUkkJTa.ltrans8.ltrans.o
                0x080073a0                chCondSignal.constprop.68
 *fill*         0x080073c8        0x8 
 .text.chCondSignalI.constprop.67
                0x080073d0       0x24 C:\Users\srich\AppData\Local\Temp\ccUkkJTa.ltrans8.ltrans.o
                0x080073d0                chCondSignalI.constprop.67
 *fill*         0x080073f4        0xc 
 .text.chEvtGetAndClearEvents.constprop.59
                0x08007400       0x1c C:\Users\srich\AppData\Local\Temp\ccUkkJTa.ltrans8.ltrans.o
                0x08007400                chEvtGetAndClearEvents.constprop.59
 *fill*         0x0800741c        0x4 
 .text.chEvtWaitOne.constprop.55
                0x08007420       0x34 C:\Users\srich\AppData\Local\Temp\ccUkkJTa.ltrans8.ltrans.o
                0x08007420                chEvtWaitOne.constprop.55
 *fill*         0x08007454        0xc 
 .text.unlikely.chEvtWaitAny.constprop.54
                0x08007460       0x34 C:\Users\srich\AppData\Local\Temp\ccUkkJTa.ltrans8.ltrans.o
                0x08007460                chEvtWaitAny.constprop.54
 *fill*         0x08007494        0xc 
 .text.chMBPost.constprop.40
                0x080074a0       0x48 C:\Users\srich\AppData\Local\Temp\ccUkkJTa.ltrans8.ltrans.o
                0x080074a0                chMBPost.constprop.40
 *fill*         0x080074e8        0x8 
 .text.chMBPostI.constprop.39
                0x080074f0       0x3c C:\Users\srich\AppData\Local\Temp\ccUkkJTa.ltrans8.ltrans.o
                0x080074f0                chMBPostI.constprop.39
 *fill*         0x0800752c        0x4 
 .text.chMBPostAhead.constprop.38
                0x08007530       0x4c C:\Users\srich\AppData\Local\Temp\ccUkkJTa.ltrans8.ltrans.o
                0x08007530                chMBPostAhead.constprop.38
 *fill*         0x0800757c        0x4 
 .text.chMBPostAheadI.constprop.37
                0x08007580       0x3c C:\Users\srich\AppData\Local\Temp\ccUkkJTa.ltrans8.ltrans.o
                0x08007580                chMBPostAheadI.constprop.37
 *fill*         0x080075bc        0x4 
 .text.unlikely.chMBFetch.constprop.36
                0x080075c0       0x4c C:\Users\srich\AppData\Local\Temp\ccUkkJTa.ltrans8.ltrans.o
                0x080075c0                chMBFetch.constprop.36
 *fill*         0x0800760c        0x4 
 .text.unlikely.chMBFetchI.constprop.35
                0x08007610       0x3c C:\Users\srich\AppData\Local\Temp\ccUkkJTa.ltrans8.ltrans.o
                0x08007610                chMBFetchI.constprop.35
 *fill*         0x0800764c        0x4 
 .text.sdObjectInit.constprop.30
                0x08007650       0x6c C:\Users\srich\AppData\Local\Temp\ccUkkJTa.ltrans8.ltrans.o
                0x08007650                sdObjectInit.constprop.30
 *fill*         0x080076bc        0x4 
 .text.test_start_timer.constprop.6
                0x080076c0       0x3c C:\Users\srich\AppData\Local\Temp\ccUkkJTa.ltrans8.ltrans.o
                0x080076c0                test_start_timer.constprop.6
 *fill*         0x080076fc        0x4 
 .text.long_to_string_with_divisor.constprop.4
                0x08007700       0x44 C:\Users\srich\AppData\Local\Temp\ccUkkJTa.ltrans8.ltrans.o
                0x08007700                long_to_string_with_divisor.constprop.4
 *fill*         0x08007744        0xc 
 .text._strtok.constprop.3
                0x08007750       0x40 C:\Users\srich\AppData\Local\Temp\ccUkkJTa.ltrans8.ltrans.o
                0x08007750                _strtok.constprop.3
 .text.strpbrk  0x08007790       0x48 c:/chibistudio/tools/gnu tools arm embedded/4.9 2015q3/bin/../lib/gcc/arm-none-eabi/4.9.3/../../../../arm-none-eabi/lib/armv7-m\libg.a(lib_a-strpbrk.o)
                0x08007790                strpbrk
 *fill*         0x080077d8        0x8 
 .text.strspn   0x080077e0       0x34 c:/chibistudio/tools/gnu tools arm embedded/4.9 2015q3/bin/../lib/gcc/arm-none-eabi/4.9.3/../../../../arm-none-eabi/lib/armv7-m\libg.a(lib_a-strspn.o)
                0x080077e0                strspn
 *(.rodata)
 *(.rodata.*)
 *fill*         0x08007814        0xc 
 .rodata.ram_areas
                0x08007820       0x80 C:\Users\srich\AppData\Local\Temp\ccUkkJTa.ltrans0.ltrans.o
 .rodata.str1.4
                0x080078a0       0x12 C:\Users\srich\AppData\Local\Temp\ccUkkJTa.ltrans1.ltrans.o
                                 0x1a (size before relaxing)
 *fill*         0x080078b2        0xe 
 .rodata.testmtx4
                0x080078c0       0x10 C:\Users\srich\AppData\Local\Temp\ccUkkJTa.ltrans2.ltrans.o
 .rodata.testmtx5
                0x080078d0       0x10 C:\Users\srich\AppData\Local\Temp\ccUkkJTa.ltrans2.ltrans.o
 .rodata.testmtx6
                0x080078e0       0x10 C:\Users\srich\AppData\Local\Temp\ccUkkJTa.ltrans2.ltrans.o
 .rodata.testmtx7
                0x080078f0       0x10 C:\Users\srich\AppData\Local\Temp\ccUkkJTa.ltrans2.ltrans.o
 .rodata.testmtx8
                0x08007900       0x10 C:\Users\srich\AppData\Local\Temp\ccUkkJTa.ltrans2.ltrans.o
 .rodata.patternmsg
                0x08007910        0x8 C:\Users\srich\AppData\Local\Temp\ccUkkJTa.ltrans2.ltrans.o
 *fill*         0x08007918        0x8 
 .rodata.testbmk11
                0x08007920       0x10 C:\Users\srich\AppData\Local\Temp\ccUkkJTa.ltrans2.ltrans.o
 .rodata.testbmk13
                0x08007930       0x10 C:\Users\srich\AppData\Local\Temp\ccUkkJTa.ltrans2.ltrans.o
 .rodata.testevt2
                0x08007940       0x10 C:\Users\srich\AppData\Local\Temp\ccUkkJTa.ltrans2.ltrans.o
 .rodata.patterndyn
                0x08007950       0x10 C:\Users\srich\AppData\Local\Temp\ccUkkJTa.ltrans2.ltrans.o
 .rodata.testsys1
                0x08007960       0x10 C:\Users\srich\AppData\Local\Temp\ccUkkJTa.ltrans2.ltrans.o
 .rodata.testsem1
                0x08007970       0x10 C:\Users\srich\AppData\Local\Temp\ccUkkJTa.ltrans2.ltrans.o
 .rodata.testsem2
                0x08007980       0x10 C:\Users\srich\AppData\Local\Temp\ccUkkJTa.ltrans2.ltrans.o
 .rodata.testsem3
                0x08007990       0x10 C:\Users\srich\AppData\Local\Temp\ccUkkJTa.ltrans2.ltrans.o
 .rodata.testsem4
                0x080079a0       0x10 C:\Users\srich\AppData\Local\Temp\ccUkkJTa.ltrans2.ltrans.o
 .rodata.testsys2
                0x080079b0       0x10 C:\Users\srich\AppData\Local\Temp\ccUkkJTa.ltrans2.ltrans.o
 .rodata.testsys3
                0x080079c0       0x10 C:\Users\srich\AppData\Local\Temp\ccUkkJTa.ltrans2.ltrans.o
 .rodata.testbmk10
                0x080079d0       0x10 C:\Users\srich\AppData\Local\Temp\ccUkkJTa.ltrans2.ltrans.o
 .rodata.testbmk7
                0x080079e0       0x10 C:\Users\srich\AppData\Local\Temp\ccUkkJTa.ltrans2.ltrans.o
 .rodata.testbmk12
                0x080079f0       0x10 C:\Users\srich\AppData\Local\Temp\ccUkkJTa.ltrans2.ltrans.o
 .rodata.testbmk8
                0x08007a00       0x10 C:\Users\srich\AppData\Local\Temp\ccUkkJTa.ltrans2.ltrans.o
 .rodata.testbmk1
                0x08007a10       0x10 C:\Users\srich\AppData\Local\Temp\ccUkkJTa.ltrans2.ltrans.o
 .rodata.testbmk2
                0x08007a20       0x10 C:\Users\srich\AppData\Local\Temp\ccUkkJTa.ltrans2.ltrans.o
 .rodata.testbmk3
                0x08007a30       0x10 C:\Users\srich\AppData\Local\Temp\ccUkkJTa.ltrans2.ltrans.o
 .rodata.testbmk4
                0x08007a40       0x10 C:\Users\srich\AppData\Local\Temp\ccUkkJTa.ltrans2.ltrans.o
 .rodata.testbmk5
                0x08007a50       0x10 C:\Users\srich\AppData\Local\Temp\ccUkkJTa.ltrans2.ltrans.o
 .rodata.testbmk6
                0x08007a60       0x10 C:\Users\srich\AppData\Local\Temp\ccUkkJTa.ltrans2.ltrans.o
 .rodata.patternsys
                0x08007a70       0x10 C:\Users\srich\AppData\Local\Temp\ccUkkJTa.ltrans2.ltrans.o
 .rodata.testpools1
                0x08007a80       0x10 C:\Users\srich\AppData\Local\Temp\ccUkkJTa.ltrans2.ltrans.o
 .rodata.testbmk9
                0x08007a90       0x10 C:\Users\srich\AppData\Local\Temp\ccUkkJTa.ltrans2.ltrans.o
 .rodata.patternbmk
                0x08007aa0       0x38 C:\Users\srich\AppData\Local\Temp\ccUkkJTa.ltrans2.ltrans.o
 *fill*         0x08007ad8        0x8 
 .rodata.patterns
                0x08007ae0       0x34 C:\Users\srich\AppData\Local\Temp\ccUkkJTa.ltrans2.ltrans.o
 *fill*         0x08007b14        0xc 
 .rodata.testdyn1
                0x08007b20       0x10 C:\Users\srich\AppData\Local\Temp\ccUkkJTa.ltrans2.ltrans.o
 .rodata.testdyn2
                0x08007b30       0x10 C:\Users\srich\AppData\Local\Temp\ccUkkJTa.ltrans2.ltrans.o
 .rodata.testdyn3
                0x08007b40       0x10 C:\Users\srich\AppData\Local\Temp\ccUkkJTa.ltrans2.ltrans.o
 .rodata.testmbox1
                0x08007b50       0x10 C:\Users\srich\AppData\Local\Temp\ccUkkJTa.ltrans2.ltrans.o
 .rodata.patternheap
                0x08007b60        0x8 C:\Users\srich\AppData\Local\Temp\ccUkkJTa.ltrans2.ltrans.o
 *fill*         0x08007b68        0x8 
 .rodata.testmsg1
                0x08007b70       0x10 C:\Users\srich\AppData\Local\Temp\ccUkkJTa.ltrans2.ltrans.o
 .rodata.patternthd
                0x08007b80       0x14 C:\Users\srich\AppData\Local\Temp\ccUkkJTa.ltrans2.ltrans.o
 *fill*         0x08007b94        0xc 
 .rodata.testqueues1
                0x08007ba0       0x10 C:\Users\srich\AppData\Local\Temp\ccUkkJTa.ltrans2.ltrans.o
 .rodata.testqueues2
                0x08007bb0       0x10 C:\Users\srich\AppData\Local\Temp\ccUkkJTa.ltrans2.ltrans.o
 .rodata.patternmbox
                0x08007bc0        0x8 C:\Users\srich\AppData\Local\Temp\ccUkkJTa.ltrans2.ltrans.o
 *fill*         0x08007bc8        0x8 
 .rodata.testthd1
                0x08007bd0       0x10 C:\Users\srich\AppData\Local\Temp\ccUkkJTa.ltrans2.ltrans.o
 .rodata.testthd2
                0x08007be0       0x10 C:\Users\srich\AppData\Local\Temp\ccUkkJTa.ltrans2.ltrans.o
 .rodata.testthd3
                0x08007bf0       0x10 C:\Users\srich\AppData\Local\Temp\ccUkkJTa.ltrans2.ltrans.o
 .rodata.testthd4
                0x08007c00       0x10 C:\Users\srich\AppData\Local\Temp\ccUkkJTa.ltrans2.ltrans.o
 .rodata.patternsem
                0x08007c10       0x14 C:\Users\srich\AppData\Local\Temp\ccUkkJTa.ltrans2.ltrans.o
 *fill*         0x08007c24        0xc 
 .rodata.patternqueues
                0x08007c30        0xc C:\Users\srich\AppData\Local\Temp\ccUkkJTa.ltrans2.ltrans.o
 *fill*         0x08007c3c        0x4 
 .rodata.patternevt
                0x08007c40       0x10 C:\Users\srich\AppData\Local\Temp\ccUkkJTa.ltrans2.ltrans.o
 .rodata.testevt1
                0x08007c50       0x10 C:\Users\srich\AppData\Local\Temp\ccUkkJTa.ltrans2.ltrans.o
 .rodata.testheap1
                0x08007c60       0x10 C:\Users\srich\AppData\Local\Temp\ccUkkJTa.ltrans2.ltrans.o
 .rodata.testevt3
                0x08007c70       0x10 C:\Users\srich\AppData\Local\Temp\ccUkkJTa.ltrans2.ltrans.o
 .rodata.patternmtx
                0x08007c80       0x1c C:\Users\srich\AppData\Local\Temp\ccUkkJTa.ltrans2.ltrans.o
 *fill*         0x08007c9c        0x4 
 .rodata.str1.4
                0x08007ca0      0x6c7 C:\Users\srich\AppData\Local\Temp\ccUkkJTa.ltrans2.ltrans.o
                                0x6d7 (size before relaxing)
 *fill*         0x08008367        0x9 
 .rodata.testmtx1
                0x08008370       0x10 C:\Users\srich\AppData\Local\Temp\ccUkkJTa.ltrans2.ltrans.o
 .rodata.patternpools
                0x08008380        0x8 C:\Users\srich\AppData\Local\Temp\ccUkkJTa.ltrans2.ltrans.o
 *fill*         0x08008388        0x8 
 .rodata.str1.4
                0x08008390        0x4 C:\Users\srich\AppData\Local\Temp\ccUkkJTa.ltrans3.ltrans.o
                                 0x1e (size before relaxing)
 *fill*         0x08008394        0xc 
 .rodata.wa     0x080083a0       0x14 C:\Users\srich\AppData\Local\Temp\ccUkkJTa.ltrans4.ltrans.o
                0x080083a0                wa
 *fill*         0x080083b4        0xc 
 .rodata.str1.4
                0x080083c0      0x12f C:\Users\srich\AppData\Local\Temp\ccUkkJTa.ltrans4.ltrans.o
 *fill*         0x080084ef        0x1 
 .rodata.states.7658
                0x080084f0       0x40 C:\Users\srich\AppData\Local\Temp\ccUkkJTa.ltrans5.ltrans.o
 .rodata.ch_debug
                0x08008530       0x16 C:\Users\srich\AppData\Local\Temp\ccUkkJTa.ltrans5.ltrans.o
 *fill*         0x08008546        0xa 
 .rodata.commands
                0x08008550       0x28 C:\Users\srich\AppData\Local\Temp\ccUkkJTa.ltrans5.ltrans.o
 *fill*         0x08008578        0x8 
 .rodata.str1.4
                0x08008580      0x2da C:\Users\srich\AppData\Local\Temp\ccUkkJTa.ltrans5.ltrans.o
                                0x3a6 (size before relaxing)
 *fill*         0x0800885a        0x6 
 .rodata._stm32_dma_streams
                0x08008860       0x8c C:\Users\srich\AppData\Local\Temp\ccUkkJTa.ltrans5.ltrans.o
 *fill*         0x080088ec        0x4 
 .rodata.cancfg
                0x080088f0        0x8 C:\Users\srich\AppData\Local\Temp\ccUkkJTa.ltrans5.ltrans.o
 *fill*         0x080088f8        0x8 
 .rodata.shCfg  0x08008900        0x8 C:\Users\srich\AppData\Local\Temp\ccUkkJTa.ltrans5.ltrans.o
 *fill*         0x08008908        0x8 
 .rodata.str1.4
                0x08008910        0xb C:\Users\srich\AppData\Local\Temp\ccUkkJTa.ltrans6.ltrans.o
                                 0x1f (size before relaxing)
 .rodata.str1.4
                0x00000000        0x8 C:\Users\srich\AppData\Local\Temp\ccUkkJTa.ltrans7.ltrans.o
 *fill*         0x0800891b        0x5 
 .rodata.evhndl
                0x08008920        0xc C:\Users\srich\AppData\Local\Temp\ccUkkJTa.ltrans7.ltrans.o
 *fill*         0x0800892c        0x4 
 .rodata.measNTCcalib
                0x08008930       0x56 C:\Users\srich\AppData\Local\Temp\ccUkkJTa.ltrans8.ltrans.o
 *fill*         0x08008986        0xa 
 .rodata.str1.4
                0x08008990       0xa4 C:\Users\srich\AppData\Local\Temp\ccUkkJTa.ltrans8.ltrans.o
                                 0xa3 (size before relaxing)
 *fill*         0x08008a34        0xc 
 .rodata.adcgrpcfg
                0x08008a40       0x28 C:\Users\srich\AppData\Local\Temp\ccUkkJTa.ltrans8.ltrans.o
 *fill*         0x08008a68        0x8 
 .rodata.vmt    0x08008a70       0x20 C:\Users\srich\AppData\Local\Temp\ccUkkJTa.ltrans8.ltrans.o
 *(.glue_7t)
 .glue_7t       0x00000000        0x0 linker stubs
 *(.glue_7)
 .glue_7        0x00000000        0x0 linker stubs
 *(.gcc*)

.vfp11_veneer   0x08008a90        0x0
 .vfp11_veneer  0x00000000        0x0 linker stubs

.v4_bx          0x08008a90        0x0
 .v4_bx         0x00000000        0x0 linker stubs

.iplt           0x08008a90        0x0
 .iplt          0x00000000        0x0 build/obj/crt0_v7m.o

.rel.dyn        0x08008a90        0x0
 .rel.iplt      0x00000000        0x0 build/obj/crt0_v7m.o

.ARM.extab
 *(.ARM.extab* .gnu.linkonce.armextab.*)

.ARM.exidx      0x08008a90        0x0
                0x08008a90                __exidx_start = .
 *(.ARM.exidx* .gnu.linkonce.armexidx.*)
                0x08008a90                __exidx_end = .

.eh_frame_hdr
 *(.eh_frame_hdr)

.eh_frame
 *(.eh_frame)

.textalign      0x08008a90        0x0
                0x08008a90                . = ALIGN (0x8)
                0x08008a90                . = ALIGN (0x4)
                0x08008a90                PROVIDE (_etext, .)

.mstack         0x20000000      0x400
                0x20000000                . = ALIGN (0x8)
                0x20000000                __main_stack_base__ = .
                0x20000400                . = (. + __main_stack_size__)
 *fill*         0x20000000      0x400 
                0x20000400                . = ALIGN (0x8)
                0x20000400                __main_stack_end__ = .

.pstack         0x20000400      0x400
                0x20000400                __process_stack_base__ = .
                0x20000400                __main_thread_stack_base__ = .
                0x20000800                . = (. + __process_stack_size__)
 *fill*         0x20000400      0x400 
                0x20000800                . = ALIGN (0x8)
                0x20000800                __process_stack_end__ = .
                0x20000800                __main_thread_stack_end__ = .

.data           0x20000800       0xdc load address 0x08008a90
                0x20000800                . = ALIGN (0x4)
                0x08008a90                PROVIDE (_textdata, LOADADDR (.data))
                0x20000800                PROVIDE (_data, .)
                0x08008a90                _textdata_start = LOADADDR (.data)
                0x20000800                _data_start = .
 *(.data)
 *(.data.*)
 .data.m1.lto_priv.105
                0x20000800       0x10 C:\Users\srich\AppData\Local\Temp\ccUkkJTa.ltrans3.ltrans.o
                0x20000800                m1.lto_priv.105
 .data.m2.lto_priv.106
                0x20000810       0x10 C:\Users\srich\AppData\Local\Temp\ccUkkJTa.ltrans3.ltrans.o
                0x20000810                m2.lto_priv.106
 .data.local_commands
                0x20000820       0x18 C:\Users\srich\AppData\Local\Temp\ccUkkJTa.ltrans5.ltrans.o
 .data.ser_cfg  0x20000838        0xc C:\Users\srich\AppData\Local\Temp\ccUkkJTa.ltrans5.ltrans.o
 .data.mp1.lto_priv.97
                0x20000844        0xc C:\Users\srich\AppData\Local\Temp\ccUkkJTa.ltrans6.ltrans.o
                0x20000844                mp1.lto_priv.97
 .data.oq       0x20000850       0x24 C:\Users\srich\AppData\Local\Temp\ccUkkJTa.ltrans6.ltrans.o
 .data.iq       0x20000874       0x24 C:\Users\srich\AppData\Local\Temp\ccUkkJTa.ltrans6.ltrans.o
 .data.es1      0x20000898        0x4 C:\Users\srich\AppData\Local\Temp\ccUkkJTa.ltrans7.ltrans.o
 .data.es2      0x2000089c        0x4 C:\Users\srich\AppData\Local\Temp\ccUkkJTa.ltrans7.ltrans.o
 .data.sem1.lto_priv.109
                0x200008a0        0xc C:\Users\srich\AppData\Local\Temp\ccUkkJTa.ltrans8.ltrans.o
                0x200008a0                sem1.lto_priv.109
 .data.mb1.lto_priv.102
                0x200008ac       0x28 C:\Users\srich\AppData\Local\Temp\ccUkkJTa.ltrans8.ltrans.o
                0x200008ac                mb1.lto_priv.102
 .data.c1.lto_priv.103
                0x200008d4        0x8 C:\Users\srich\AppData\Local\Temp\ccUkkJTa.ltrans8.ltrans.o
                0x200008d4                c1.lto_priv.103
 *(.ramtext)
                0x200008dc                . = ALIGN (0x4)
                0x200008dc                PROVIDE (_edata, .)
                0x200008dc                _data_end = .

.igot.plt       0x200008dc        0x0 load address 0x08008b6c
 .igot.plt      0x00000000        0x0 build/obj/crt0_v7m.o

.bss            0x200008e0      0xf98 load address 0x08008b6c
                0x200008e0                . = ALIGN (0x4)
                0x200008e0                _bss_start = .
 *(.bss)
 *(.bss.*)
 .bss.tokp      0x200008e0        0x4 C:\Users\srich\AppData\Local\Temp\ccUkkJTa.ltrans2.ltrans.o
 .bss.test_global_fail
                0x200008e4        0x1 C:\Users\srich\AppData\Local\Temp\ccUkkJTa.ltrans2.ltrans.o
 .bss.local_fail
                0x200008e5        0x1 C:\Users\srich\AppData\Local\Temp\ccUkkJTa.ltrans2.ltrans.o
 *fill*         0x200008e6        0x2 
 .bss.chp       0x200008e8        0x4 C:\Users\srich\AppData\Local\Temp\ccUkkJTa.ltrans2.ltrans.o
 .bss.tokens_buffer
                0x200008ec       0x10 C:\Users\srich\AppData\Local\Temp\ccUkkJTa.ltrans2.ltrans.o
 .bss.failpoint
                0x200008fc        0x4 C:\Users\srich\AppData\Local\Temp\ccUkkJTa.ltrans2.ltrans.o
 .bss.vt2.6121  0x20000900       0x14 C:\Users\srich\AppData\Local\Temp\ccUkkJTa.ltrans4.ltrans.o
 .bss.vt1.6120  0x20000914       0x14 C:\Users\srich\AppData\Local\Temp\ccUkkJTa.ltrans4.ltrans.o
 .bss.mtx1      0x20000928       0x10 C:\Users\srich\AppData\Local\Temp\ccUkkJTa.ltrans4.ltrans.o
 .bss.iq.6110   0x20000938       0x24 C:\Users\srich\AppData\Local\Temp\ccUkkJTa.ltrans4.ltrans.o
 .bss.sem1      0x2000095c        0xc C:\Users\srich\AppData\Local\Temp\ccUkkJTa.ltrans4.ltrans.o
 .bss.threads   0x20000968       0x14 C:\Users\srich\AppData\Local\Temp\ccUkkJTa.ltrans4.ltrans.o
                0x20000968                threads
 .bss.ib.6109   0x2000097c       0x10 C:\Users\srich\AppData\Local\Temp\ccUkkJTa.ltrans4.ltrans.o
 .bss._stm32_dma_isr_redir
                0x2000098c       0x38 C:\Users\srich\AppData\Local\Temp\ccUkkJTa.ltrans5.ltrans.o
                0x2000098c                _stm32_dma_isr_redir
 *fill*         0x200009c4        0x4 
 .bss.default_heap.lto_priv.175
                0x200009c8       0x20 C:\Users\srich\AppData\Local\Temp\ccUkkJTa.ltrans5.ltrans.o
                0x200009c8                default_heap.lto_priv.175
 .bss.consoleThread
                0x200009e8        0x4 C:\Users\srich\AppData\Local\Temp\ccUkkJTa.ltrans5.ltrans.o
 .bss.CAND1     0x200009ec       0x30 C:\Users\srich\AppData\Local\Temp\ccUkkJTa.ltrans5.ltrans.o
                0x200009ec                CAND1
 .bss.nextmem.lto_priv.101
                0x20000a1c        0x4 C:\Users\srich\AppData\Local\Temp\ccUkkJTa.ltrans5.ltrans.o
                0x20000a1c                nextmem.lto_priv.101
 .bss.endmem.lto_priv.100
                0x20000a20        0x4 C:\Users\srich\AppData\Local\Temp\ccUkkJTa.ltrans5.ltrans.o
                0x20000a20                endmem.lto_priv.100
 .bss.shell_terminated
                0x20000a24        0x4 C:\Users\srich\AppData\Local\Temp\ccUkkJTa.ltrans5.ltrans.o
 .bss.waSampleThread
                0x20000a28      0x2c8 C:\Users\srich\AppData\Local\Temp\ccUkkJTa.ltrans5.ltrans.o
 .bss.dma_streams_mask
                0x20000cf0        0x4 C:\Users\srich\AppData\Local\Temp\ccUkkJTa.ltrans5.ltrans.o
 *fill*         0x20000cf4        0x4 
 .bss.heap1     0x20000cf8       0x20 C:\Users\srich\AppData\Local\Temp\ccUkkJTa.ltrans6.ltrans.o
 .bss.test_heap
                0x20000d18       0x20 C:\Users\srich\AppData\Local\Temp\ccUkkJTa.ltrans7.ltrans.o
 .bss.measValue
                0x20000d38       0x20 C:\Users\srich\AppData\Local\Temp\ccUkkJTa.ltrans8.ltrans.o
 .bss.SD1       0x20000d58      0x2b0 C:\Users\srich\AppData\Local\Temp\ccUkkJTa.ltrans8.ltrans.o
                0x20000d58                SD1
 .bss.test_timer_done
                0x20001008        0x1 C:\Users\srich\AppData\Local\Temp\ccUkkJTa.ltrans8.ltrans.o
                0x20001008                test_timer_done
 *fill*         0x20001009        0x3 
 .bss.ADCD1     0x2000100c       0x34 C:\Users\srich\AppData\Local\Temp\ccUkkJTa.ltrans8.ltrans.o
                0x2000100c                ADCD1
 .bss.ch        0x20001040      0x150 C:\Users\srich\AppData\Local\Temp\ccUkkJTa.ltrans8.ltrans.o
                0x20001040                ch
 .bss.mp1.lto_priv.98
                0x20001190        0xc C:\Users\srich\AppData\Local\Temp\ccUkkJTa.ltrans8.ltrans.o
                0x20001190                mp1.lto_priv.98
 .bss.vt        0x2000119c       0x14 C:\Users\srich\AppData\Local\Temp\ccUkkJTa.ltrans8.ltrans.o
 .bss.samples   0x200011b0       0x60 C:\Users\srich\AppData\Local\Temp\ccUkkJTa.ltrans8.ltrans.o
 .bss.test      0x20001210      0x668 C:\Users\srich\AppData\Local\Temp\ccUkkJTa.ltrans8.ltrans.o
                0x20001210                test
 *(COMMON)
                0x20001878                . = ALIGN (0x4)
                0x20001878                _bss_end = .
                0x20001878                PROVIDE (end, .)

.ram0_init      0x20001878        0x0 load address 0x08008b6c
                0x20001878                . = ALIGN (0x4)
                0x08008b6c                __ram0_init_text__ = LOADADDR (.ram0_init)
                0x20001878                __ram0_init__ = .
 *(.ram0_init)
 *(.ram0_init.*)
                0x20001878                . = ALIGN (0x4)

.ram0           0x20001878        0x0 load address 0x08008b6c
                0x20001878                . = ALIGN (0x4)
                0x20001878                __ram0_clear__ = .
 *(.ram0_clear)
 *(.ram0_clear.*)
                0x20001878                . = ALIGN (0x4)
                0x20001878                __ram0_noinit__ = .
 *(.ram0)
 *(.ram0.*)
                0x20001878                . = ALIGN (0x4)
                0x20001878                __ram0_free__ = .

.ram1_init      0x00000000        0x0 load address 0x08008b6c
                0x00000000                . = ALIGN (0x4)
                0x08008b6c                __ram1_init_text__ = LOADADDR (.ram1_init)
                0x00000000                __ram1_init__ = .
 *(.ram1_init)
 *(.ram1_init.*)
                0x00000000                . = ALIGN (0x4)

.ram1           0x00000000        0x0 load address 0x08008b6c
                0x00000000                . = ALIGN (0x4)
                0x00000000                __ram1_clear__ = .
 *(.ram1_clear)
 *(.ram1_clear.*)
                0x00000000                . = ALIGN (0x4)
                0x00000000                __ram1_noinit__ = .
 *(.ram1)
 *(.ram1.*)
                0x00000000                . = ALIGN (0x4)
                0x00000000                __ram1_free__ = .

.ram2_init      0x00000000        0x0 load address 0x08008b6c
                0x00000000                . = ALIGN (0x4)
                0x08008b6c                __ram2_init_text__ = LOADADDR (.ram2_init)
                0x00000000                __ram2_init__ = .
 *(.ram2_init)
 *(.ram2_init.*)
                0x00000000                . = ALIGN (0x4)

.ram2           0x00000000        0x0 load address 0x08008b6c
                0x00000000                . = ALIGN (0x4)
                0x00000000                __ram2_clear__ = .
 *(.ram2_clear)
 *(.ram2_clear.*)
                0x00000000                . = ALIGN (0x4)
                0x00000000                __ram2_noinit__ = .
 *(.ram2)
 *(.ram2.*)
                0x00000000                . = ALIGN (0x4)
                0x00000000                __ram2_free__ = .

.ram3_init      0x00000000        0x0 load address 0x08008b6c
                0x00000000                . = ALIGN (0x4)
                0x08008b6c                __ram3_init_text__ = LOADADDR (.ram3_init)
                0x00000000                __ram3_init__ = .
 *(.ram3_init)
 *(.ram3_init.*)
                0x00000000                . = ALIGN (0x4)

.ram3           0x00000000        0x0 load address 0x08008b6c
                0x00000000                . = ALIGN (0x4)
                0x00000000                __ram3_clear__ = .
 *(.ram3_clear)
 *(.ram3_clear.*)
                0x00000000                . = ALIGN (0x4)
                0x00000000                __ram3_noinit__ = .
 *(.ram3)
 *(.ram3.*)
                0x00000000                . = ALIGN (0x4)
                0x00000000                __ram3_free__ = .

.ram4_init      0x00000000        0x0 load address 0x08008b6c
                0x00000000                . = ALIGN (0x4)
                0x08008b6c                __ram4_init_text__ = LOADADDR (.ram4_init)
                0x00000000                __ram4_init__ = .
 *(.ram4_init)
 *(.ram4_init.*)
                0x00000000                . = ALIGN (0x4)

.ram4           0x00000000        0x0 load address 0x08008b6c
                0x00000000                . = ALIGN (0x4)
                0x00000000                __ram4_clear__ = .
 *(.ram4_clear)
 *(.ram4_clear.*)
                0x00000000                . = ALIGN (0x4)
                0x00000000                __ram4_noinit__ = .
 *(.ram4)
 *(.ram4.*)
                0x00000000                . = ALIGN (0x4)
                0x00000000                __ram4_free__ = .

.ram5_init      0x00000000        0x0 load address 0x08008b6c
                0x00000000                . = ALIGN (0x4)
                0x08008b6c                __ram5_init_text__ = LOADADDR (.ram5_init)
                0x00000000                __ram5_init__ = .
 *(.ram5_init)
 *(.ram5_init.*)
                0x00000000                . = ALIGN (0x4)

.ram5           0x00000000        0x0 load address 0x08008b6c
                0x00000000                . = ALIGN (0x4)
                0x00000000                __ram5_clear__ = .
 *(.ram5_clear)
 *(.ram5_clear.*)
                0x00000000                . = ALIGN (0x4)
                0x00000000                __ram5_noinit__ = .
 *(.ram5)
 *(.ram5.*)
                0x00000000                . = ALIGN (0x4)
                0x00000000                __ram5_free__ = .

.ram6_init      0x00000000        0x0 load address 0x08008b6c
                0x00000000                . = ALIGN (0x4)
                0x08008b6c                __ram6_init_text__ = LOADADDR (.ram6_init)
                0x00000000                __ram6_init__ = .
 *(.ram6_init)
 *(.ram6_init.*)
                0x00000000                . = ALIGN (0x4)

.ram6           0x00000000        0x0 load address 0x08008b6c
                0x00000000                . = ALIGN (0x4)
                0x00000000                __ram6_clear__ = .
 *(.ram6_clear)
 *(.ram6_clear.*)
                0x00000000                . = ALIGN (0x4)
                0x00000000                __ram6_noinit__ = .
 *(.ram6)
 *(.ram6.*)
                0x00000000                . = ALIGN (0x4)
                0x00000000                __ram6_free__ = .

.ram7_init      0x00000000        0x0 load address 0x08008b6c
                0x00000000                . = ALIGN (0x4)
                0x08008b6c                __ram7_init_text__ = LOADADDR (.ram7_init)
                0x00000000                __ram7_init__ = .
 *(.ram7_init)
 *(.ram7_init.*)
                0x00000000                . = ALIGN (0x4)

.ram7           0x00000000        0x0 load address 0x08008b6c
                0x00000000                . = ALIGN (0x4)
                0x00000000                __ram7_clear__ = .
 *(.ram7_clear)
 *(.ram7_clear.*)
                0x00000000                . = ALIGN (0x4)
                0x00000000                __ram7_noinit__ = .
 *(.ram7)
 *(.ram7.*)
                0x00000000                . = ALIGN (0x4)
                0x00000000                __ram7_free__ = .

.heap           0x20001878     0x3788
                0x20001878                . = ALIGN (0x8)
                0x20001878                __heap_base__ = .
                0x20005000                . = (ORIGIN (HEAP_RAM) + 0x5000)
 *fill*         0x20001878     0x3788 
                0x20005000                __heap_end__ = .
                0x00000400                __process_stack_size__ = 0x400
                0x00000400                __main_stack_size__ = 0x400
START GROUP
LOAD c:/chibistudio/tools/gnu tools arm embedded/4.9 2015q3/bin/../lib/gcc/arm-none-eabi/4.9.3/armv7-m\libgcc.a
LOAD c:/chibistudio/tools/gnu tools arm embedded/4.9 2015q3/bin/../lib/gcc/arm-none-eabi/4.9.3/../../../../arm-none-eabi/lib/armv7-m\libg.a
LOAD c:/chibistudio/tools/gnu tools arm embedded/4.9 2015q3/bin/../lib/gcc/arm-none-eabi/4.9.3/../../../../arm-none-eabi/lib/armv7-m\libc.a
END GROUP
OUTPUT(build/CCLFirmWire.elf elf32-littlearm)

.ARM.attributes
                0x00000000       0x2f
 .ARM.attributes
                0x00000000       0x21 build/obj/crt0_v7m.o
 .ARM.attributes
                0x00000021       0x21 build/obj/chcoreasm_v7m.o
 .ARM.attributes
                0x00000042       0x31 C:\Users\srich\AppData\Local\Temp\ccUkkJTa.ltrans0.ltrans.o
 .ARM.attributes
                0x00000073       0x31 C:\Users\srich\AppData\Local\Temp\ccUkkJTa.ltrans1.ltrans.o
 .ARM.attributes
                0x000000a4       0x31 C:\Users\srich\AppData\Local\Temp\ccUkkJTa.ltrans2.ltrans.o
 .ARM.attributes
                0x000000d5       0x31 C:\Users\srich\AppData\Local\Temp\ccUkkJTa.ltrans3.ltrans.o
 .ARM.attributes
                0x00000106       0x31 C:\Users\srich\AppData\Local\Temp\ccUkkJTa.ltrans4.ltrans.o
 .ARM.attributes
                0x00000137       0x31 C:\Users\srich\AppData\Local\Temp\ccUkkJTa.ltrans5.ltrans.o
 .ARM.attributes
                0x00000168       0x31 C:\Users\srich\AppData\Local\Temp\ccUkkJTa.ltrans6.ltrans.o
 .ARM.attributes
                0x00000199       0x31 C:\Users\srich\AppData\Local\Temp\ccUkkJTa.ltrans7.ltrans.o
 .ARM.attributes
                0x000001ca       0x31 C:\Users\srich\AppData\Local\Temp\ccUkkJTa.ltrans8.ltrans.o
 .ARM.attributes
                0x000001fb       0x1d c:/chibistudio/tools/gnu tools arm embedded/4.9 2015q3/bin/../lib/gcc/arm-none-eabi/4.9.3/armv7-m\libgcc.a(_arm_addsubdf3.o)
 .ARM.attributes
                0x00000218       0x1d c:/chibistudio/tools/gnu tools arm embedded/4.9 2015q3/bin/../lib/gcc/arm-none-eabi/4.9.3/armv7-m\libgcc.a(_arm_muldivdf3.o)
 .ARM.attributes
                0x00000235       0x1d c:/chibistudio/tools/gnu tools arm embedded/4.9 2015q3/bin/../lib/gcc/arm-none-eabi/4.9.3/armv7-m\libgcc.a(_arm_fixdfsi.o)
 .ARM.attributes
                0x00000252       0x1b c:/chibistudio/tools/gnu tools arm embedded/4.9 2015q3/bin/../lib/gcc/arm-none-eabi/4.9.3/../../../../arm-none-eabi/lib/armv7-m\libg.a(lib_a-strcmp.o)
 .ARM.attributes
                0x0000026d       0x2d c:/chibistudio/tools/gnu tools arm embedded/4.9 2015q3/bin/../lib/gcc/arm-none-eabi/4.9.3/../../../../arm-none-eabi/lib/armv7-m\libg.a(lib_a-strpbrk.o)
 .ARM.attributes
                0x0000029a       0x2d c:/chibistudio/tools/gnu tools arm embedded/4.9 2015q3/bin/../lib/gcc/arm-none-eabi/4.9.3/../../../../arm-none-eabi/lib/armv7-m\libg.a(lib_a-strspn.o)

.comment        0x00000000       0x70
 .comment       0x00000000       0x70 C:\Users\srich\AppData\Local\Temp\ccUkkJTa.ltrans0.ltrans.o
                                 0x71 (size before relaxing)
 .comment       0x00000000       0x71 C:\Users\srich\AppData\Local\Temp\ccUkkJTa.ltrans1.ltrans.o
 .comment       0x00000000       0x71 C:\Users\srich\AppData\Local\Temp\ccUkkJTa.ltrans2.ltrans.o
 .comment       0x00000000       0x71 C:\Users\srich\AppData\Local\Temp\ccUkkJTa.ltrans3.ltrans.o
 .comment       0x00000000       0x71 C:\Users\srich\AppData\Local\Temp\ccUkkJTa.ltrans4.ltrans.o
 .comment       0x00000000       0x71 C:\Users\srich\AppData\Local\Temp\ccUkkJTa.ltrans5.ltrans.o
 .comment       0x00000000       0x71 C:\Users\srich\AppData\Local\Temp\ccUkkJTa.ltrans6.ltrans.o
 .comment       0x00000000       0x71 C:\Users\srich\AppData\Local\Temp\ccUkkJTa.ltrans7.ltrans.o
 .comment       0x00000000       0x71 C:\Users\srich\AppData\Local\Temp\ccUkkJTa.ltrans8.ltrans.o

.debug_info     0x00000000    0x1f1f7
 .debug_info    0x00000000     0x488a C:\Users\srich\AppData\Local\Temp\ccUkkJTa.ltrans0.ltrans.o
 .debug_info    0x0000488a     0x33e7 C:\Users\srich\AppData\Local\Temp\ccUkkJTa.ltrans1.ltrans.o
 .debug_info    0x00007c71     0x4252 C:\Users\srich\AppData\Local\Temp\ccUkkJTa.ltrans2.ltrans.o
 .debug_info    0x0000bec3     0x3469 C:\Users\srich\AppData\Local\Temp\ccUkkJTa.ltrans3.ltrans.o
 .debug_info    0x0000f32c     0x381b C:\Users\srich\AppData\Local\Temp\ccUkkJTa.ltrans4.ltrans.o
 .debug_info    0x00012b47     0x391f C:\Users\srich\AppData\Local\Temp\ccUkkJTa.ltrans5.ltrans.o
 .debug_info    0x00016466     0x2dea C:\Users\srich\AppData\Local\Temp\ccUkkJTa.ltrans6.ltrans.o
 .debug_info    0x00019250     0x29eb C:\Users\srich\AppData\Local\Temp\ccUkkJTa.ltrans7.ltrans.o
 .debug_info    0x0001bc3b     0x35bc C:\Users\srich\AppData\Local\Temp\ccUkkJTa.ltrans8.ltrans.o

.debug_abbrev   0x00000000     0x33d7
 .debug_abbrev  0x00000000      0x665 C:\Users\srich\AppData\Local\Temp\ccUkkJTa.ltrans0.ltrans.o
 .debug_abbrev  0x00000665      0x505 C:\Users\srich\AppData\Local\Temp\ccUkkJTa.ltrans1.ltrans.o
 .debug_abbrev  0x00000b6a      0x748 C:\Users\srich\AppData\Local\Temp\ccUkkJTa.ltrans2.ltrans.o
 .debug_abbrev  0x000012b2      0x4db C:\Users\srich\AppData\Local\Temp\ccUkkJTa.ltrans3.ltrans.o
 .debug_abbrev  0x0000178d      0x65d C:\Users\srich\AppData\Local\Temp\ccUkkJTa.ltrans4.ltrans.o
 .debug_abbrev  0x00001dea      0x5c4 C:\Users\srich\AppData\Local\Temp\ccUkkJTa.ltrans5.ltrans.o
 .debug_abbrev  0x000023ae      0x4b5 C:\Users\srich\AppData\Local\Temp\ccUkkJTa.ltrans6.ltrans.o
 .debug_abbrev  0x00002863      0x52d C:\Users\srich\AppData\Local\Temp\ccUkkJTa.ltrans7.ltrans.o
 .debug_abbrev  0x00002d90      0x647 C:\Users\srich\AppData\Local\Temp\ccUkkJTa.ltrans8.ltrans.o

.debug_loc      0x00000000     0x7db1
 .debug_loc     0x00000000     0x246c C:\Users\srich\AppData\Local\Temp\ccUkkJTa.ltrans0.ltrans.o
 .debug_loc     0x0000246c      0x6ed C:\Users\srich\AppData\Local\Temp\ccUkkJTa.ltrans1.ltrans.o
 .debug_loc     0x00002b59     0x1487 C:\Users\srich\AppData\Local\Temp\ccUkkJTa.ltrans2.ltrans.o
 .debug_loc     0x00003fe0      0xad8 C:\Users\srich\AppData\Local\Temp\ccUkkJTa.ltrans3.ltrans.o
 .debug_loc     0x00004ab8      0xd15 C:\Users\srich\AppData\Local\Temp\ccUkkJTa.ltrans4.ltrans.o
 .debug_loc     0x000057cd      0x9dc C:\Users\srich\AppData\Local\Temp\ccUkkJTa.ltrans5.ltrans.o
 .debug_loc     0x000061a9      0x8cd C:\Users\srich\AppData\Local\Temp\ccUkkJTa.ltrans6.ltrans.o
 .debug_loc     0x00006a76      0x723 C:\Users\srich\AppData\Local\Temp\ccUkkJTa.ltrans7.ltrans.o
 .debug_loc     0x00007199      0xc18 C:\Users\srich\AppData\Local\Temp\ccUkkJTa.ltrans8.ltrans.o

.debug_aranges  0x00000000      0x7c8
 .debug_aranges
                0x00000000      0x200 C:\Users\srich\AppData\Local\Temp\ccUkkJTa.ltrans0.ltrans.o
 .debug_aranges
                0x00000200       0xd8 C:\Users\srich\AppData\Local\Temp\ccUkkJTa.ltrans1.ltrans.o
 .debug_aranges
                0x000002d8      0x140 C:\Users\srich\AppData\Local\Temp\ccUkkJTa.ltrans2.ltrans.o
 .debug_aranges
                0x00000418       0x88 C:\Users\srich\AppData\Local\Temp\ccUkkJTa.ltrans3.ltrans.o
 .debug_aranges
                0x000004a0       0xf8 C:\Users\srich\AppData\Local\Temp\ccUkkJTa.ltrans4.ltrans.o
 .debug_aranges
                0x00000598       0x48 C:\Users\srich\AppData\Local\Temp\ccUkkJTa.ltrans5.ltrans.o
 .debug_aranges
                0x000005e0       0x98 C:\Users\srich\AppData\Local\Temp\ccUkkJTa.ltrans6.ltrans.o
 .debug_aranges
                0x00000678       0x90 C:\Users\srich\AppData\Local\Temp\ccUkkJTa.ltrans7.ltrans.o
 .debug_aranges
                0x00000708       0xc0 C:\Users\srich\AppData\Local\Temp\ccUkkJTa.ltrans8.ltrans.o

.debug_ranges   0x00000000     0x3158
 .debug_ranges  0x00000000      0x9e8 C:\Users\srich\AppData\Local\Temp\ccUkkJTa.ltrans0.ltrans.o
 .debug_ranges  0x000009e8      0x4e0 C:\Users\srich\AppData\Local\Temp\ccUkkJTa.ltrans1.ltrans.o
 .debug_ranges  0x00000ec8      0x510 C:\Users\srich\AppData\Local\Temp\ccUkkJTa.ltrans2.ltrans.o
 .debug_ranges  0x000013d8      0x500 C:\Users\srich\AppData\Local\Temp\ccUkkJTa.ltrans3.ltrans.o
 .debug_ranges  0x000018d8      0x3a0 C:\Users\srich\AppData\Local\Temp\ccUkkJTa.ltrans4.ltrans.o
 .debug_ranges  0x00001c78      0x958 C:\Users\srich\AppData\Local\Temp\ccUkkJTa.ltrans5.ltrans.o
 .debug_ranges  0x000025d0      0x400 C:\Users\srich\AppData\Local\Temp\ccUkkJTa.ltrans6.ltrans.o
 .debug_ranges  0x000029d0      0x2a0 C:\Users\srich\AppData\Local\Temp\ccUkkJTa.ltrans7.ltrans.o
 .debug_ranges  0x00002c70      0x4e8 C:\Users\srich\AppData\Local\Temp\ccUkkJTa.ltrans8.ltrans.o

.debug_line     0x00000000     0x770d
 .debug_line    0x00000000     0x1534 C:\Users\srich\AppData\Local\Temp\ccUkkJTa.ltrans0.ltrans.o
 .debug_line    0x00001534      0xc69 C:\Users\srich\AppData\Local\Temp\ccUkkJTa.ltrans1.ltrans.o
 .debug_line    0x0000219d      0xffe C:\Users\srich\AppData\Local\Temp\ccUkkJTa.ltrans2.ltrans.o
 .debug_line    0x0000319b      0x9ee C:\Users\srich\AppData\Local\Temp\ccUkkJTa.ltrans3.ltrans.o
 .debug_line    0x00003b89      0xb58 C:\Users\srich\AppData\Local\Temp\ccUkkJTa.ltrans4.ltrans.o
 .debug_line    0x000046e1     0x1018 C:\Users\srich\AppData\Local\Temp\ccUkkJTa.ltrans5.ltrans.o
 .debug_line    0x000056f9      0x99e C:\Users\srich\AppData\Local\Temp\ccUkkJTa.ltrans6.ltrans.o
 .debug_line    0x00006097      0x87d C:\Users\srich\AppData\Local\Temp\ccUkkJTa.ltrans7.ltrans.o
 .debug_line    0x00006914      0xdf9 C:\Users\srich\AppData\Local\Temp\ccUkkJTa.ltrans8.ltrans.o

.debug_str      0x00000000     0x3bbb
 .debug_str     0x00000000      0xecd C:\Users\srich\AppData\Local\Temp\ccUkkJTa.ltrans0.ltrans.o
                                0xf84 (size before relaxing)
 .debug_str     0x00000ecd      0x492 C:\Users\srich\AppData\Local\Temp\ccUkkJTa.ltrans1.ltrans.o
                                0x9d0 (size before relaxing)
 .debug_str     0x0000135f      0xba0 C:\Users\srich\AppData\Local\Temp\ccUkkJTa.ltrans2.ltrans.o
                               0x1365 (size before relaxing)
 .debug_str     0x00001eff      0x496 C:\Users\srich\AppData\Local\Temp\ccUkkJTa.ltrans3.ltrans.o
                                0xa6b (size before relaxing)
 .debug_str     0x00002395      0x58b C:\Users\srich\AppData\Local\Temp\ccUkkJTa.ltrans4.ltrans.o